Command: /home/xz974/UVM_Learning/UVM_Learning/ALU/sim/./simv +UVM_TESTNAME=alu_test -l run.log
Chronologic VCS simulator copyright 1991-2023
Contains Synopsys proprietary information.
Compiler version V-2023.12-SP2-1_Full64; Runtime version V-2023.12-SP2-1_Full64;  Apr 30 01:13 2026
----------------------------------------------------------------
UVM-1.1d.Synopsys
(C) 2007-2013 Mentor Graphics Corporation
(C) 2007-2013 Cadence Design Systems, Inc.
(C) 2006-2013 Synopsys, Inc.
(C) 2011-2013 Cypress Semiconductor Corp.
----------------------------------------------------------------

  ***********       IMPORTANT RELEASE NOTES         ************

  You are using a version of the UVM library that has been compiled
  with `UVM_NO_DEPRECATED undefined.
  See http://www.eda.org/svdb/view.php?id=3313 for more details.

  You are using a version of the UVM library that has been compiled
  with `UVM_OBJECT_MUST_HAVE_CONSTRUCTOR undefined.
  See http://www.eda.org/svdb/view.php?id=3770 for more details.

      (Specify +UVM_NO_RELNOTES to turn off this notice)

UVM_INFO @ 0: reporter [RNTST] Running test alu_test...
UVM_INFO ../tb/agent/alu_driver.sv(35) @ 5000: uvm_test_top.env.agent.driver [ALU_DRV] Drive item: a=0x5 b=0x63 op=ALU_OR
UVM_INFO ../tb/seq/alu_sequence.sv(29) @ 5000: uvm_test_top.env.agent.sequencer@@seq [ALU_SEQ] Generated item: a=0x5 b=0x63 op=ALU_OR
UVM_INFO ../tb/agent/alu_monitor.sv(81) @ 5001: uvm_test_top.env.agent.monitor [ALU_MON] Sample item: a=0x5 b=0x63 op=ALU_OR out=0x67
UVM_INFO ../tb/env/alu_scoreboard.sv(55) @ 5001: uvm_test_top.env.scb [ALU_SCB] PASS: a=0x5 b=0x63 op=ALU_OR expected=0x67 actual=0x67
UVM_INFO ../tb/agent/alu_driver.sv(35) @ 15000: uvm_test_top.env.agent.driver [ALU_DRV] Drive item: a=0xe6 b=0x72 op=ALU_ADD
UVM_INFO ../tb/seq/alu_sequence.sv(29) @ 15000: uvm_test_top.env.agent.sequencer@@seq [ALU_SEQ] Generated item: a=0xe6 b=0x72 op=ALU_ADD
UVM_INFO ../tb/agent/alu_monitor.sv(81) @ 15001: uvm_test_top.env.agent.monitor [ALU_MON] Sample item: a=0xe6 b=0x72 op=ALU_ADD out=0x58
UVM_INFO ../tb/env/alu_scoreboard.sv(55) @ 15001: uvm_test_top.env.scb [ALU_SCB] PASS: a=0xe6 b=0x72 op=ALU_ADD expected=0x58 actual=0x58
UVM_INFO ../tb/agent/alu_driver.sv(35) @ 25000: uvm_test_top.env.agent.driver [ALU_DRV] Drive item: a=0xc2 b=0x2d op=ALU_AND
UVM_INFO ../tb/seq/alu_sequence.sv(29) @ 25000: uvm_test_top.env.agent.sequencer@@seq [ALU_SEQ] Generated item: a=0xc2 b=0x2d op=ALU_AND
UVM_INFO ../tb/agent/alu_monitor.sv(81) @ 25001: uvm_test_top.env.agent.monitor [ALU_MON] Sample item: a=0xc2 b=0x2d op=ALU_AND out=0x0
UVM_INFO ../tb/env/alu_scoreboard.sv(55) @ 25001: uvm_test_top.env.scb [ALU_SCB] PASS: a=0xc2 b=0x2d op=ALU_AND expected=0x0 actual=0x0
UVM_INFO ../tb/agent/alu_driver.sv(35) @ 35000: uvm_test_top.env.agent.driver [ALU_DRV] Drive item: a=0xb6 b=0x37 op=ALU_XOR
UVM_INFO ../tb/seq/alu_sequence.sv(29) @ 35000: uvm_test_top.env.agent.sequencer@@seq [ALU_SEQ] Generated item: a=0xb6 b=0x37 op=ALU_XOR
UVM_INFO ../tb/agent/alu_monitor.sv(81) @ 35001: uvm_test_top.env.agent.monitor [ALU_MON] Sample item: a=0xb6 b=0x37 op=ALU_XOR out=0x81
UVM_INFO ../tb/env/alu_scoreboard.sv(55) @ 35001: uvm_test_top.env.scb [ALU_SCB] PASS: a=0xb6 b=0x37 op=ALU_XOR expected=0x81 actual=0x81
UVM_INFO ../tb/agent/alu_driver.sv(35) @ 45000: uvm_test_top.env.agent.driver [ALU_DRV] Drive item: a=0xb9 b=0x72 op=ALU_AND
UVM_INFO ../tb/seq/alu_sequence.sv(29) @ 45000: uvm_test_top.env.agent.sequencer@@seq [ALU_SEQ] Generated item: a=0xb9 b=0x72 op=ALU_AND
UVM_INFO ../tb/agent/alu_monitor.sv(81) @ 45001: uvm_test_top.env.agent.monitor [ALU_MON] Sample item: a=0xb9 b=0x72 op=ALU_AND out=0x30
UVM_INFO ../tb/env/alu_scoreboard.sv(55) @ 45001: uvm_test_top.env.scb [ALU_SCB] PASS: a=0xb9 b=0x72 op=ALU_AND expected=0x30 actual=0x30
UVM_INFO ../tb/agent/alu_driver.sv(35) @ 55000: uvm_test_top.env.agent.driver [ALU_DRV] Drive item: a=0x92 b=0x99 op=ALU_AND
UVM_INFO ../tb/seq/alu_sequence.sv(29) @ 55000: uvm_test_top.env.agent.sequencer@@seq [ALU_SEQ] Generated item: a=0x92 b=0x99 op=ALU_AND
UVM_INFO ../tb/agent/alu_monitor.sv(81) @ 55001: uvm_test_top.env.agent.monitor [ALU_MON] Sample item: a=0x92 b=0x99 op=ALU_AND out=0x90
UVM_INFO ../tb/env/alu_scoreboard.sv(55) @ 55001: uvm_test_top.env.scb [ALU_SCB] PASS: a=0x92 b=0x99 op=ALU_AND expected=0x90 actual=0x90
UVM_INFO ../tb/agent/alu_driver.sv(35) @ 65000: uvm_test_top.env.agent.driver [ALU_DRV] Drive item: a=0x5 b=0x2e op=ALU_SRL
UVM_INFO ../tb/seq/alu_sequence.sv(29) @ 65000: uvm_test_top.env.agent.sequencer@@seq [ALU_SEQ] Generated item: a=0x5 b=0x2e op=ALU_SRL
UVM_INFO ../tb/agent/alu_monitor.sv(81) @ 65001: uvm_test_top.env.agent.monitor [ALU_MON] Sample item: a=0x5 b=0x2e op=ALU_SRL out=0x0
UVM_INFO ../tb/env/alu_scoreboard.sv(55) @ 65001: uvm_test_top.env.scb [ALU_SCB] PASS: a=0x5 b=0x2e op=ALU_SRL expected=0x0 actual=0x0
UVM_INFO ../tb/agent/alu_driver.sv(35) @ 75000: uvm_test_top.env.agent.driver [ALU_DRV] Drive item: a=0xac b=0xef op=ALU_SLT
UVM_INFO ../tb/seq/alu_sequence.sv(29) @ 75000: uvm_test_top.env.agent.sequencer@@seq [ALU_SEQ] Generated item: a=0xac b=0xef op=ALU_SLT
UVM_INFO ../tb/agent/alu_monitor.sv(81) @ 75001: uvm_test_top.env.agent.monitor [ALU_MON] Sample item: a=0xac b=0xef op=ALU_SLT out=0x1
UVM_INFO ../tb/env/alu_scoreboard.sv(55) @ 75001: uvm_test_top.env.scb [ALU_SCB] PASS: a=0xac b=0xef op=ALU_SLT expected=0x1 actual=0x1
UVM_INFO ../tb/agent/alu_driver.sv(35) @ 85000: uvm_test_top.env.agent.driver [ALU_DRV] Drive item: a=0xb0 b=0xa6 op=ALU_SLL
UVM_INFO ../tb/seq/alu_sequence.sv(29) @ 85000: uvm_test_top.env.agent.sequencer@@seq [ALU_SEQ] Generated item: a=0xb0 b=0xa6 op=ALU_SLL
UVM_INFO ../tb/agent/alu_monitor.sv(81) @ 85001: uvm_test_top.env.agent.monitor [ALU_MON] Sample item: a=0xb0 b=0xa6 op=ALU_SLL out=0x0
UVM_INFO ../tb/env/alu_scoreboard.sv(55) @ 85001: uvm_test_top.env.scb [ALU_SCB] PASS: a=0xb0 b=0xa6 op=ALU_SLL expected=0x0 actual=0x0
UVM_INFO ../tb/agent/alu_driver.sv(35) @ 95000: uvm_test_top.env.agent.driver [ALU_DRV] Drive item: a=0x23 b=0xa5 op=ALU_SUB
UVM_INFO ../tb/seq/alu_sequence.sv(29) @ 95000: uvm_test_top.env.agent.sequencer@@seq [ALU_SEQ] Generated item: a=0x23 b=0xa5 op=ALU_SUB
UVM_INFO ../tb/agent/alu_monitor.sv(81) @ 95001: uvm_test_top.env.agent.monitor [ALU_MON] Sample item: a=0x23 b=0xa5 op=ALU_SUB out=0x7e
UVM_INFO ../tb/env/alu_scoreboard.sv(55) @ 95001: uvm_test_top.env.scb [ALU_SCB] PASS: a=0x23 b=0xa5 op=ALU_SUB expected=0x7e actual=0x7e
UVM_INFO ../tb/agent/alu_driver.sv(35) @ 105000: uvm_test_top.env.agent.driver [ALU_DRV] Drive item: a=0x6 b=0x35 op=ALU_ADD
UVM_INFO ../tb/seq/alu_sequence.sv(29) @ 105000: uvm_test_top.env.agent.sequencer@@seq [ALU_SEQ] Generated item: a=0x6 b=0x35 op=ALU_ADD
UVM_INFO ../tb/agent/alu_monitor.sv(81) @ 105001: uvm_test_top.env.agent.monitor [ALU_MON] Sample item: a=0x6 b=0x35 op=ALU_ADD out=0x3b
UVM_INFO ../tb/env/alu_scoreboard.sv(55) @ 105001: uvm_test_top.env.scb [ALU_SCB] PASS: a=0x6 b=0x35 op=ALU_ADD expected=0x3b actual=0x3b
UVM_INFO ../tb/agent/alu_driver.sv(35) @ 115000: uvm_test_top.env.agent.driver [ALU_DRV] Drive item: a=0x65 b=0x8e op=ALU_AND
UVM_INFO ../tb/seq/alu_sequence.sv(29) @ 115000: uvm_test_top.env.agent.sequencer@@seq [ALU_SEQ] Generated item: a=0x65 b=0x8e op=ALU_AND
UVM_INFO ../tb/agent/alu_monitor.sv(81) @ 115001: uvm_test_top.env.agent.monitor [ALU_MON] Sample item: a=0x65 b=0x8e op=ALU_AND out=0x4
UVM_INFO ../tb/env/alu_scoreboard.sv(55) @ 115001: uvm_test_top.env.scb [ALU_SCB] PASS: a=0x65 b=0x8e op=ALU_AND expected=0x4 actual=0x4
UVM_INFO ../tb/agent/alu_driver.sv(35) @ 125000: uvm_test_top.env.agent.driver [ALU_DRV] Drive item: a=0xc2 b=0xf2 op=ALU_XOR
UVM_INFO ../tb/seq/alu_sequence.sv(29) @ 125000: uvm_test_top.env.agent.sequencer@@seq [ALU_SEQ] Generated item: a=0xc2 b=0xf2 op=ALU_XOR
UVM_INFO ../tb/agent/alu_monitor.sv(81) @ 125001: uvm_test_top.env.agent.monitor [ALU_MON] Sample item: a=0xc2 b=0xf2 op=ALU_XOR out=0x30
UVM_INFO ../tb/env/alu_scoreboard.sv(55) @ 125001: uvm_test_top.env.scb [ALU_SCB] PASS: a=0xc2 b=0xf2 op=ALU_XOR expected=0x30 actual=0x30
UVM_INFO ../tb/agent/alu_driver.sv(35) @ 135000: uvm_test_top.env.agent.driver [ALU_DRV] Drive item: a=0x13 b=0x3d op=ALU_OR
UVM_INFO ../tb/seq/alu_sequence.sv(29) @ 135000: uvm_test_top.env.agent.sequencer@@seq [ALU_SEQ] Generated item: a=0x13 b=0x3d op=ALU_OR
UVM_INFO ../tb/agent/alu_monitor.sv(81) @ 135001: uvm_test_top.env.agent.monitor [ALU_MON] Sample item: a=0x13 b=0x3d op=ALU_OR out=0x3f
UVM_INFO ../tb/env/alu_scoreboard.sv(55) @ 135001: uvm_test_top.env.scb [ALU_SCB] PASS: a=0x13 b=0x3d op=ALU_OR expected=0x3f actual=0x3f
UVM_INFO ../tb/agent/alu_driver.sv(35) @ 145000: uvm_test_top.env.agent.driver [ALU_DRV] Drive item: a=0xf8 b=0x65 op=ALU_ADD
UVM_INFO ../tb/seq/alu_sequence.sv(29) @ 145000: uvm_test_top.env.agent.sequencer@@seq [ALU_SEQ] Generated item: a=0xf8 b=0x65 op=ALU_ADD
UVM_INFO ../tb/agent/alu_monitor.sv(81) @ 145001: uvm_test_top.env.agent.monitor [ALU_MON] Sample item: a=0xf8 b=0x65 op=ALU_ADD out=0x5d
UVM_INFO ../tb/env/alu_scoreboard.sv(55) @ 145001: uvm_test_top.env.scb [ALU_SCB] PASS: a=0xf8 b=0x65 op=ALU_ADD expected=0x5d actual=0x5d
UVM_INFO ../tb/agent/alu_driver.sv(35) @ 155000: uvm_test_top.env.agent.driver [ALU_DRV] Drive item: a=0x2a b=0x7 op=ALU_SLL
UVM_INFO ../tb/seq/alu_sequence.sv(29) @ 155000: uvm_test_top.env.agent.sequencer@@seq [ALU_SEQ] Generated item: a=0x2a b=0x7 op=ALU_SLL
UVM_INFO ../tb/agent/alu_monitor.sv(81) @ 155001: uvm_test_top.env.agent.monitor [ALU_MON] Sample item: a=0x2a b=0x7 op=ALU_SLL out=0x0
UVM_INFO ../tb/env/alu_scoreboard.sv(55) @ 155001: uvm_test_top.env.scb [ALU_SCB] PASS: a=0x2a b=0x7 op=ALU_SLL expected=0x0 actual=0x0
UVM_INFO ../tb/agent/alu_driver.sv(35) @ 165000: uvm_test_top.env.agent.driver [ALU_DRV] Drive item: a=0xe9 b=0x30 op=ALU_SLT
UVM_INFO ../tb/seq/alu_sequence.sv(29) @ 165000: uvm_test_top.env.agent.sequencer@@seq [ALU_SEQ] Generated item: a=0xe9 b=0x30 op=ALU_SLT
UVM_INFO ../tb/agent/alu_monitor.sv(81) @ 165001: uvm_test_top.env.agent.monitor [ALU_MON] Sample item: a=0xe9 b=0x30 op=ALU_SLT out=0x0
UVM_INFO ../tb/env/alu_scoreboard.sv(55) @ 165001: uvm_test_top.env.scb [ALU_SCB] PASS: a=0xe9 b=0x30 op=ALU_SLT expected=0x0 actual=0x0
UVM_INFO ../tb/agent/alu_driver.sv(35) @ 175000: uvm_test_top.env.agent.driver [ALU_DRV] Drive item: a=0xac b=0x45 op=ALU_SRL
UVM_INFO ../tb/seq/alu_sequence.sv(29) @ 175000: uvm_test_top.env.agent.sequencer@@seq [ALU_SEQ] Generated item: a=0xac b=0x45 op=ALU_SRL
UVM_INFO ../tb/agent/alu_monitor.sv(81) @ 175001: uvm_test_top.env.agent.monitor [ALU_MON] Sample item: a=0xac b=0x45 op=ALU_SRL out=0x5
UVM_INFO ../tb/env/alu_scoreboard.sv(55) @ 175001: uvm_test_top.env.scb [ALU_SCB] PASS: a=0xac b=0x45 op=ALU_SRL expected=0x5 actual=0x5
UVM_INFO ../tb/agent/alu_driver.sv(35) @ 185000: uvm_test_top.env.agent.driver [ALU_DRV] Drive item: a=0xc6 b=0x39 op=ALU_XOR
UVM_INFO ../tb/seq/alu_sequence.sv(29) @ 185000: uvm_test_top.env.agent.sequencer@@seq [ALU_SEQ] Generated item: a=0xc6 b=0x39 op=ALU_XOR
UVM_INFO ../tb/agent/alu_monitor.sv(81) @ 185001: uvm_test_top.env.agent.monitor [ALU_MON] Sample item: a=0xc6 b=0x39 op=ALU_XOR out=0xff
UVM_INFO ../tb/env/alu_scoreboard.sv(55) @ 185001: uvm_test_top.env.scb [ALU_SCB] PASS: a=0xc6 b=0x39 op=ALU_XOR expected=0xff actual=0xff
UVM_INFO ../tb/agent/alu_driver.sv(35) @ 195000: uvm_test_top.env.agent.driver [ALU_DRV] Drive item: a=0x6c b=0x5a op=ALU_SLL
UVM_INFO ../tb/seq/alu_sequence.sv(29) @ 195000: uvm_test_top.env.agent.sequencer@@seq [ALU_SEQ] Generated item: a=0x6c b=0x5a op=ALU_SLL
UVM_INFO ../tb/agent/alu_monitor.sv(81) @ 195001: uvm_test_top.env.agent.monitor [ALU_MON] Sample item: a=0x6c b=0x5a op=ALU_SLL out=0xb0
UVM_INFO ../tb/env/alu_scoreboard.sv(55) @ 195001: uvm_test_top.env.scb [ALU_SCB] PASS: a=0x6c b=0x5a op=ALU_SLL expected=0xb0 actual=0xb0
UVM_INFO ../tb/agent/alu_driver.sv(35) @ 205000: uvm_test_top.env.agent.driver [ALU_DRV] Drive item: a=0x51 b=0xd5 op=ALU_SRL
UVM_INFO ../tb/seq/alu_sequence.sv(29) @ 205000: uvm_test_top.env.agent.sequencer@@seq [ALU_SEQ] Generated item: a=0x51 b=0xd5 op=ALU_SRL
UVM_INFO ../tb/agent/alu_monitor.sv(81) @ 205001: uvm_test_top.env.agent.monitor [ALU_MON] Sample item: a=0x51 b=0xd5 op=ALU_SRL out=0x2
UVM_INFO ../tb/env/alu_scoreboard.sv(55) @ 205001: uvm_test_top.env.scb [ALU_SCB] PASS: a=0x51 b=0xd5 op=ALU_SRL expected=0x2 actual=0x2
UVM_INFO ../tb/agent/alu_driver.sv(35) @ 215000: uvm_test_top.env.agent.driver [ALU_DRV] Drive item: a=0xc8 b=0x11 op=ALU_AND
UVM_INFO ../tb/seq/alu_sequence.sv(29) @ 215000: uvm_test_top.env.agent.sequencer@@seq [ALU_SEQ] Generated item: a=0xc8 b=0x11 op=ALU_AND
UVM_INFO ../tb/agent/alu_monitor.sv(81) @ 215001: uvm_test_top.env.agent.monitor [ALU_MON] Sample item: a=0xc8 b=0x11 op=ALU_AND out=0x0
UVM_INFO ../tb/env/alu_scoreboard.sv(55) @ 215001: uvm_test_top.env.scb [ALU_SCB] PASS: a=0xc8 b=0x11 op=ALU_AND expected=0x0 actual=0x0
UVM_INFO ../tb/agent/alu_driver.sv(35) @ 225000: uvm_test_top.env.agent.driver [ALU_DRV] Drive item: a=0x32 b=0x73 op=ALU_SLT
UVM_INFO ../tb/seq/alu_sequence.sv(29) @ 225000: uvm_test_top.env.agent.sequencer@@seq [ALU_SEQ] Generated item: a=0x32 b=0x73 op=ALU_SLT
UVM_INFO ../tb/agent/alu_monitor.sv(81) @ 225001: uvm_test_top.env.agent.monitor [ALU_MON] Sample item: a=0x32 b=0x73 op=ALU_SLT out=0x1
UVM_INFO ../tb/env/alu_scoreboard.sv(55) @ 225001: uvm_test_top.env.scb [ALU_SCB] PASS: a=0x32 b=0x73 op=ALU_SLT expected=0x1 actual=0x1
UVM_INFO ../tb/agent/alu_driver.sv(35) @ 235000: uvm_test_top.env.agent.driver [ALU_DRV] Drive item: a=0x17 b=0xc7 op=ALU_AND
UVM_INFO ../tb/seq/alu_sequence.sv(29) @ 235000: uvm_test_top.env.agent.sequencer@@seq [ALU_SEQ] Generated item: a=0x17 b=0xc7 op=ALU_AND
UVM_INFO ../tb/agent/alu_monitor.sv(81) @ 235001: uvm_test_top.env.agent.monitor [ALU_MON] Sample item: a=0x17 b=0xc7 op=ALU_AND out=0x7
UVM_INFO ../tb/env/alu_scoreboard.sv(55) @ 235001: uvm_test_top.env.scb [ALU_SCB] PASS: a=0x17 b=0xc7 op=ALU_AND expected=0x7 actual=0x7
UVM_INFO ../tb/agent/alu_driver.sv(35) @ 245000: uvm_test_top.env.agent.driver [ALU_DRV] Drive item: a=0xf b=0xaf op=ALU_SRL
UVM_INFO ../tb/seq/alu_sequence.sv(29) @ 245000: uvm_test_top.env.agent.sequencer@@seq [ALU_SEQ] Generated item: a=0xf b=0xaf op=ALU_SRL
UVM_INFO ../tb/agent/alu_monitor.sv(81) @ 245001: uvm_test_top.env.agent.monitor [ALU_MON] Sample item: a=0xf b=0xaf op=ALU_SRL out=0x0
UVM_INFO ../tb/env/alu_scoreboard.sv(55) @ 245001: uvm_test_top.env.scb [ALU_SCB] PASS: a=0xf b=0xaf op=ALU_SRL expected=0x0 actual=0x0
UVM_INFO ../tb/agent/alu_driver.sv(35) @ 255000: uvm_test_top.env.agent.driver [ALU_DRV] Drive item: a=0x5d b=0xa1 op=ALU_SRL
UVM_INFO ../tb/seq/alu_sequence.sv(29) @ 255000: uvm_test_top.env.agent.sequencer@@seq [ALU_SEQ] Generated item: a=0x5d b=0xa1 op=ALU_SRL
UVM_INFO ../tb/agent/alu_monitor.sv(81) @ 255001: uvm_test_top.env.agent.monitor [ALU_MON] Sample item: a=0x5d b=0xa1 op=ALU_SRL out=0x2e
UVM_INFO ../tb/env/alu_scoreboard.sv(55) @ 255001: uvm_test_top.env.scb [ALU_SCB] PASS: a=0x5d b=0xa1 op=ALU_SRL expected=0x2e actual=0x2e
UVM_INFO ../tb/agent/alu_driver.sv(35) @ 265000: uvm_test_top.env.agent.driver [ALU_DRV] Drive item: a=0x9 b=0x7a op=ALU_XOR
UVM_INFO ../tb/seq/alu_sequence.sv(29) @ 265000: uvm_test_top.env.agent.sequencer@@seq [ALU_SEQ] Generated item: a=0x9 b=0x7a op=ALU_XOR
UVM_INFO ../tb/agent/alu_monitor.sv(81) @ 265001: uvm_test_top.env.agent.monitor [ALU_MON] Sample item: a=0x9 b=0x7a op=ALU_XOR out=0x73
UVM_INFO ../tb/env/alu_scoreboard.sv(55) @ 265001: uvm_test_top.env.scb [ALU_SCB] PASS: a=0x9 b=0x7a op=ALU_XOR expected=0x73 actual=0x73
UVM_INFO ../tb/agent/alu_driver.sv(35) @ 275000: uvm_test_top.env.agent.driver [ALU_DRV] Drive item: a=0xa b=0x16 op=ALU_AND
UVM_INFO ../tb/seq/alu_sequence.sv(29) @ 275000: uvm_test_top.env.agent.sequencer@@seq [ALU_SEQ] Generated item: a=0xa b=0x16 op=ALU_AND
UVM_INFO ../tb/agent/alu_monitor.sv(81) @ 275001: uvm_test_top.env.agent.monitor [ALU_MON] Sample item: a=0xa b=0x16 op=ALU_AND out=0x2
UVM_INFO ../tb/env/alu_scoreboard.sv(55) @ 275001: uvm_test_top.env.scb [ALU_SCB] PASS: a=0xa b=0x16 op=ALU_AND expected=0x2 actual=0x2
UVM_INFO ../tb/agent/alu_driver.sv(35) @ 285000: uvm_test_top.env.agent.driver [ALU_DRV] Drive item: a=0xa9 b=0x6a op=ALU_SLT
UVM_INFO ../tb/seq/alu_sequence.sv(29) @ 285000: uvm_test_top.env.agent.sequencer@@seq [ALU_SEQ] Generated item: a=0xa9 b=0x6a op=ALU_SLT
UVM_INFO ../tb/agent/alu_monitor.sv(81) @ 285001: uvm_test_top.env.agent.monitor [ALU_MON] Sample item: a=0xa9 b=0x6a op=ALU_SLT out=0x0
UVM_INFO ../tb/env/alu_scoreboard.sv(55) @ 285001: uvm_test_top.env.scb [ALU_SCB] PASS: a=0xa9 b=0x6a op=ALU_SLT expected=0x0 actual=0x0
UVM_INFO ../tb/agent/alu_driver.sv(35) @ 295000: uvm_test_top.env.agent.driver [ALU_DRV] Drive item: a=0x75 b=0x9e op=ALU_SUB
UVM_INFO ../tb/seq/alu_sequence.sv(29) @ 295000: uvm_test_top.env.agent.sequencer@@seq [ALU_SEQ] Generated item: a=0x75 b=0x9e op=ALU_SUB
UVM_INFO ../tb/agent/alu_monitor.sv(81) @ 295001: uvm_test_top.env.agent.monitor [ALU_MON] Sample item: a=0x75 b=0x9e op=ALU_SUB out=0xd7
UVM_INFO ../tb/env/alu_scoreboard.sv(55) @ 295001: uvm_test_top.env.scb [ALU_SCB] PASS: a=0x75 b=0x9e op=ALU_SUB expected=0xd7 actual=0xd7
UVM_INFO ../tb/agent/alu_driver.sv(35) @ 305000: uvm_test_top.env.agent.driver [ALU_DRV] Drive item: a=0x7d b=0xd5 op=ALU_SRL
UVM_INFO ../tb/seq/alu_sequence.sv(29) @ 305000: uvm_test_top.env.agent.sequencer@@seq [ALU_SEQ] Generated item: a=0x7d b=0xd5 op=ALU_SRL
UVM_INFO ../tb/agent/alu_monitor.sv(81) @ 305001: uvm_test_top.env.agent.monitor [ALU_MON] Sample item: a=0x7d b=0xd5 op=ALU_SRL out=0x3
UVM_INFO ../tb/env/alu_scoreboard.sv(55) @ 305001: uvm_test_top.env.scb [ALU_SCB] PASS: a=0x7d b=0xd5 op=ALU_SRL expected=0x3 actual=0x3
UVM_INFO ../tb/agent/alu_driver.sv(35) @ 315000: uvm_test_top.env.agent.driver [ALU_DRV] Drive item: a=0xd7 b=0x73 op=ALU_SRL
UVM_INFO ../tb/seq/alu_sequence.sv(29) @ 315000: uvm_test_top.env.agent.sequencer@@seq [ALU_SEQ] Generated item: a=0xd7 b=0x73 op=ALU_SRL
UVM_INFO ../tb/agent/alu_monitor.sv(81) @ 315001: uvm_test_top.env.agent.monitor [ALU_MON] Sample item: a=0xd7 b=0x73 op=ALU_SRL out=0x1a
UVM_INFO ../tb/env/alu_scoreboard.sv(55) @ 315001: uvm_test_top.env.scb [ALU_SCB] PASS: a=0xd7 b=0x73 op=ALU_SRL expected=0x1a actual=0x1a
UVM_INFO ../tb/agent/alu_driver.sv(35) @ 325000: uvm_test_top.env.agent.driver [ALU_DRV] Drive item: a=0xc2 b=0x1 op=ALU_ADD
UVM_INFO ../tb/seq/alu_sequence.sv(29) @ 325000: uvm_test_top.env.agent.sequencer@@seq [ALU_SEQ] Generated item: a=0xc2 b=0x1 op=ALU_ADD
UVM_INFO ../tb/agent/alu_monitor.sv(81) @ 325001: uvm_test_top.env.agent.monitor [ALU_MON] Sample item: a=0xc2 b=0x1 op=ALU_ADD out=0xc3
UVM_INFO ../tb/env/alu_scoreboard.sv(55) @ 325001: uvm_test_top.env.scb [ALU_SCB] PASS: a=0xc2 b=0x1 op=ALU_ADD expected=0xc3 actual=0xc3
UVM_INFO ../tb/agent/alu_driver.sv(35) @ 335000: uvm_test_top.env.agent.driver [ALU_DRV] Drive item: a=0x7d b=0x68 op=ALU_OR
UVM_INFO ../tb/seq/alu_sequence.sv(29) @ 335000: uvm_test_top.env.agent.sequencer@@seq [ALU_SEQ] Generated item: a=0x7d b=0x68 op=ALU_OR
UVM_INFO ../tb/agent/alu_monitor.sv(81) @ 335001: uvm_test_top.env.agent.monitor [ALU_MON] Sample item: a=0x7d b=0x68 op=ALU_OR out=0x7d
UVM_INFO ../tb/env/alu_scoreboard.sv(55) @ 335001: uvm_test_top.env.scb [ALU_SCB] PASS: a=0x7d b=0x68 op=ALU_OR expected=0x7d actual=0x7d
UVM_INFO ../tb/agent/alu_driver.sv(35) @ 345000: uvm_test_top.env.agent.driver [ALU_DRV] Drive item: a=0x99 b=0x3e op=ALU_SLL
UVM_INFO ../tb/seq/alu_sequence.sv(29) @ 345000: uvm_test_top.env.agent.sequencer@@seq [ALU_SEQ] Generated item: a=0x99 b=0x3e op=ALU_SLL
UVM_INFO ../tb/agent/alu_monitor.sv(81) @ 345001: uvm_test_top.env.agent.monitor [ALU_MON] Sample item: a=0x99 b=0x3e op=ALU_SLL out=0x40
UVM_INFO ../tb/env/alu_scoreboard.sv(55) @ 345001: uvm_test_top.env.scb [ALU_SCB] PASS: a=0x99 b=0x3e op=ALU_SLL expected=0x40 actual=0x40
UVM_INFO ../tb/agent/alu_driver.sv(35) @ 355000: uvm_test_top.env.agent.driver [ALU_DRV] Drive item: a=0xcd b=0x6 op=ALU_AND
UVM_INFO ../tb/seq/alu_sequence.sv(29) @ 355000: uvm_test_top.env.agent.sequencer@@seq [ALU_SEQ] Generated item: a=0xcd b=0x6 op=ALU_AND
UVM_INFO ../tb/agent/alu_monitor.sv(81) @ 355001: uvm_test_top.env.agent.monitor [ALU_MON] Sample item: a=0xcd b=0x6 op=ALU_AND out=0x4
UVM_INFO ../tb/env/alu_scoreboard.sv(55) @ 355001: uvm_test_top.env.scb [ALU_SCB] PASS: a=0xcd b=0x6 op=ALU_AND expected=0x4 actual=0x4
UVM_INFO ../tb/agent/alu_driver.sv(35) @ 365000: uvm_test_top.env.agent.driver [ALU_DRV] Drive item: a=0x13 b=0x2d op=ALU_AND
UVM_INFO ../tb/seq/alu_sequence.sv(29) @ 365000: uvm_test_top.env.agent.sequencer@@seq [ALU_SEQ] Generated item: a=0x13 b=0x2d op=ALU_AND
UVM_INFO ../tb/agent/alu_monitor.sv(81) @ 365001: uvm_test_top.env.agent.monitor [ALU_MON] Sample item: a=0x13 b=0x2d op=ALU_AND out=0x1
UVM_INFO ../tb/env/alu_scoreboard.sv(55) @ 365001: uvm_test_top.env.scb [ALU_SCB] PASS: a=0x13 b=0x2d op=ALU_AND expected=0x1 actual=0x1
UVM_INFO ../tb/agent/alu_driver.sv(35) @ 375000: uvm_test_top.env.agent.driver [ALU_DRV] Drive item: a=0x54 b=0x5f op=ALU_XOR
UVM_INFO ../tb/seq/alu_sequence.sv(29) @ 375000: uvm_test_top.env.agent.sequencer@@seq [ALU_SEQ] Generated item: a=0x54 b=0x5f op=ALU_XOR
UVM_INFO ../tb/agent/alu_monitor.sv(81) @ 375001: uvm_test_top.env.agent.monitor [ALU_MON] Sample item: a=0x54 b=0x5f op=ALU_XOR out=0xb
UVM_INFO ../tb/env/alu_scoreboard.sv(55) @ 375001: uvm_test_top.env.scb [ALU_SCB] PASS: a=0x54 b=0x5f op=ALU_XOR expected=0xb actual=0xb
UVM_INFO ../tb/agent/alu_driver.sv(35) @ 385000: uvm_test_top.env.agent.driver [ALU_DRV] Drive item: a=0x67 b=0xfa op=ALU_AND
UVM_INFO ../tb/seq/alu_sequence.sv(29) @ 385000: uvm_test_top.env.agent.sequencer@@seq [ALU_SEQ] Generated item: a=0x67 b=0xfa op=ALU_AND
UVM_INFO ../tb/agent/alu_monitor.sv(81) @ 385001: uvm_test_top.env.agent.monitor [ALU_MON] Sample item: a=0x67 b=0xfa op=ALU_AND out=0x62
UVM_INFO ../tb/env/alu_scoreboard.sv(55) @ 385001: uvm_test_top.env.scb [ALU_SCB] PASS: a=0x67 b=0xfa op=ALU_AND expected=0x62 actual=0x62
UVM_INFO ../tb/agent/alu_driver.sv(35) @ 395000: uvm_test_top.env.agent.driver [ALU_DRV] Drive item: a=0x5e b=0xc op=ALU_XOR
UVM_INFO ../tb/seq/alu_sequence.sv(29) @ 395000: uvm_test_top.env.agent.sequencer@@seq [ALU_SEQ] Generated item: a=0x5e b=0xc op=ALU_XOR
UVM_INFO ../tb/agent/alu_monitor.sv(81) @ 395001: uvm_test_top.env.agent.monitor [ALU_MON] Sample item: a=0x5e b=0xc op=ALU_XOR out=0x52
UVM_INFO ../tb/env/alu_scoreboard.sv(55) @ 395001: uvm_test_top.env.scb [ALU_SCB] PASS: a=0x5e b=0xc op=ALU_XOR expected=0x52 actual=0x52
UVM_INFO ../tb/agent/alu_driver.sv(35) @ 405000: uvm_test_top.env.agent.driver [ALU_DRV] Drive item: a=0x63 b=0x5b op=ALU_ADD
UVM_INFO ../tb/seq/alu_sequence.sv(29) @ 405000: uvm_test_top.env.agent.sequencer@@seq [ALU_SEQ] Generated item: a=0x63 b=0x5b op=ALU_ADD
UVM_INFO ../tb/agent/alu_monitor.sv(81) @ 405001: uvm_test_top.env.agent.monitor [ALU_MON] Sample item: a=0x63 b=0x5b op=ALU_ADD out=0xbe
UVM_INFO ../tb/env/alu_scoreboard.sv(55) @ 405001: uvm_test_top.env.scb [ALU_SCB] PASS: a=0x63 b=0x5b op=ALU_ADD expected=0xbe actual=0xbe
UVM_INFO ../tb/agent/alu_driver.sv(35) @ 415000: uvm_test_top.env.agent.driver [ALU_DRV] Drive item: a=0xa4 b=0xef op=ALU_OR
UVM_INFO ../tb/seq/alu_sequence.sv(29) @ 415000: uvm_test_top.env.agent.sequencer@@seq [ALU_SEQ] Generated item: a=0xa4 b=0xef op=ALU_OR
UVM_INFO ../tb/agent/alu_monitor.sv(81) @ 415001: uvm_test_top.env.agent.monitor [ALU_MON] Sample item: a=0xa4 b=0xef op=ALU_OR out=0xef
UVM_INFO ../tb/env/alu_scoreboard.sv(55) @ 415001: uvm_test_top.env.scb [ALU_SCB] PASS: a=0xa4 b=0xef op=ALU_OR expected=0xef actual=0xef
UVM_INFO ../tb/agent/alu_driver.sv(35) @ 425000: uvm_test_top.env.agent.driver [ALU_DRV] Drive item: a=0x44 b=0x96 op=ALU_SLT
UVM_INFO ../tb/seq/alu_sequence.sv(29) @ 425000: uvm_test_top.env.agent.sequencer@@seq [ALU_SEQ] Generated item: a=0x44 b=0x96 op=ALU_SLT
UVM_INFO ../tb/agent/alu_monitor.sv(81) @ 425001: uvm_test_top.env.agent.monitor [ALU_MON] Sample item: a=0x44 b=0x96 op=ALU_SLT out=0x1
UVM_INFO ../tb/env/alu_scoreboard.sv(55) @ 425001: uvm_test_top.env.scb [ALU_SCB] PASS: a=0x44 b=0x96 op=ALU_SLT expected=0x1 actual=0x1
UVM_INFO ../tb/agent/alu_driver.sv(35) @ 435000: uvm_test_top.env.agent.driver [ALU_DRV] Drive item: a=0x49 b=0x95 op=ALU_OR
UVM_INFO ../tb/seq/alu_sequence.sv(29) @ 435000: uvm_test_top.env.agent.sequencer@@seq [ALU_SEQ] Generated item: a=0x49 b=0x95 op=ALU_OR
UVM_INFO ../tb/agent/alu_monitor.sv(81) @ 435001: uvm_test_top.env.agent.monitor [ALU_MON] Sample item: a=0x49 b=0x95 op=ALU_OR out=0xdd
UVM_INFO ../tb/env/alu_scoreboard.sv(55) @ 435001: uvm_test_top.env.scb [ALU_SCB] PASS: a=0x49 b=0x95 op=ALU_OR expected=0xdd actual=0xdd
UVM_INFO ../tb/agent/alu_driver.sv(35) @ 445000: uvm_test_top.env.agent.driver [ALU_DRV] Drive item: a=0x5f b=0xfd op=ALU_AND
UVM_INFO ../tb/seq/alu_sequence.sv(29) @ 445000: uvm_test_top.env.agent.sequencer@@seq [ALU_SEQ] Generated item: a=0x5f b=0xfd op=ALU_AND
UVM_INFO ../tb/agent/alu_monitor.sv(81) @ 445001: uvm_test_top.env.agent.monitor [ALU_MON] Sample item: a=0x5f b=0xfd op=ALU_AND out=0x5d
UVM_INFO ../tb/env/alu_scoreboard.sv(55) @ 445001: uvm_test_top.env.scb [ALU_SCB] PASS: a=0x5f b=0xfd op=ALU_AND expected=0x5d actual=0x5d
UVM_INFO ../tb/agent/alu_driver.sv(35) @ 455000: uvm_test_top.env.agent.driver [ALU_DRV] Drive item: a=0xca b=0x7b op=ALU_SLL
UVM_INFO ../tb/seq/alu_sequence.sv(29) @ 455000: uvm_test_top.env.agent.sequencer@@seq [ALU_SEQ] Generated item: a=0xca b=0x7b op=ALU_SLL
UVM_INFO ../tb/agent/alu_monitor.sv(81) @ 455001: uvm_test_top.env.agent.monitor [ALU_MON] Sample item: a=0xca b=0x7b op=ALU_SLL out=0x50
UVM_INFO ../tb/env/alu_scoreboard.sv(55) @ 455001: uvm_test_top.env.scb [ALU_SCB] PASS: a=0xca b=0x7b op=ALU_SLL expected=0x50 actual=0x50
UVM_INFO ../tb/agent/alu_driver.sv(35) @ 465000: uvm_test_top.env.agent.driver [ALU_DRV] Drive item: a=0x6b b=0x7a op=ALU_SLT
UVM_INFO ../tb/seq/alu_sequence.sv(29) @ 465000: uvm_test_top.env.agent.sequencer@@seq [ALU_SEQ] Generated item: a=0x6b b=0x7a op=ALU_SLT
UVM_INFO ../tb/agent/alu_monitor.sv(81) @ 465001: uvm_test_top.env.agent.monitor [ALU_MON] Sample item: a=0x6b b=0x7a op=ALU_SLT out=0x1
UVM_INFO ../tb/env/alu_scoreboard.sv(55) @ 465001: uvm_test_top.env.scb [ALU_SCB] PASS: a=0x6b b=0x7a op=ALU_SLT expected=0x1 actual=0x1
UVM_INFO ../tb/agent/alu_driver.sv(35) @ 475000: uvm_test_top.env.agent.driver [ALU_DRV] Drive item: a=0x48 b=0x1b op=ALU_SLL
UVM_INFO ../tb/seq/alu_sequence.sv(29) @ 475000: uvm_test_top.env.agent.sequencer@@seq [ALU_SEQ] Generated item: a=0x48 b=0x1b op=ALU_SLL
UVM_INFO ../tb/agent/alu_monitor.sv(81) @ 475001: uvm_test_top.env.agent.monitor [ALU_MON] Sample item: a=0x48 b=0x1b op=ALU_SLL out=0x40
UVM_INFO ../tb/env/alu_scoreboard.sv(55) @ 475001: uvm_test_top.env.scb [ALU_SCB] PASS: a=0x48 b=0x1b op=ALU_SLL expected=0x40 actual=0x40
UVM_INFO ../tb/agent/alu_driver.sv(35) @ 485000: uvm_test_top.env.agent.driver [ALU_DRV] Drive item: a=0xc0 b=0x36 op=ALU_OR
UVM_INFO ../tb/seq/alu_sequence.sv(29) @ 485000: uvm_test_top.env.agent.sequencer@@seq [ALU_SEQ] Generated item: a=0xc0 b=0x36 op=ALU_OR
UVM_INFO ../tb/agent/alu_monitor.sv(81) @ 485001: uvm_test_top.env.agent.monitor [ALU_MON] Sample item: a=0xc0 b=0x36 op=ALU_OR out=0xf6
UVM_INFO ../tb/env/alu_scoreboard.sv(55) @ 485001: uvm_test_top.env.scb [ALU_SCB] PASS: a=0xc0 b=0x36 op=ALU_OR expected=0xf6 actual=0xf6
UVM_INFO ../tb/agent/alu_driver.sv(35) @ 495000: uvm_test_top.env.agent.driver [ALU_DRV] Drive item: a=0x4c b=0x94 op=ALU_OR
UVM_INFO ../tb/seq/alu_sequence.sv(29) @ 495000: uvm_test_top.env.agent.sequencer@@seq [ALU_SEQ] Generated item: a=0x4c b=0x94 op=ALU_OR
UVM_INFO ../tb/agent/alu_monitor.sv(81) @ 495001: uvm_test_top.env.agent.monitor [ALU_MON] Sample item: a=0x4c b=0x94 op=ALU_OR out=0xdc
UVM_INFO ../tb/env/alu_scoreboard.sv(55) @ 495001: uvm_test_top.env.scb [ALU_SCB] PASS: a=0x4c b=0x94 op=ALU_OR expected=0xdc actual=0xdc
UVM_INFO ../tb/agent/alu_driver.sv(35) @ 505000: uvm_test_top.env.agent.driver [ALU_DRV] Drive item: a=0x53 b=0x6 op=ALU_SLT
UVM_INFO ../tb/seq/alu_sequence.sv(29) @ 505000: uvm_test_top.env.agent.sequencer@@seq [ALU_SEQ] Generated item: a=0x53 b=0x6 op=ALU_SLT
UVM_INFO ../tb/agent/alu_monitor.sv(81) @ 505001: uvm_test_top.env.agent.monitor [ALU_MON] Sample item: a=0x53 b=0x6 op=ALU_SLT out=0x0
UVM_INFO ../tb/env/alu_scoreboard.sv(55) @ 505001: uvm_test_top.env.scb [ALU_SCB] PASS: a=0x53 b=0x6 op=ALU_SLT expected=0x0 actual=0x0
UVM_INFO ../tb/agent/alu_driver.sv(35) @ 515000: uvm_test_top.env.agent.driver [ALU_DRV] Drive item: a=0xd4 b=0xf9 op=ALU_SUB
UVM_INFO ../tb/seq/alu_sequence.sv(29) @ 515000: uvm_test_top.env.agent.sequencer@@seq [ALU_SEQ] Generated item: a=0xd4 b=0xf9 op=ALU_SUB
UVM_INFO ../tb/agent/alu_monitor.sv(81) @ 515001: uvm_test_top.env.agent.monitor [ALU_MON] Sample item: a=0xd4 b=0xf9 op=ALU_SUB out=0xdb
UVM_INFO ../tb/env/alu_scoreboard.sv(55) @ 515001: uvm_test_top.env.scb [ALU_SCB] PASS: a=0xd4 b=0xf9 op=ALU_SUB expected=0xdb actual=0xdb
UVM_INFO ../tb/agent/alu_driver.sv(35) @ 525000: uvm_test_top.env.agent.driver [ALU_DRV] Drive item: a=0x7e b=0xb5 op=ALU_SLL
UVM_INFO ../tb/seq/alu_sequence.sv(29) @ 525000: uvm_test_top.env.agent.sequencer@@seq [ALU_SEQ] Generated item: a=0x7e b=0xb5 op=ALU_SLL
UVM_INFO ../tb/agent/alu_monitor.sv(81) @ 525001: uvm_test_top.env.agent.monitor [ALU_MON] Sample item: a=0x7e b=0xb5 op=ALU_SLL out=0xc0
UVM_INFO ../tb/env/alu_scoreboard.sv(55) @ 525001: uvm_test_top.env.scb [ALU_SCB] PASS: a=0x7e b=0xb5 op=ALU_SLL expected=0xc0 actual=0xc0
UVM_INFO ../tb/agent/alu_driver.sv(35) @ 535000: uvm_test_top.env.agent.driver [ALU_DRV] Drive item: a=0x80 b=0x51 op=ALU_AND
UVM_INFO ../tb/seq/alu_sequence.sv(29) @ 535000: uvm_test_top.env.agent.sequencer@@seq [ALU_SEQ] Generated item: a=0x80 b=0x51 op=ALU_AND
UVM_INFO ../tb/agent/alu_monitor.sv(81) @ 535001: uvm_test_top.env.agent.monitor [ALU_MON] Sample item: a=0x80 b=0x51 op=ALU_AND out=0x0
UVM_INFO ../tb/env/alu_scoreboard.sv(55) @ 535001: uvm_test_top.env.scb [ALU_SCB] PASS: a=0x80 b=0x51 op=ALU_AND expected=0x0 actual=0x0
UVM_INFO ../tb/agent/alu_driver.sv(35) @ 545000: uvm_test_top.env.agent.driver [ALU_DRV] Drive item: a=0xa5 b=0x72 op=ALU_XOR
UVM_INFO ../tb/seq/alu_sequence.sv(29) @ 545000: uvm_test_top.env.agent.sequencer@@seq [ALU_SEQ] Generated item: a=0xa5 b=0x72 op=ALU_XOR
UVM_INFO ../tb/agent/alu_monitor.sv(81) @ 545001: uvm_test_top.env.agent.monitor [ALU_MON] Sample item: a=0xa5 b=0x72 op=ALU_XOR out=0xd7
UVM_INFO ../tb/env/alu_scoreboard.sv(55) @ 545001: uvm_test_top.env.scb [ALU_SCB] PASS: a=0xa5 b=0x72 op=ALU_XOR expected=0xd7 actual=0xd7
UVM_INFO ../tb/agent/alu_driver.sv(35) @ 555000: uvm_test_top.env.agent.driver [ALU_DRV] Drive item: a=0xdf b=0x91 op=ALU_SRL
UVM_INFO ../tb/seq/alu_sequence.sv(29) @ 555000: uvm_test_top.env.agent.sequencer@@seq [ALU_SEQ] Generated item: a=0xdf b=0x91 op=ALU_SRL
UVM_INFO ../tb/agent/alu_monitor.sv(81) @ 555001: uvm_test_top.env.agent.monitor [ALU_MON] Sample item: a=0xdf b=0x91 op=ALU_SRL out=0x6f
UVM_INFO ../tb/env/alu_scoreboard.sv(55) @ 555001: uvm_test_top.env.scb [ALU_SCB] PASS: a=0xdf b=0x91 op=ALU_SRL expected=0x6f actual=0x6f
UVM_INFO ../tb/agent/alu_driver.sv(35) @ 565000: uvm_test_top.env.agent.driver [ALU_DRV] Drive item: a=0x73 b=0x5b op=ALU_SLT
UVM_INFO ../tb/seq/alu_sequence.sv(29) @ 565000: uvm_test_top.env.agent.sequencer@@seq [ALU_SEQ] Generated item: a=0x73 b=0x5b op=ALU_SLT
UVM_INFO ../tb/agent/alu_monitor.sv(81) @ 565001: uvm_test_top.env.agent.monitor [ALU_MON] Sample item: a=0x73 b=0x5b op=ALU_SLT out=0x0
UVM_INFO ../tb/env/alu_scoreboard.sv(55) @ 565001: uvm_test_top.env.scb [ALU_SCB] PASS: a=0x73 b=0x5b op=ALU_SLT expected=0x0 actual=0x0
UVM_INFO ../tb/agent/alu_driver.sv(35) @ 575000: uvm_test_top.env.agent.driver [ALU_DRV] Drive item: a=0x8 b=0xc op=ALU_OR
UVM_INFO ../tb/seq/alu_sequence.sv(29) @ 575000: uvm_test_top.env.agent.sequencer@@seq [ALU_SEQ] Generated item: a=0x8 b=0xc op=ALU_OR
UVM_INFO ../tb/agent/alu_monitor.sv(81) @ 575001: uvm_test_top.env.agent.monitor [ALU_MON] Sample item: a=0x8 b=0xc op=ALU_OR out=0xc
UVM_INFO ../tb/env/alu_scoreboard.sv(55) @ 575001: uvm_test_top.env.scb [ALU_SCB] PASS: a=0x8 b=0xc op=ALU_OR expected=0xc actual=0xc
UVM_INFO ../tb/agent/alu_driver.sv(35) @ 585000: uvm_test_top.env.agent.driver [ALU_DRV] Drive item: a=0xf5 b=0xa7 op=ALU_SLT
UVM_INFO ../tb/seq/alu_sequence.sv(29) @ 585000: uvm_test_top.env.agent.sequencer@@seq [ALU_SEQ] Generated item: a=0xf5 b=0xa7 op=ALU_SLT
UVM_INFO ../tb/agent/alu_monitor.sv(81) @ 585001: uvm_test_top.env.agent.monitor [ALU_MON] Sample item: a=0xf5 b=0xa7 op=ALU_SLT out=0x0
UVM_INFO ../tb/env/alu_scoreboard.sv(55) @ 585001: uvm_test_top.env.scb [ALU_SCB] PASS: a=0xf5 b=0xa7 op=ALU_SLT expected=0x0 actual=0x0
UVM_INFO ../tb/agent/alu_driver.sv(35) @ 595000: uvm_test_top.env.agent.driver [ALU_DRV] Drive item: a=0xb9 b=0xf op=ALU_SLT
UVM_INFO ../tb/seq/alu_sequence.sv(29) @ 595000: uvm_test_top.env.agent.sequencer@@seq [ALU_SEQ] Generated item: a=0xb9 b=0xf op=ALU_SLT
UVM_INFO ../tb/agent/alu_monitor.sv(81) @ 595001: uvm_test_top.env.agent.monitor [ALU_MON] Sample item: a=0xb9 b=0xf op=ALU_SLT out=0x0
UVM_INFO ../tb/env/alu_scoreboard.sv(55) @ 595001: uvm_test_top.env.scb [ALU_SCB] PASS: a=0xb9 b=0xf op=ALU_SLT expected=0x0 actual=0x0
UVM_INFO ../tb/agent/alu_driver.sv(35) @ 605000: uvm_test_top.env.agent.driver [ALU_DRV] Drive item: a=0xfb b=0x90 op=ALU_SLT
UVM_INFO ../tb/seq/alu_sequence.sv(29) @ 605000: uvm_test_top.env.agent.sequencer@@seq [ALU_SEQ] Generated item: a=0xfb b=0x90 op=ALU_SLT
UVM_INFO ../tb/agent/alu_monitor.sv(81) @ 605001: uvm_test_top.env.agent.monitor [ALU_MON] Sample item: a=0xfb b=0x90 op=ALU_SLT out=0x0
UVM_INFO ../tb/env/alu_scoreboard.sv(55) @ 605001: uvm_test_top.env.scb [ALU_SCB] PASS: a=0xfb b=0x90 op=ALU_SLT expected=0x0 actual=0x0
UVM_INFO ../tb/agent/alu_driver.sv(35) @ 615000: uvm_test_top.env.agent.driver [ALU_DRV] Drive item: a=0x69 b=0x81 op=ALU_AND
UVM_INFO ../tb/seq/alu_sequence.sv(29) @ 615000: uvm_test_top.env.agent.sequencer@@seq [ALU_SEQ] Generated item: a=0x69 b=0x81 op=ALU_AND
UVM_INFO ../tb/agent/alu_monitor.sv(81) @ 615001: uvm_test_top.env.agent.monitor [ALU_MON] Sample item: a=0x69 b=0x81 op=ALU_AND out=0x1
UVM_INFO ../tb/env/alu_scoreboard.sv(55) @ 615001: uvm_test_top.env.scb [ALU_SCB] PASS: a=0x69 b=0x81 op=ALU_AND expected=0x1 actual=0x1
UVM_INFO ../tb/agent/alu_driver.sv(35) @ 625000: uvm_test_top.env.agent.driver [ALU_DRV] Drive item: a=0xf9 b=0x7c op=ALU_AND
UVM_INFO ../tb/seq/alu_sequence.sv(29) @ 625000: uvm_test_top.env.agent.sequencer@@seq [ALU_SEQ] Generated item: a=0xf9 b=0x7c op=ALU_AND
UVM_INFO ../tb/agent/alu_monitor.sv(81) @ 625001: uvm_test_top.env.agent.monitor [ALU_MON] Sample item: a=0xf9 b=0x7c op=ALU_AND out=0x78
UVM_INFO ../tb/env/alu_scoreboard.sv(55) @ 625001: uvm_test_top.env.scb [ALU_SCB] PASS: a=0xf9 b=0x7c op=ALU_AND expected=0x78 actual=0x78
UVM_INFO ../tb/agent/alu_driver.sv(35) @ 635000: uvm_test_top.env.agent.driver [ALU_DRV] Drive item: a=0x7 b=0x0 op=ALU_XOR
UVM_INFO ../tb/seq/alu_sequence.sv(29) @ 635000: uvm_test_top.env.agent.sequencer@@seq [ALU_SEQ] Generated item: a=0x7 b=0x0 op=ALU_XOR
UVM_INFO ../tb/agent/alu_monitor.sv(81) @ 635001: uvm_test_top.env.agent.monitor [ALU_MON] Sample item: a=0x7 b=0x0 op=ALU_XOR out=0x7
UVM_INFO ../tb/env/alu_scoreboard.sv(55) @ 635001: uvm_test_top.env.scb [ALU_SCB] PASS: a=0x7 b=0x0 op=ALU_XOR expected=0x7 actual=0x7
UVM_INFO ../tb/agent/alu_driver.sv(35) @ 645000: uvm_test_top.env.agent.driver [ALU_DRV] Drive item: a=0x40 b=0xcd op=ALU_XOR
UVM_INFO ../tb/seq/alu_sequence.sv(29) @ 645000: uvm_test_top.env.agent.sequencer@@seq [ALU_SEQ] Generated item: a=0x40 b=0xcd op=ALU_XOR
UVM_INFO ../tb/agent/alu_monitor.sv(81) @ 645001: uvm_test_top.env.agent.monitor [ALU_MON] Sample item: a=0x40 b=0xcd op=ALU_XOR out=0x8d
UVM_INFO ../tb/env/alu_scoreboard.sv(55) @ 645001: uvm_test_top.env.scb [ALU_SCB] PASS: a=0x40 b=0xcd op=ALU_XOR expected=0x8d actual=0x8d
UVM_INFO ../tb/agent/alu_driver.sv(35) @ 655000: uvm_test_top.env.agent.driver [ALU_DRV] Drive item: a=0x45 b=0x6 op=ALU_SLT
UVM_INFO ../tb/seq/alu_sequence.sv(29) @ 655000: uvm_test_top.env.agent.sequencer@@seq [ALU_SEQ] Generated item: a=0x45 b=0x6 op=ALU_SLT
UVM_INFO ../tb/agent/alu_monitor.sv(81) @ 655001: uvm_test_top.env.agent.monitor [ALU_MON] Sample item: a=0x45 b=0x6 op=ALU_SLT out=0x0
UVM_INFO ../tb/env/alu_scoreboard.sv(55) @ 655001: uvm_test_top.env.scb [ALU_SCB] PASS: a=0x45 b=0x6 op=ALU_SLT expected=0x0 actual=0x0
UVM_INFO ../tb/agent/alu_driver.sv(35) @ 665000: uvm_test_top.env.agent.driver [ALU_DRV] Drive item: a=0xac b=0xcd op=ALU_SLT
UVM_INFO ../tb/seq/alu_sequence.sv(29) @ 665000: uvm_test_top.env.agent.sequencer@@seq [ALU_SEQ] Generated item: a=0xac b=0xcd op=ALU_SLT
UVM_INFO ../tb/agent/alu_monitor.sv(81) @ 665001: uvm_test_top.env.agent.monitor [ALU_MON] Sample item: a=0xac b=0xcd op=ALU_SLT out=0x1
UVM_INFO ../tb/env/alu_scoreboard.sv(55) @ 665001: uvm_test_top.env.scb [ALU_SCB] PASS: a=0xac b=0xcd op=ALU_SLT expected=0x1 actual=0x1
UVM_INFO ../tb/agent/alu_driver.sv(35) @ 675000: uvm_test_top.env.agent.driver [ALU_DRV] Drive item: a=0xea b=0x15 op=ALU_SUB
UVM_INFO ../tb/seq/alu_sequence.sv(29) @ 675000: uvm_test_top.env.agent.sequencer@@seq [ALU_SEQ] Generated item: a=0xea b=0x15 op=ALU_SUB
UVM_INFO ../tb/agent/alu_monitor.sv(81) @ 675001: uvm_test_top.env.agent.monitor [ALU_MON] Sample item: a=0xea b=0x15 op=ALU_SUB out=0xd5
UVM_INFO ../tb/env/alu_scoreboard.sv(55) @ 675001: uvm_test_top.env.scb [ALU_SCB] PASS: a=0xea b=0x15 op=ALU_SUB expected=0xd5 actual=0xd5
UVM_INFO ../tb/agent/alu_driver.sv(35) @ 685000: uvm_test_top.env.agent.driver [ALU_DRV] Drive item: a=0xc6 b=0x7f op=ALU_SLT
UVM_INFO ../tb/seq/alu_sequence.sv(29) @ 685000: uvm_test_top.env.agent.sequencer@@seq [ALU_SEQ] Generated item: a=0xc6 b=0x7f op=ALU_SLT
UVM_INFO ../tb/agent/alu_monitor.sv(81) @ 685001: uvm_test_top.env.agent.monitor [ALU_MON] Sample item: a=0xc6 b=0x7f op=ALU_SLT out=0x0
UVM_INFO ../tb/env/alu_scoreboard.sv(55) @ 685001: uvm_test_top.env.scb [ALU_SCB] PASS: a=0xc6 b=0x7f op=ALU_SLT expected=0x0 actual=0x0
UVM_INFO ../tb/agent/alu_driver.sv(35) @ 695000: uvm_test_top.env.agent.driver [ALU_DRV] Drive item: a=0x14 b=0x36 op=ALU_ADD
UVM_INFO ../tb/seq/alu_sequence.sv(29) @ 695000: uvm_test_top.env.agent.sequencer@@seq [ALU_SEQ] Generated item: a=0x14 b=0x36 op=ALU_ADD
UVM_INFO ../tb/agent/alu_monitor.sv(81) @ 695001: uvm_test_top.env.agent.monitor [ALU_MON] Sample item: a=0x14 b=0x36 op=ALU_ADD out=0x4a
UVM_INFO ../tb/env/alu_scoreboard.sv(55) @ 695001: uvm_test_top.env.scb [ALU_SCB] PASS: a=0x14 b=0x36 op=ALU_ADD expected=0x4a actual=0x4a
UVM_INFO ../tb/agent/alu_driver.sv(35) @ 705000: uvm_test_top.env.agent.driver [ALU_DRV] Drive item: a=0x50 b=0xc4 op=ALU_SLT
UVM_INFO ../tb/seq/alu_sequence.sv(29) @ 705000: uvm_test_top.env.agent.sequencer@@seq [ALU_SEQ] Generated item: a=0x50 b=0xc4 op=ALU_SLT
UVM_INFO ../tb/agent/alu_monitor.sv(81) @ 705001: uvm_test_top.env.agent.monitor [ALU_MON] Sample item: a=0x50 b=0xc4 op=ALU_SLT out=0x1
UVM_INFO ../tb/env/alu_scoreboard.sv(55) @ 705001: uvm_test_top.env.scb [ALU_SCB] PASS: a=0x50 b=0xc4 op=ALU_SLT expected=0x1 actual=0x1
UVM_INFO ../tb/agent/alu_driver.sv(35) @ 715000: uvm_test_top.env.agent.driver [ALU_DRV] Drive item: a=0x82 b=0xde op=ALU_SRL
UVM_INFO ../tb/seq/alu_sequence.sv(29) @ 715000: uvm_test_top.env.agent.sequencer@@seq [ALU_SEQ] Generated item: a=0x82 b=0xde op=ALU_SRL
UVM_INFO ../tb/agent/alu_monitor.sv(81) @ 715001: uvm_test_top.env.agent.monitor [ALU_MON] Sample item: a=0x82 b=0xde op=ALU_SRL out=0x2
UVM_INFO ../tb/env/alu_scoreboard.sv(55) @ 715001: uvm_test_top.env.scb [ALU_SCB] PASS: a=0x82 b=0xde op=ALU_SRL expected=0x2 actual=0x2
UVM_INFO ../tb/agent/alu_driver.sv(35) @ 725000: uvm_test_top.env.agent.driver [ALU_DRV] Drive item: a=0xdf b=0x4c op=ALU_ADD
UVM_INFO ../tb/seq/alu_sequence.sv(29) @ 725000: uvm_test_top.env.agent.sequencer@@seq [ALU_SEQ] Generated item: a=0xdf b=0x4c op=ALU_ADD
UVM_INFO ../tb/agent/alu_monitor.sv(81) @ 725001: uvm_test_top.env.agent.monitor [ALU_MON] Sample item: a=0xdf b=0x4c op=ALU_ADD out=0x2b
UVM_INFO ../tb/env/alu_scoreboard.sv(55) @ 725001: uvm_test_top.env.scb [ALU_SCB] PASS: a=0xdf b=0x4c op=ALU_ADD expected=0x2b actual=0x2b
UVM_INFO ../tb/agent/alu_driver.sv(35) @ 735000: uvm_test_top.env.agent.driver [ALU_DRV] Drive item: a=0xf2 b=0xae op=ALU_AND
UVM_INFO ../tb/seq/alu_sequence.sv(29) @ 735000: uvm_test_top.env.agent.sequencer@@seq [ALU_SEQ] Generated item: a=0xf2 b=0xae op=ALU_AND
UVM_INFO ../tb/agent/alu_monitor.sv(81) @ 735001: uvm_test_top.env.agent.monitor [ALU_MON] Sample item: a=0xf2 b=0xae op=ALU_AND out=0xa2
UVM_INFO ../tb/env/alu_scoreboard.sv(55) @ 735001: uvm_test_top.env.scb [ALU_SCB] PASS: a=0xf2 b=0xae op=ALU_AND expected=0xa2 actual=0xa2
UVM_INFO ../tb/agent/alu_driver.sv(35) @ 745000: uvm_test_top.env.agent.driver [ALU_DRV] Drive item: a=0x34 b=0x6e op=ALU_XOR
UVM_INFO ../tb/seq/alu_sequence.sv(29) @ 745000: uvm_test_top.env.agent.sequencer@@seq [ALU_SEQ] Generated item: a=0x34 b=0x6e op=ALU_XOR
UVM_INFO ../tb/agent/alu_monitor.sv(81) @ 745001: uvm_test_top.env.agent.monitor [ALU_MON] Sample item: a=0x34 b=0x6e op=ALU_XOR out=0x5a
UVM_INFO ../tb/env/alu_scoreboard.sv(55) @ 745001: uvm_test_top.env.scb [ALU_SCB] PASS: a=0x34 b=0x6e op=ALU_XOR expected=0x5a actual=0x5a
UVM_INFO ../tb/agent/alu_driver.sv(35) @ 755000: uvm_test_top.env.agent.driver [ALU_DRV] Drive item: a=0x7 b=0xb9 op=ALU_SLL
UVM_INFO ../tb/seq/alu_sequence.sv(29) @ 755000: uvm_test_top.env.agent.sequencer@@seq [ALU_SEQ] Generated item: a=0x7 b=0xb9 op=ALU_SLL
UVM_INFO ../tb/agent/alu_monitor.sv(81) @ 755001: uvm_test_top.env.agent.monitor [ALU_MON] Sample item: a=0x7 b=0xb9 op=ALU_SLL out=0xe
UVM_INFO ../tb/env/alu_scoreboard.sv(55) @ 755001: uvm_test_top.env.scb [ALU_SCB] PASS: a=0x7 b=0xb9 op=ALU_SLL expected=0xe actual=0xe
UVM_INFO ../tb/agent/alu_driver.sv(35) @ 765000: uvm_test_top.env.agent.driver [ALU_DRV] Drive item: a=0x8c b=0xff op=ALU_XOR
UVM_INFO ../tb/seq/alu_sequence.sv(29) @ 765000: uvm_test_top.env.agent.sequencer@@seq [ALU_SEQ] Generated item: a=0x8c b=0xff op=ALU_XOR
UVM_INFO ../tb/agent/alu_monitor.sv(81) @ 765001: uvm_test_top.env.agent.monitor [ALU_MON] Sample item: a=0x8c b=0xff op=ALU_XOR out=0x73
UVM_INFO ../tb/env/alu_scoreboard.sv(55) @ 765001: uvm_test_top.env.scb [ALU_SCB] PASS: a=0x8c b=0xff op=ALU_XOR expected=0x73 actual=0x73
UVM_INFO ../tb/agent/alu_driver.sv(35) @ 775000: uvm_test_top.env.agent.driver [ALU_DRV] Drive item: a=0x5d b=0x44 op=ALU_SLL
UVM_INFO ../tb/seq/alu_sequence.sv(29) @ 775000: uvm_test_top.env.agent.sequencer@@seq [ALU_SEQ] Generated item: a=0x5d b=0x44 op=ALU_SLL
UVM_INFO ../tb/agent/alu_monitor.sv(81) @ 775001: uvm_test_top.env.agent.monitor [ALU_MON] Sample item: a=0x5d b=0x44 op=ALU_SLL out=0xd0
UVM_INFO ../tb/env/alu_scoreboard.sv(55) @ 775001: uvm_test_top.env.scb [ALU_SCB] PASS: a=0x5d b=0x44 op=ALU_SLL expected=0xd0 actual=0xd0
UVM_INFO ../tb/agent/alu_driver.sv(35) @ 785000: uvm_test_top.env.agent.driver [ALU_DRV] Drive item: a=0x75 b=0xe8 op=ALU_SUB
UVM_INFO ../tb/seq/alu_sequence.sv(29) @ 785000: uvm_test_top.env.agent.sequencer@@seq [ALU_SEQ] Generated item: a=0x75 b=0xe8 op=ALU_SUB
UVM_INFO ../tb/agent/alu_monitor.sv(81) @ 785001: uvm_test_top.env.agent.monitor [ALU_MON] Sample item: a=0x75 b=0xe8 op=ALU_SUB out=0x8d
UVM_INFO ../tb/env/alu_scoreboard.sv(55) @ 785001: uvm_test_top.env.scb [ALU_SCB] PASS: a=0x75 b=0xe8 op=ALU_SUB expected=0x8d actual=0x8d
UVM_INFO ../tb/agent/alu_driver.sv(35) @ 795000: uvm_test_top.env.agent.driver [ALU_DRV] Drive item: a=0x13 b=0xee op=ALU_SRL
UVM_INFO ../tb/seq/alu_sequence.sv(29) @ 795000: uvm_test_top.env.agent.sequencer@@seq [ALU_SEQ] Generated item: a=0x13 b=0xee op=ALU_SRL
UVM_INFO ../tb/agent/alu_monitor.sv(81) @ 795001: uvm_test_top.env.agent.monitor [ALU_MON] Sample item: a=0x13 b=0xee op=ALU_SRL out=0x0
UVM_INFO ../tb/env/alu_scoreboard.sv(55) @ 795001: uvm_test_top.env.scb [ALU_SCB] PASS: a=0x13 b=0xee op=ALU_SRL expected=0x0 actual=0x0
UVM_INFO ../tb/agent/alu_driver.sv(35) @ 805000: uvm_test_top.env.agent.driver [ALU_DRV] Drive item: a=0x3c b=0x79 op=ALU_SLT
UVM_INFO ../tb/seq/alu_sequence.sv(29) @ 805000: uvm_test_top.env.agent.sequencer@@seq [ALU_SEQ] Generated item: a=0x3c b=0x79 op=ALU_SLT
UVM_INFO ../tb/agent/alu_monitor.sv(81) @ 805001: uvm_test_top.env.agent.monitor [ALU_MON] Sample item: a=0x3c b=0x79 op=ALU_SLT out=0x1
UVM_INFO ../tb/env/alu_scoreboard.sv(55) @ 805001: uvm_test_top.env.scb [ALU_SCB] PASS: a=0x3c b=0x79 op=ALU_SLT expected=0x1 actual=0x1
UVM_INFO ../tb/agent/alu_driver.sv(35) @ 815000: uvm_test_top.env.agent.driver [ALU_DRV] Drive item: a=0x16 b=0x31 op=ALU_AND
UVM_INFO ../tb/seq/alu_sequence.sv(29) @ 815000: uvm_test_top.env.agent.sequencer@@seq [ALU_SEQ] Generated item: a=0x16 b=0x31 op=ALU_AND
UVM_INFO ../tb/agent/alu_monitor.sv(81) @ 815001: uvm_test_top.env.agent.monitor [ALU_MON] Sample item: a=0x16 b=0x31 op=ALU_AND out=0x10
UVM_INFO ../tb/env/alu_scoreboard.sv(55) @ 815001: uvm_test_top.env.scb [ALU_SCB] PASS: a=0x16 b=0x31 op=ALU_AND expected=0x10 actual=0x10
UVM_INFO ../tb/agent/alu_driver.sv(35) @ 825000: uvm_test_top.env.agent.driver [ALU_DRV] Drive item: a=0xa2 b=0x94 op=ALU_AND
UVM_INFO ../tb/seq/alu_sequence.sv(29) @ 825000: uvm_test_top.env.agent.sequencer@@seq [ALU_SEQ] Generated item: a=0xa2 b=0x94 op=ALU_AND
UVM_INFO ../tb/agent/alu_monitor.sv(81) @ 825001: uvm_test_top.env.agent.monitor [ALU_MON] Sample item: a=0xa2 b=0x94 op=ALU_AND out=0x80
UVM_INFO ../tb/env/alu_scoreboard.sv(55) @ 825001: uvm_test_top.env.scb [ALU_SCB] PASS: a=0xa2 b=0x94 op=ALU_AND expected=0x80 actual=0x80
UVM_INFO ../tb/agent/alu_driver.sv(35) @ 835000: uvm_test_top.env.agent.driver [ALU_DRV] Drive item: a=0x29 b=0x40 op=ALU_SRL
UVM_INFO ../tb/seq/alu_sequence.sv(29) @ 835000: uvm_test_top.env.agent.sequencer@@seq [ALU_SEQ] Generated item: a=0x29 b=0x40 op=ALU_SRL
UVM_INFO ../tb/agent/alu_monitor.sv(81) @ 835001: uvm_test_top.env.agent.monitor [ALU_MON] Sample item: a=0x29 b=0x40 op=ALU_SRL out=0x29
UVM_INFO ../tb/env/alu_scoreboard.sv(55) @ 835001: uvm_test_top.env.scb [ALU_SCB] PASS: a=0x29 b=0x40 op=ALU_SRL expected=0x29 actual=0x29
UVM_INFO ../tb/agent/alu_driver.sv(35) @ 845000: uvm_test_top.env.agent.driver [ALU_DRV] Drive item: a=0xb8 b=0x93 op=ALU_SLT
UVM_INFO ../tb/seq/alu_sequence.sv(29) @ 845000: uvm_test_top.env.agent.sequencer@@seq [ALU_SEQ] Generated item: a=0xb8 b=0x93 op=ALU_SLT
UVM_INFO ../tb/agent/alu_monitor.sv(81) @ 845001: uvm_test_top.env.agent.monitor [ALU_MON] Sample item: a=0xb8 b=0x93 op=ALU_SLT out=0x0
UVM_INFO ../tb/env/alu_scoreboard.sv(55) @ 845001: uvm_test_top.env.scb [ALU_SCB] PASS: a=0xb8 b=0x93 op=ALU_SLT expected=0x0 actual=0x0
UVM_INFO ../tb/agent/alu_driver.sv(35) @ 855000: uvm_test_top.env.agent.driver [ALU_DRV] Drive item: a=0x5b b=0x42 op=ALU_SRL
UVM_INFO ../tb/seq/alu_sequence.sv(29) @ 855000: uvm_test_top.env.agent.sequencer@@seq [ALU_SEQ] Generated item: a=0x5b b=0x42 op=ALU_SRL
UVM_INFO ../tb/agent/alu_monitor.sv(81) @ 855001: uvm_test_top.env.agent.monitor [ALU_MON] Sample item: a=0x5b b=0x42 op=ALU_SRL out=0x16
UVM_INFO ../tb/env/alu_scoreboard.sv(55) @ 855001: uvm_test_top.env.scb [ALU_SCB] PASS: a=0x5b b=0x42 op=ALU_SRL expected=0x16 actual=0x16
UVM_INFO ../tb/agent/alu_driver.sv(35) @ 865000: uvm_test_top.env.agent.driver [ALU_DRV] Drive item: a=0x56 b=0x3e op=ALU_SRL
UVM_INFO ../tb/seq/alu_sequence.sv(29) @ 865000: uvm_test_top.env.agent.sequencer@@seq [ALU_SEQ] Generated item: a=0x56 b=0x3e op=ALU_SRL
UVM_INFO ../tb/agent/alu_monitor.sv(81) @ 865001: uvm_test_top.env.agent.monitor [ALU_MON] Sample item: a=0x56 b=0x3e op=ALU_SRL out=0x1
UVM_INFO ../tb/env/alu_scoreboard.sv(55) @ 865001: uvm_test_top.env.scb [ALU_SCB] PASS: a=0x56 b=0x3e op=ALU_SRL expected=0x1 actual=0x1
UVM_INFO ../tb/agent/alu_driver.sv(35) @ 875000: uvm_test_top.env.agent.driver [ALU_DRV] Drive item: a=0xc0 b=0x19 op=ALU_XOR
UVM_INFO ../tb/seq/alu_sequence.sv(29) @ 875000: uvm_test_top.env.agent.sequencer@@seq [ALU_SEQ] Generated item: a=0xc0 b=0x19 op=ALU_XOR
UVM_INFO ../tb/agent/alu_monitor.sv(81) @ 875001: uvm_test_top.env.agent.monitor [ALU_MON] Sample item: a=0xc0 b=0x19 op=ALU_XOR out=0xd9
UVM_INFO ../tb/env/alu_scoreboard.sv(55) @ 875001: uvm_test_top.env.scb [ALU_SCB] PASS: a=0xc0 b=0x19 op=ALU_XOR expected=0xd9 actual=0xd9
UVM_INFO ../tb/agent/alu_driver.sv(35) @ 885000: uvm_test_top.env.agent.driver [ALU_DRV] Drive item: a=0xd3 b=0xb2 op=ALU_SUB
UVM_INFO ../tb/seq/alu_sequence.sv(29) @ 885000: uvm_test_top.env.agent.sequencer@@seq [ALU_SEQ] Generated item: a=0xd3 b=0xb2 op=ALU_SUB
UVM_INFO ../tb/agent/alu_monitor.sv(81) @ 885001: uvm_test_top.env.agent.monitor [ALU_MON] Sample item: a=0xd3 b=0xb2 op=ALU_SUB out=0x21
UVM_INFO ../tb/env/alu_scoreboard.sv(55) @ 885001: uvm_test_top.env.scb [ALU_SCB] PASS: a=0xd3 b=0xb2 op=ALU_SUB expected=0x21 actual=0x21
UVM_INFO ../tb/agent/alu_driver.sv(35) @ 895000: uvm_test_top.env.agent.driver [ALU_DRV] Drive item: a=0x2d b=0xdd op=ALU_ADD
UVM_INFO ../tb/seq/alu_sequence.sv(29) @ 895000: uvm_test_top.env.agent.sequencer@@seq [ALU_SEQ] Generated item: a=0x2d b=0xdd op=ALU_ADD
UVM_INFO ../tb/agent/alu_monitor.sv(81) @ 895001: uvm_test_top.env.agent.monitor [ALU_MON] Sample item: a=0x2d b=0xdd op=ALU_ADD out=0xa
UVM_INFO ../tb/env/alu_scoreboard.sv(55) @ 895001: uvm_test_top.env.scb [ALU_SCB] PASS: a=0x2d b=0xdd op=ALU_ADD expected=0xa actual=0xa
UVM_INFO ../tb/agent/alu_driver.sv(35) @ 905000: uvm_test_top.env.agent.driver [ALU_DRV] Drive item: a=0xac b=0x51 op=ALU_SLT
UVM_INFO ../tb/seq/alu_sequence.sv(29) @ 905000: uvm_test_top.env.agent.sequencer@@seq [ALU_SEQ] Generated item: a=0xac b=0x51 op=ALU_SLT
UVM_INFO ../tb/agent/alu_monitor.sv(81) @ 905001: uvm_test_top.env.agent.monitor [ALU_MON] Sample item: a=0xac b=0x51 op=ALU_SLT out=0x0
UVM_INFO ../tb/env/alu_scoreboard.sv(55) @ 905001: uvm_test_top.env.scb [ALU_SCB] PASS: a=0xac b=0x51 op=ALU_SLT expected=0x0 actual=0x0
UVM_INFO ../tb/agent/alu_driver.sv(35) @ 915000: uvm_test_top.env.agent.driver [ALU_DRV] Drive item: a=0xdb b=0xb3 op=ALU_AND
UVM_INFO ../tb/seq/alu_sequence.sv(29) @ 915000: uvm_test_top.env.agent.sequencer@@seq [ALU_SEQ] Generated item: a=0xdb b=0xb3 op=ALU_AND
UVM_INFO ../tb/agent/alu_monitor.sv(81) @ 915001: uvm_test_top.env.agent.monitor [ALU_MON] Sample item: a=0xdb b=0xb3 op=ALU_AND out=0x93
UVM_INFO ../tb/env/alu_scoreboard.sv(55) @ 915001: uvm_test_top.env.scb [ALU_SCB] PASS: a=0xdb b=0xb3 op=ALU_AND expected=0x93 actual=0x93
UVM_INFO ../tb/agent/alu_driver.sv(35) @ 925000: uvm_test_top.env.agent.driver [ALU_DRV] Drive item: a=0xa7 b=0xb2 op=ALU_ADD
UVM_INFO ../tb/seq/alu_sequence.sv(29) @ 925000: uvm_test_top.env.agent.sequencer@@seq [ALU_SEQ] Generated item: a=0xa7 b=0xb2 op=ALU_ADD
UVM_INFO ../tb/agent/alu_monitor.sv(81) @ 925001: uvm_test_top.env.agent.monitor [ALU_MON] Sample item: a=0xa7 b=0xb2 op=ALU_ADD out=0x59
UVM_INFO ../tb/env/alu_scoreboard.sv(55) @ 925001: uvm_test_top.env.scb [ALU_SCB] PASS: a=0xa7 b=0xb2 op=ALU_ADD expected=0x59 actual=0x59
UVM_INFO ../tb/agent/alu_driver.sv(35) @ 935000: uvm_test_top.env.agent.driver [ALU_DRV] Drive item: a=0x60 b=0x4a op=ALU_SRL
UVM_INFO ../tb/seq/alu_sequence.sv(29) @ 935000: uvm_test_top.env.agent.sequencer@@seq [ALU_SEQ] Generated item: a=0x60 b=0x4a op=ALU_SRL
UVM_INFO ../tb/agent/alu_monitor.sv(81) @ 935001: uvm_test_top.env.agent.monitor [ALU_MON] Sample item: a=0x60 b=0x4a op=ALU_SRL out=0x18
UVM_INFO ../tb/env/alu_scoreboard.sv(55) @ 935001: uvm_test_top.env.scb [ALU_SCB] PASS: a=0x60 b=0x4a op=ALU_SRL expected=0x18 actual=0x18
UVM_INFO ../tb/agent/alu_driver.sv(35) @ 945000: uvm_test_top.env.agent.driver [ALU_DRV] Drive item: a=0xa9 b=0xc7 op=ALU_SRL
UVM_INFO ../tb/seq/alu_sequence.sv(29) @ 945000: uvm_test_top.env.agent.sequencer@@seq [ALU_SEQ] Generated item: a=0xa9 b=0xc7 op=ALU_SRL
UVM_INFO ../tb/agent/alu_monitor.sv(81) @ 945001: uvm_test_top.env.agent.monitor [ALU_MON] Sample item: a=0xa9 b=0xc7 op=ALU_SRL out=0x1
UVM_INFO ../tb/env/alu_scoreboard.sv(55) @ 945001: uvm_test_top.env.scb [ALU_SCB] PASS: a=0xa9 b=0xc7 op=ALU_SRL expected=0x1 actual=0x1
UVM_INFO ../tb/agent/alu_driver.sv(35) @ 955000: uvm_test_top.env.agent.driver [ALU_DRV] Drive item: a=0xcf b=0x6 op=ALU_OR
UVM_INFO ../tb/seq/alu_sequence.sv(29) @ 955000: uvm_test_top.env.agent.sequencer@@seq [ALU_SEQ] Generated item: a=0xcf b=0x6 op=ALU_OR
UVM_INFO ../tb/agent/alu_monitor.sv(81) @ 955001: uvm_test_top.env.agent.monitor [ALU_MON] Sample item: a=0xcf b=0x6 op=ALU_OR out=0xcf
UVM_INFO ../tb/env/alu_scoreboard.sv(55) @ 955001: uvm_test_top.env.scb [ALU_SCB] PASS: a=0xcf b=0x6 op=ALU_OR expected=0xcf actual=0xcf
UVM_INFO ../tb/agent/alu_driver.sv(35) @ 965000: uvm_test_top.env.agent.driver [ALU_DRV] Drive item: a=0xc b=0x8 op=ALU_SLT
UVM_INFO ../tb/seq/alu_sequence.sv(29) @ 965000: uvm_test_top.env.agent.sequencer@@seq [ALU_SEQ] Generated item: a=0xc b=0x8 op=ALU_SLT
UVM_INFO ../tb/agent/alu_monitor.sv(81) @ 965001: uvm_test_top.env.agent.monitor [ALU_MON] Sample item: a=0xc b=0x8 op=ALU_SLT out=0x0
UVM_INFO ../tb/env/alu_scoreboard.sv(55) @ 965001: uvm_test_top.env.scb [ALU_SCB] PASS: a=0xc b=0x8 op=ALU_SLT expected=0x0 actual=0x0
UVM_INFO ../tb/agent/alu_driver.sv(35) @ 975000: uvm_test_top.env.agent.driver [ALU_DRV] Drive item: a=0xd1 b=0xf0 op=ALU_SLT
UVM_INFO ../tb/seq/alu_sequence.sv(29) @ 975000: uvm_test_top.env.agent.sequencer@@seq [ALU_SEQ] Generated item: a=0xd1 b=0xf0 op=ALU_SLT
UVM_INFO ../tb/agent/alu_monitor.sv(81) @ 975001: uvm_test_top.env.agent.monitor [ALU_MON] Sample item: a=0xd1 b=0xf0 op=ALU_SLT out=0x1
UVM_INFO ../tb/env/alu_scoreboard.sv(55) @ 975001: uvm_test_top.env.scb [ALU_SCB] PASS: a=0xd1 b=0xf0 op=ALU_SLT expected=0x1 actual=0x1
UVM_INFO ../tb/agent/alu_driver.sv(35) @ 985000: uvm_test_top.env.agent.driver [ALU_DRV] Drive item: a=0xe b=0x43 op=ALU_XOR
UVM_INFO ../tb/seq/alu_sequence.sv(29) @ 985000: uvm_test_top.env.agent.sequencer@@seq [ALU_SEQ] Generated item: a=0xe b=0x43 op=ALU_XOR
UVM_INFO ../tb/agent/alu_monitor.sv(81) @ 985001: uvm_test_top.env.agent.monitor [ALU_MON] Sample item: a=0xe b=0x43 op=ALU_XOR out=0x4d
UVM_INFO ../tb/env/alu_scoreboard.sv(55) @ 985001: uvm_test_top.env.scb [ALU_SCB] PASS: a=0xe b=0x43 op=ALU_XOR expected=0x4d actual=0x4d
UVM_INFO ../tb/agent/alu_driver.sv(35) @ 995000: uvm_test_top.env.agent.driver [ALU_DRV] Drive item: a=0x6f b=0xf7 op=ALU_XOR
UVM_INFO ../tb/seq/alu_sequence.sv(29) @ 995000: uvm_test_top.env.agent.sequencer@@seq [ALU_SEQ] Generated item: a=0x6f b=0xf7 op=ALU_XOR
UVM_INFO ../tb/agent/alu_monitor.sv(81) @ 995001: uvm_test_top.env.agent.monitor [ALU_MON] Sample item: a=0x6f b=0xf7 op=ALU_XOR out=0x98
UVM_INFO ../tb/env/alu_scoreboard.sv(55) @ 995001: uvm_test_top.env.scb [ALU_SCB] PASS: a=0x6f b=0xf7 op=ALU_XOR expected=0x98 actual=0x98
UVM_INFO ../tb/agent/alu_driver.sv(35) @ 1005000: uvm_test_top.env.agent.driver [ALU_DRV] Drive item: a=0x0 b=0x55 op=ALU_ADD
UVM_INFO ../tb/agent/alu_monitor.sv(81) @ 1005001: uvm_test_top.env.agent.monitor [ALU_MON] Sample item: a=0x0 b=0x55 op=ALU_ADD out=0x55
UVM_INFO ../tb/env/alu_scoreboard.sv(55) @ 1005001: uvm_test_top.env.scb [ALU_SCB] PASS: a=0x0 b=0x55 op=ALU_ADD expected=0x55 actual=0x55
UVM_INFO ../tb/agent/alu_driver.sv(35) @ 1015000: uvm_test_top.env.agent.driver [ALU_DRV] Drive item: a=0x1 b=0x55 op=ALU_ADD
UVM_INFO ../tb/agent/alu_monitor.sv(81) @ 1015001: uvm_test_top.env.agent.monitor [ALU_MON] Sample item: a=0x1 b=0x55 op=ALU_ADD out=0x56
UVM_INFO ../tb/env/alu_scoreboard.sv(55) @ 1015001: uvm_test_top.env.scb [ALU_SCB] PASS: a=0x1 b=0x55 op=ALU_ADD expected=0x56 actual=0x56
UVM_INFO ../tb/agent/alu_driver.sv(35) @ 1025000: uvm_test_top.env.agent.driver [ALU_DRV] Drive item: a=0xff b=0x55 op=ALU_ADD
UVM_INFO ../tb/agent/alu_monitor.sv(81) @ 1025001: uvm_test_top.env.agent.monitor [ALU_MON] Sample item: a=0xff b=0x55 op=ALU_ADD out=0x54
UVM_INFO ../tb/env/alu_scoreboard.sv(55) @ 1025001: uvm_test_top.env.scb [ALU_SCB] PASS: a=0xff b=0x55 op=ALU_ADD expected=0x54 actual=0x54
UVM_INFO ../tb/agent/alu_driver.sv(35) @ 1035000: uvm_test_top.env.agent.driver [ALU_DRV] Drive item: a=0x0 b=0x55 op=ALU_SUB
UVM_INFO ../tb/agent/alu_monitor.sv(81) @ 1035001: uvm_test_top.env.agent.monitor [ALU_MON] Sample item: a=0x0 b=0x55 op=ALU_SUB out=0xab
UVM_INFO ../tb/env/alu_scoreboard.sv(55) @ 1035001: uvm_test_top.env.scb [ALU_SCB] PASS: a=0x0 b=0x55 op=ALU_SUB expected=0xab actual=0xab
UVM_INFO ../tb/agent/alu_driver.sv(35) @ 1045000: uvm_test_top.env.agent.driver [ALU_DRV] Drive item: a=0x1 b=0x55 op=ALU_SUB
UVM_INFO ../tb/agent/alu_monitor.sv(81) @ 1045001: uvm_test_top.env.agent.monitor [ALU_MON] Sample item: a=0x1 b=0x55 op=ALU_SUB out=0xac
UVM_INFO ../tb/env/alu_scoreboard.sv(55) @ 1045001: uvm_test_top.env.scb [ALU_SCB] PASS: a=0x1 b=0x55 op=ALU_SUB expected=0xac actual=0xac
UVM_INFO ../tb/agent/alu_driver.sv(35) @ 1055000: uvm_test_top.env.agent.driver [ALU_DRV] Drive item: a=0xff b=0x55 op=ALU_SUB
UVM_INFO ../tb/agent/alu_monitor.sv(81) @ 1055001: uvm_test_top.env.agent.monitor [ALU_MON] Sample item: a=0xff b=0x55 op=ALU_SUB out=0xaa
UVM_INFO ../tb/env/alu_scoreboard.sv(55) @ 1055001: uvm_test_top.env.scb [ALU_SCB] PASS: a=0xff b=0x55 op=ALU_SUB expected=0xaa actual=0xaa
UVM_INFO ../tb/agent/alu_driver.sv(35) @ 1065000: uvm_test_top.env.agent.driver [ALU_DRV] Drive item: a=0x0 b=0x55 op=ALU_AND
UVM_INFO ../tb/agent/alu_monitor.sv(81) @ 1065001: uvm_test_top.env.agent.monitor [ALU_MON] Sample item: a=0x0 b=0x55 op=ALU_AND out=0x0
UVM_INFO ../tb/env/alu_scoreboard.sv(55) @ 1065001: uvm_test_top.env.scb [ALU_SCB] PASS: a=0x0 b=0x55 op=ALU_AND expected=0x0 actual=0x0
UVM_INFO ../tb/agent/alu_driver.sv(35) @ 1075000: uvm_test_top.env.agent.driver [ALU_DRV] Drive item: a=0x1 b=0x55 op=ALU_AND
UVM_INFO ../tb/agent/alu_monitor.sv(81) @ 1075001: uvm_test_top.env.agent.monitor [ALU_MON] Sample item: a=0x1 b=0x55 op=ALU_AND out=0x1
UVM_INFO ../tb/env/alu_scoreboard.sv(55) @ 1075001: uvm_test_top.env.scb [ALU_SCB] PASS: a=0x1 b=0x55 op=ALU_AND expected=0x1 actual=0x1
UVM_INFO ../tb/agent/alu_driver.sv(35) @ 1085000: uvm_test_top.env.agent.driver [ALU_DRV] Drive item: a=0xff b=0x55 op=ALU_AND
UVM_INFO ../tb/agent/alu_monitor.sv(81) @ 1085001: uvm_test_top.env.agent.monitor [ALU_MON] Sample item: a=0xff b=0x55 op=ALU_AND out=0x55
UVM_INFO ../tb/env/alu_scoreboard.sv(55) @ 1085001: uvm_test_top.env.scb [ALU_SCB] PASS: a=0xff b=0x55 op=ALU_AND expected=0x55 actual=0x55
UVM_INFO ../tb/agent/alu_driver.sv(35) @ 1095000: uvm_test_top.env.agent.driver [ALU_DRV] Drive item: a=0x0 b=0x55 op=ALU_OR
UVM_INFO ../tb/agent/alu_monitor.sv(81) @ 1095001: uvm_test_top.env.agent.monitor [ALU_MON] Sample item: a=0x0 b=0x55 op=ALU_OR out=0x55
UVM_INFO ../tb/env/alu_scoreboard.sv(55) @ 1095001: uvm_test_top.env.scb [ALU_SCB] PASS: a=0x0 b=0x55 op=ALU_OR expected=0x55 actual=0x55
UVM_INFO ../tb/agent/alu_driver.sv(35) @ 1105000: uvm_test_top.env.agent.driver [ALU_DRV] Drive item: a=0x1 b=0x55 op=ALU_OR
UVM_INFO ../tb/agent/alu_monitor.sv(81) @ 1105001: uvm_test_top.env.agent.monitor [ALU_MON] Sample item: a=0x1 b=0x55 op=ALU_OR out=0x55
UVM_INFO ../tb/env/alu_scoreboard.sv(55) @ 1105001: uvm_test_top.env.scb [ALU_SCB] PASS: a=0x1 b=0x55 op=ALU_OR expected=0x55 actual=0x55
UVM_INFO ../tb/agent/alu_driver.sv(35) @ 1115000: uvm_test_top.env.agent.driver [ALU_DRV] Drive item: a=0xff b=0x55 op=ALU_OR
UVM_INFO ../tb/agent/alu_monitor.sv(81) @ 1115001: uvm_test_top.env.agent.monitor [ALU_MON] Sample item: a=0xff b=0x55 op=ALU_OR out=0xff
UVM_INFO ../tb/env/alu_scoreboard.sv(55) @ 1115001: uvm_test_top.env.scb [ALU_SCB] PASS: a=0xff b=0x55 op=ALU_OR expected=0xff actual=0xff
UVM_INFO ../tb/agent/alu_driver.sv(35) @ 1125000: uvm_test_top.env.agent.driver [ALU_DRV] Drive item: a=0x0 b=0x55 op=ALU_XOR
UVM_INFO ../tb/agent/alu_monitor.sv(81) @ 1125001: uvm_test_top.env.agent.monitor [ALU_MON] Sample item: a=0x0 b=0x55 op=ALU_XOR out=0x55
UVM_INFO ../tb/env/alu_scoreboard.sv(55) @ 1125001: uvm_test_top.env.scb [ALU_SCB] PASS: a=0x0 b=0x55 op=ALU_XOR expected=0x55 actual=0x55
UVM_INFO ../tb/agent/alu_driver.sv(35) @ 1135000: uvm_test_top.env.agent.driver [ALU_DRV] Drive item: a=0x1 b=0x55 op=ALU_XOR
UVM_INFO ../tb/agent/alu_monitor.sv(81) @ 1135001: uvm_test_top.env.agent.monitor [ALU_MON] Sample item: a=0x1 b=0x55 op=ALU_XOR out=0x54
UVM_INFO ../tb/env/alu_scoreboard.sv(55) @ 1135001: uvm_test_top.env.scb [ALU_SCB] PASS: a=0x1 b=0x55 op=ALU_XOR expected=0x54 actual=0x54
UVM_INFO ../tb/agent/alu_driver.sv(35) @ 1145000: uvm_test_top.env.agent.driver [ALU_DRV] Drive item: a=0xff b=0x55 op=ALU_XOR
UVM_INFO ../tb/agent/alu_monitor.sv(81) @ 1145001: uvm_test_top.env.agent.monitor [ALU_MON] Sample item: a=0xff b=0x55 op=ALU_XOR out=0xaa
UVM_INFO ../tb/env/alu_scoreboard.sv(55) @ 1145001: uvm_test_top.env.scb [ALU_SCB] PASS: a=0xff b=0x55 op=ALU_XOR expected=0xaa actual=0xaa
UVM_INFO ../tb/agent/alu_driver.sv(35) @ 1155000: uvm_test_top.env.agent.driver [ALU_DRV] Drive item: a=0x0 b=0x55 op=ALU_SLL
UVM_INFO ../tb/agent/alu_monitor.sv(81) @ 1155001: uvm_test_top.env.agent.monitor [ALU_MON] Sample item: a=0x0 b=0x55 op=ALU_SLL out=0x0
UVM_INFO ../tb/env/alu_scoreboard.sv(55) @ 1155001: uvm_test_top.env.scb [ALU_SCB] PASS: a=0x0 b=0x55 op=ALU_SLL expected=0x0 actual=0x0
UVM_INFO ../tb/agent/alu_driver.sv(35) @ 1165000: uvm_test_top.env.agent.driver [ALU_DRV] Drive item: a=0x1 b=0x55 op=ALU_SLL
UVM_INFO ../tb/agent/alu_monitor.sv(81) @ 1165001: uvm_test_top.env.agent.monitor [ALU_MON] Sample item: a=0x1 b=0x55 op=ALU_SLL out=0x20
UVM_INFO ../tb/env/alu_scoreboard.sv(55) @ 1165001: uvm_test_top.env.scb [ALU_SCB] PASS: a=0x1 b=0x55 op=ALU_SLL expected=0x20 actual=0x20
UVM_INFO ../tb/agent/alu_driver.sv(35) @ 1175000: uvm_test_top.env.agent.driver [ALU_DRV] Drive item: a=0xff b=0x55 op=ALU_SLL
UVM_INFO ../tb/agent/alu_monitor.sv(81) @ 1175001: uvm_test_top.env.agent.monitor [ALU_MON] Sample item: a=0xff b=0x55 op=ALU_SLL out=0xe0
UVM_INFO ../tb/env/alu_scoreboard.sv(55) @ 1175001: uvm_test_top.env.scb [ALU_SCB] PASS: a=0xff b=0x55 op=ALU_SLL expected=0xe0 actual=0xe0
UVM_INFO ../tb/agent/alu_driver.sv(35) @ 1185000: uvm_test_top.env.agent.driver [ALU_DRV] Drive item: a=0x0 b=0x55 op=ALU_SRL
UVM_INFO ../tb/agent/alu_monitor.sv(81) @ 1185001: uvm_test_top.env.agent.monitor [ALU_MON] Sample item: a=0x0 b=0x55 op=ALU_SRL out=0x0
UVM_INFO ../tb/env/alu_scoreboard.sv(55) @ 1185001: uvm_test_top.env.scb [ALU_SCB] PASS: a=0x0 b=0x55 op=ALU_SRL expected=0x0 actual=0x0
UVM_INFO ../tb/agent/alu_driver.sv(35) @ 1195000: uvm_test_top.env.agent.driver [ALU_DRV] Drive item: a=0x1 b=0x55 op=ALU_SRL
UVM_INFO ../tb/agent/alu_monitor.sv(81) @ 1195001: uvm_test_top.env.agent.monitor [ALU_MON] Sample item: a=0x1 b=0x55 op=ALU_SRL out=0x0
UVM_INFO ../tb/env/alu_scoreboard.sv(55) @ 1195001: uvm_test_top.env.scb [ALU_SCB] PASS: a=0x1 b=0x55 op=ALU_SRL expected=0x0 actual=0x0
UVM_INFO ../tb/agent/alu_driver.sv(35) @ 1205000: uvm_test_top.env.agent.driver [ALU_DRV] Drive item: a=0xff b=0x55 op=ALU_SRL
UVM_INFO ../tb/agent/alu_monitor.sv(81) @ 1205001: uvm_test_top.env.agent.monitor [ALU_MON] Sample item: a=0xff b=0x55 op=ALU_SRL out=0x7
UVM_INFO ../tb/env/alu_scoreboard.sv(55) @ 1205001: uvm_test_top.env.scb [ALU_SCB] PASS: a=0xff b=0x55 op=ALU_SRL expected=0x7 actual=0x7
UVM_INFO ../tb/agent/alu_driver.sv(35) @ 1215000: uvm_test_top.env.agent.driver [ALU_DRV] Drive item: a=0x0 b=0x55 op=ALU_SLT
UVM_INFO ../tb/agent/alu_monitor.sv(81) @ 1215001: uvm_test_top.env.agent.monitor [ALU_MON] Sample item: a=0x0 b=0x55 op=ALU_SLT out=0x1
UVM_INFO ../tb/env/alu_scoreboard.sv(55) @ 1215001: uvm_test_top.env.scb [ALU_SCB] PASS: a=0x0 b=0x55 op=ALU_SLT expected=0x1 actual=0x1
UVM_INFO ../tb/agent/alu_driver.sv(35) @ 1225000: uvm_test_top.env.agent.driver [ALU_DRV] Drive item: a=0x1 b=0x55 op=ALU_SLT
UVM_INFO ../tb/agent/alu_monitor.sv(81) @ 1225001: uvm_test_top.env.agent.monitor [ALU_MON] Sample item: a=0x1 b=0x55 op=ALU_SLT out=0x1
UVM_INFO ../tb/env/alu_scoreboard.sv(55) @ 1225001: uvm_test_top.env.scb [ALU_SCB] PASS: a=0x1 b=0x55 op=ALU_SLT expected=0x1 actual=0x1
UVM_INFO ../tb/agent/alu_driver.sv(35) @ 1235000: uvm_test_top.env.agent.driver [ALU_DRV] Drive item: a=0xff b=0x55 op=ALU_SLT
UVM_INFO ../tb/agent/alu_monitor.sv(81) @ 1235001: uvm_test_top.env.agent.monitor [ALU_MON] Sample item: a=0xff b=0x55 op=ALU_SLT out=0x0
UVM_INFO ../tb/env/alu_scoreboard.sv(55) @ 1235001: uvm_test_top.env.scb [ALU_SCB] PASS: a=0xff b=0x55 op=ALU_SLT expected=0x0 actual=0x0
UVM_INFO ../tb/agent/alu_driver.sv(35) @ 1245000: uvm_test_top.env.agent.driver [ALU_DRV] Drive item: a=0xaa b=0x0 op=ALU_ADD
UVM_INFO ../tb/agent/alu_monitor.sv(81) @ 1245001: uvm_test_top.env.agent.monitor [ALU_MON] Sample item: a=0xaa b=0x0 op=ALU_ADD out=0xaa
UVM_INFO ../tb/env/alu_scoreboard.sv(55) @ 1245001: uvm_test_top.env.scb [ALU_SCB] PASS: a=0xaa b=0x0 op=ALU_ADD expected=0xaa actual=0xaa
UVM_INFO ../tb/agent/alu_driver.sv(35) @ 1255000: uvm_test_top.env.agent.driver [ALU_DRV] Drive item: a=0xaa b=0x1 op=ALU_ADD
UVM_INFO ../tb/agent/alu_monitor.sv(81) @ 1255001: uvm_test_top.env.agent.monitor [ALU_MON] Sample item: a=0xaa b=0x1 op=ALU_ADD out=0xab
UVM_INFO ../tb/env/alu_scoreboard.sv(55) @ 1255001: uvm_test_top.env.scb [ALU_SCB] PASS: a=0xaa b=0x1 op=ALU_ADD expected=0xab actual=0xab
UVM_INFO ../tb/agent/alu_driver.sv(35) @ 1265000: uvm_test_top.env.agent.driver [ALU_DRV] Drive item: a=0xaa b=0xff op=ALU_ADD
UVM_INFO ../tb/agent/alu_monitor.sv(81) @ 1265001: uvm_test_top.env.agent.monitor [ALU_MON] Sample item: a=0xaa b=0xff op=ALU_ADD out=0xa9
UVM_INFO ../tb/env/alu_scoreboard.sv(55) @ 1265001: uvm_test_top.env.scb [ALU_SCB] PASS: a=0xaa b=0xff op=ALU_ADD expected=0xa9 actual=0xa9
UVM_INFO ../tb/agent/alu_driver.sv(35) @ 1275000: uvm_test_top.env.agent.driver [ALU_DRV] Drive item: a=0xaa b=0x0 op=ALU_SUB
UVM_INFO ../tb/agent/alu_monitor.sv(81) @ 1275001: uvm_test_top.env.agent.monitor [ALU_MON] Sample item: a=0xaa b=0x0 op=ALU_SUB out=0xaa
UVM_INFO ../tb/env/alu_scoreboard.sv(55) @ 1275001: uvm_test_top.env.scb [ALU_SCB] PASS: a=0xaa b=0x0 op=ALU_SUB expected=0xaa actual=0xaa
UVM_INFO ../tb/agent/alu_driver.sv(35) @ 1285000: uvm_test_top.env.agent.driver [ALU_DRV] Drive item: a=0xaa b=0x1 op=ALU_SUB
UVM_INFO ../tb/agent/alu_monitor.sv(81) @ 1285001: uvm_test_top.env.agent.monitor [ALU_MON] Sample item: a=0xaa b=0x1 op=ALU_SUB out=0xa9
UVM_INFO ../tb/env/alu_scoreboard.sv(55) @ 1285001: uvm_test_top.env.scb [ALU_SCB] PASS: a=0xaa b=0x1 op=ALU_SUB expected=0xa9 actual=0xa9
UVM_INFO ../tb/agent/alu_driver.sv(35) @ 1295000: uvm_test_top.env.agent.driver [ALU_DRV] Drive item: a=0xaa b=0xff op=ALU_SUB
UVM_INFO ../tb/agent/alu_monitor.sv(81) @ 1295001: uvm_test_top.env.agent.monitor [ALU_MON] Sample item: a=0xaa b=0xff op=ALU_SUB out=0xab
UVM_INFO ../tb/env/alu_scoreboard.sv(55) @ 1295001: uvm_test_top.env.scb [ALU_SCB] PASS: a=0xaa b=0xff op=ALU_SUB expected=0xab actual=0xab
UVM_INFO ../tb/agent/alu_driver.sv(35) @ 1305000: uvm_test_top.env.agent.driver [ALU_DRV] Drive item: a=0xaa b=0x0 op=ALU_AND
UVM_INFO ../tb/agent/alu_monitor.sv(81) @ 1305001: uvm_test_top.env.agent.monitor [ALU_MON] Sample item: a=0xaa b=0x0 op=ALU_AND out=0x0
UVM_INFO ../tb/env/alu_scoreboard.sv(55) @ 1305001: uvm_test_top.env.scb [ALU_SCB] PASS: a=0xaa b=0x0 op=ALU_AND expected=0x0 actual=0x0
UVM_INFO ../tb/agent/alu_driver.sv(35) @ 1315000: uvm_test_top.env.agent.driver [ALU_DRV] Drive item: a=0xaa b=0x1 op=ALU_AND
UVM_INFO ../tb/agent/alu_monitor.sv(81) @ 1315001: uvm_test_top.env.agent.monitor [ALU_MON] Sample item: a=0xaa b=0x1 op=ALU_AND out=0x0
UVM_INFO ../tb/env/alu_scoreboard.sv(55) @ 1315001: uvm_test_top.env.scb [ALU_SCB] PASS: a=0xaa b=0x1 op=ALU_AND expected=0x0 actual=0x0
UVM_INFO ../tb/agent/alu_driver.sv(35) @ 1325000: uvm_test_top.env.agent.driver [ALU_DRV] Drive item: a=0xaa b=0xff op=ALU_AND
UVM_INFO ../tb/agent/alu_monitor.sv(81) @ 1325001: uvm_test_top.env.agent.monitor [ALU_MON] Sample item: a=0xaa b=0xff op=ALU_AND out=0xaa
UVM_INFO ../tb/env/alu_scoreboard.sv(55) @ 1325001: uvm_test_top.env.scb [ALU_SCB] PASS: a=0xaa b=0xff op=ALU_AND expected=0xaa actual=0xaa
UVM_INFO ../tb/agent/alu_driver.sv(35) @ 1335000: uvm_test_top.env.agent.driver [ALU_DRV] Drive item: a=0xaa b=0x0 op=ALU_OR
UVM_INFO ../tb/agent/alu_monitor.sv(81) @ 1335001: uvm_test_top.env.agent.monitor [ALU_MON] Sample item: a=0xaa b=0x0 op=ALU_OR out=0xaa
UVM_INFO ../tb/env/alu_scoreboard.sv(55) @ 1335001: uvm_test_top.env.scb [ALU_SCB] PASS: a=0xaa b=0x0 op=ALU_OR expected=0xaa actual=0xaa
UVM_INFO ../tb/agent/alu_driver.sv(35) @ 1345000: uvm_test_top.env.agent.driver [ALU_DRV] Drive item: a=0xaa b=0x1 op=ALU_OR
UVM_INFO ../tb/agent/alu_monitor.sv(81) @ 1345001: uvm_test_top.env.agent.monitor [ALU_MON] Sample item: a=0xaa b=0x1 op=ALU_OR out=0xab
UVM_INFO ../tb/env/alu_scoreboard.sv(55) @ 1345001: uvm_test_top.env.scb [ALU_SCB] PASS: a=0xaa b=0x1 op=ALU_OR expected=0xab actual=0xab
UVM_INFO ../tb/agent/alu_driver.sv(35) @ 1355000: uvm_test_top.env.agent.driver [ALU_DRV] Drive item: a=0xaa b=0xff op=ALU_OR
UVM_INFO ../tb/agent/alu_monitor.sv(81) @ 1355001: uvm_test_top.env.agent.monitor [ALU_MON] Sample item: a=0xaa b=0xff op=ALU_OR out=0xff
UVM_INFO ../tb/env/alu_scoreboard.sv(55) @ 1355001: uvm_test_top.env.scb [ALU_SCB] PASS: a=0xaa b=0xff op=ALU_OR expected=0xff actual=0xff
UVM_INFO ../tb/agent/alu_driver.sv(35) @ 1365000: uvm_test_top.env.agent.driver [ALU_DRV] Drive item: a=0xaa b=0x0 op=ALU_XOR
UVM_INFO ../tb/agent/alu_monitor.sv(81) @ 1365001: uvm_test_top.env.agent.monitor [ALU_MON] Sample item: a=0xaa b=0x0 op=ALU_XOR out=0xaa
UVM_INFO ../tb/env/alu_scoreboard.sv(55) @ 1365001: uvm_test_top.env.scb [ALU_SCB] PASS: a=0xaa b=0x0 op=ALU_XOR expected=0xaa actual=0xaa
UVM_INFO ../tb/agent/alu_driver.sv(35) @ 1375000: uvm_test_top.env.agent.driver [ALU_DRV] Drive item: a=0xaa b=0x1 op=ALU_XOR
UVM_INFO ../tb/agent/alu_monitor.sv(81) @ 1375001: uvm_test_top.env.agent.monitor [ALU_MON] Sample item: a=0xaa b=0x1 op=ALU_XOR out=0xab
UVM_INFO ../tb/env/alu_scoreboard.sv(55) @ 1375001: uvm_test_top.env.scb [ALU_SCB] PASS: a=0xaa b=0x1 op=ALU_XOR expected=0xab actual=0xab
UVM_INFO ../tb/agent/alu_driver.sv(35) @ 1385000: uvm_test_top.env.agent.driver [ALU_DRV] Drive item: a=0xaa b=0xff op=ALU_XOR
UVM_INFO ../tb/agent/alu_monitor.sv(81) @ 1385001: uvm_test_top.env.agent.monitor [ALU_MON] Sample item: a=0xaa b=0xff op=ALU_XOR out=0x55
UVM_INFO ../tb/env/alu_scoreboard.sv(55) @ 1385001: uvm_test_top.env.scb [ALU_SCB] PASS: a=0xaa b=0xff op=ALU_XOR expected=0x55 actual=0x55
UVM_INFO ../tb/agent/alu_driver.sv(35) @ 1395000: uvm_test_top.env.agent.driver [ALU_DRV] Drive item: a=0xaa b=0x0 op=ALU_SLL
UVM_INFO ../tb/agent/alu_monitor.sv(81) @ 1395001: uvm_test_top.env.agent.monitor [ALU_MON] Sample item: a=0xaa b=0x0 op=ALU_SLL out=0xaa
UVM_INFO ../tb/env/alu_scoreboard.sv(55) @ 1395001: uvm_test_top.env.scb [ALU_SCB] PASS: a=0xaa b=0x0 op=ALU_SLL expected=0xaa actual=0xaa
UVM_INFO ../tb/agent/alu_driver.sv(35) @ 1405000: uvm_test_top.env.agent.driver [ALU_DRV] Drive item: a=0xaa b=0x1 op=ALU_SLL
UVM_INFO ../tb/agent/alu_monitor.sv(81) @ 1405001: uvm_test_top.env.agent.monitor [ALU_MON] Sample item: a=0xaa b=0x1 op=ALU_SLL out=0x54
UVM_INFO ../tb/env/alu_scoreboard.sv(55) @ 1405001: uvm_test_top.env.scb [ALU_SCB] PASS: a=0xaa b=0x1 op=ALU_SLL expected=0x54 actual=0x54
UVM_INFO ../tb/agent/alu_driver.sv(35) @ 1415000: uvm_test_top.env.agent.driver [ALU_DRV] Drive item: a=0xaa b=0xff op=ALU_SLL
UVM_INFO ../tb/agent/alu_monitor.sv(81) @ 1415001: uvm_test_top.env.agent.monitor [ALU_MON] Sample item: a=0xaa b=0xff op=ALU_SLL out=0x0
UVM_INFO ../tb/env/alu_scoreboard.sv(55) @ 1415001: uvm_test_top.env.scb [ALU_SCB] PASS: a=0xaa b=0xff op=ALU_SLL expected=0x0 actual=0x0
UVM_INFO ../tb/agent/alu_driver.sv(35) @ 1425000: uvm_test_top.env.agent.driver [ALU_DRV] Drive item: a=0xaa b=0x0 op=ALU_SRL
UVM_INFO ../tb/agent/alu_monitor.sv(81) @ 1425001: uvm_test_top.env.agent.monitor [ALU_MON] Sample item: a=0xaa b=0x0 op=ALU_SRL out=0xaa
UVM_INFO ../tb/env/alu_scoreboard.sv(55) @ 1425001: uvm_test_top.env.scb [ALU_SCB] PASS: a=0xaa b=0x0 op=ALU_SRL expected=0xaa actual=0xaa
UVM_INFO ../tb/agent/alu_driver.sv(35) @ 1435000: uvm_test_top.env.agent.driver [ALU_DRV] Drive item: a=0xaa b=0x1 op=ALU_SRL
UVM_INFO ../tb/agent/alu_monitor.sv(81) @ 1435001: uvm_test_top.env.agent.monitor [ALU_MON] Sample item: a=0xaa b=0x1 op=ALU_SRL out=0x55
UVM_INFO ../tb/env/alu_scoreboard.sv(55) @ 1435001: uvm_test_top.env.scb [ALU_SCB] PASS: a=0xaa b=0x1 op=ALU_SRL expected=0x55 actual=0x55
UVM_INFO ../tb/agent/alu_driver.sv(35) @ 1445000: uvm_test_top.env.agent.driver [ALU_DRV] Drive item: a=0xaa b=0xff op=ALU_SRL
UVM_INFO ../tb/agent/alu_monitor.sv(81) @ 1445001: uvm_test_top.env.agent.monitor [ALU_MON] Sample item: a=0xaa b=0xff op=ALU_SRL out=0x1
UVM_INFO ../tb/env/alu_scoreboard.sv(55) @ 1445001: uvm_test_top.env.scb [ALU_SCB] PASS: a=0xaa b=0xff op=ALU_SRL expected=0x1 actual=0x1
UVM_INFO ../tb/agent/alu_driver.sv(35) @ 1455000: uvm_test_top.env.agent.driver [ALU_DRV] Drive item: a=0xaa b=0x0 op=ALU_SLT
UVM_INFO ../tb/agent/alu_monitor.sv(81) @ 1455001: uvm_test_top.env.agent.monitor [ALU_MON] Sample item: a=0xaa b=0x0 op=ALU_SLT out=0x0
UVM_INFO ../tb/env/alu_scoreboard.sv(55) @ 1455001: uvm_test_top.env.scb [ALU_SCB] PASS: a=0xaa b=0x0 op=ALU_SLT expected=0x0 actual=0x0
UVM_INFO ../tb/agent/alu_driver.sv(35) @ 1465000: uvm_test_top.env.agent.driver [ALU_DRV] Drive item: a=0xaa b=0x1 op=ALU_SLT
UVM_INFO ../tb/agent/alu_monitor.sv(81) @ 1465001: uvm_test_top.env.agent.monitor [ALU_MON] Sample item: a=0xaa b=0x1 op=ALU_SLT out=0x0
UVM_INFO ../tb/env/alu_scoreboard.sv(55) @ 1465001: uvm_test_top.env.scb [ALU_SCB] PASS: a=0xaa b=0x1 op=ALU_SLT expected=0x0 actual=0x0
UVM_INFO ../tb/agent/alu_driver.sv(35) @ 1475000: uvm_test_top.env.agent.driver [ALU_DRV] Drive item: a=0xaa b=0xff op=ALU_SLT
UVM_INFO ../tb/agent/alu_monitor.sv(81) @ 1475001: uvm_test_top.env.agent.monitor [ALU_MON] Sample item: a=0xaa b=0xff op=ALU_SLT out=0x1
UVM_INFO ../tb/env/alu_scoreboard.sv(55) @ 1475001: uvm_test_top.env.scb [ALU_SCB] PASS: a=0xaa b=0xff op=ALU_SLT expected=0x1 actual=0x1
UVM_INFO /opt/synopsys/vcs/V-2023.12-SP2-1/etc/uvm/base/uvm_objection.svh(1274) @ 1485000: reporter [TEST_DONE] 'run' phase is ready to proceed to the 'extract' phase
UVM_INFO ../tb/agent/alu_monitor.sv(94) @ 1485000: uvm_test_top.env.agent.monitor [ALU_COV] ALU functional coverage = 100.00%

--- UVM Report Summary ---

** Report counts by severity
UVM_INFO :  547
UVM_WARNING :    0
UVM_ERROR :    0
UVM_FATAL :    0
** Report counts by id
[ALU_COV]     1
[ALU_DRV]   148
[ALU_MON]   148
[ALU_SCB]   148
[ALU_SEQ]   100
[RNTST]     1
[TEST_DONE]     1
$finish called from file "/opt/synopsys/vcs/V-2023.12-SP2-1/etc/uvm/base/uvm_root.svh", line 437.
$finish at simulation time              1485000
           V C S   S i m u l a t i o n   R e p o r t 
Time: 1485000 ps
CPU Time:      0.270 seconds;       Data structure size:   0.5Mb
Thu Apr 30 01:13:36 2026
