cd sim && vcs -full64 -sverilog -ntb_opts uvm +define+WIDTH=8 +define+DEPTH=16 -timescale=1ns/1ps -debug_access+all -top tb_top -l compile.log -f ../script/filelist.f -o simv
                         Chronologic VCS (TM)
      Version V-2023.12-SP2-1_Full64 -- Sun May 24 01:27:46 2026

                    Copyright (c) 1991 - 2024 Synopsys, Inc.
   This software and the associated documentation are proprietary to Synopsys,
 Inc. This software may only be used in accordance with the terms and conditions
 of a written license agreement with Synopsys, Inc. All other use, reproduction,
   or distribution of this software is strictly prohibited.  Licensed Products
     communicate with Synopsys servers for the purpose of providing software
    updates, detecting software piracy and verifying that customers are using
    Licensed Products in conformity with the applicable License Key for such
  Licensed Products. Synopsys will use information gathered in connection with
    this process to deliver software updates and pursue software pirates and
                                   infringers.

 Inclusivity & Diversity - Visit SolvNetPlus to read the "Synopsys Statement on
            Inclusivity and Diversity" (Refer to article 000036315 at
                        https://solvnetplus.synopsys.com)

Parsing design file '/opt/synopsys/vcs/V-2023.12-SP2-1/etc/uvm/uvm_pkg.sv'
Parsing included file '/opt/synopsys/vcs/V-2023.12-SP2-1/etc/uvm/uvm_macros.svh'.
Parsing included file '/opt/synopsys/vcs/V-2023.12-SP2-1/etc/uvm/macros/uvm_version_defines.svh'.
Back to file '/opt/synopsys/vcs/V-2023.12-SP2-1/etc/uvm/uvm_macros.svh'.
Parsing included file '/opt/synopsys/vcs/V-2023.12-SP2-1/etc/uvm/macros/snps_macros.svp'.
Back to file '/opt/synopsys/vcs/V-2023.12-SP2-1/etc/uvm/uvm_macros.svh'.
Parsing included file '/opt/synopsys/vcs/V-2023.12-SP2-1/etc/uvm/macros/uvm_message_defines.svh'.
Back to file '/opt/synopsys/vcs/V-2023.12-SP2-1/etc/uvm/uvm_macros.svh'.
Parsing included file '/opt/synopsys/vcs/V-2023.12-SP2-1/etc/uvm/macros/uvm_phase_defines.svh'.
Back to file '/opt/synopsys/vcs/V-2023.12-SP2-1/etc/uvm/uvm_macros.svh'.
Parsing included file '/opt/synopsys/vcs/V-2023.12-SP2-1/etc/uvm/macros/uvm_object_defines.svh'.
Back to file '/opt/synopsys/vcs/V-2023.12-SP2-1/etc/uvm/uvm_macros.svh'.
Parsing included file '/opt/synopsys/vcs/V-2023.12-SP2-1/etc/uvm/macros/uvm_printer_defines.svh'.
Back to file '/opt/synopsys/vcs/V-2023.12-SP2-1/etc/uvm/uvm_macros.svh'.
Parsing included file '/opt/synopsys/vcs/V-2023.12-SP2-1/etc/uvm/macros/uvm_tlm_defines.svh'.
Parsing included file '/opt/synopsys/vcs/V-2023.12-SP2-1/etc/uvm/tlm1/uvm_tlm_imps.svh'.
Back to file '/opt/synopsys/vcs/V-2023.12-SP2-1/etc/uvm/macros/uvm_tlm_defines.svh'.
Back to file '/opt/synopsys/vcs/V-2023.12-SP2-1/etc/uvm/uvm_macros.svh'.
Parsing included file '/opt/synopsys/vcs/V-2023.12-SP2-1/etc/uvm/macros/uvm_sequence_defines.svh'.
Back to file '/opt/synopsys/vcs/V-2023.12-SP2-1/etc/uvm/uvm_macros.svh'.
Parsing included file '/opt/synopsys/vcs/V-2023.12-SP2-1/etc/uvm/macros/uvm_callback_defines.svh'.
Back to file '/opt/synopsys/vcs/V-2023.12-SP2-1/etc/uvm/uvm_macros.svh'.
Parsing included file '/opt/synopsys/vcs/V-2023.12-SP2-1/etc/uvm/macros/uvm_reg_defines.svh'.
Back to file '/opt/synopsys/vcs/V-2023.12-SP2-1/etc/uvm/uvm_macros.svh'.
Parsing included file '/opt/synopsys/vcs/V-2023.12-SP2-1/etc/uvm/macros/uvm_deprecated_defines.svh'.
Back to file '/opt/synopsys/vcs/V-2023.12-SP2-1/etc/uvm/uvm_macros.svh'.
Back to file '/opt/synopsys/vcs/V-2023.12-SP2-1/etc/uvm/uvm_pkg.sv'.
Parsing included file '/opt/synopsys/vcs/V-2023.12-SP2-1/etc/uvm/directc/uvm_directc.svh'.
Parsing included file '/opt/synopsys/vcs/V-2023.12-SP2-1/etc/uvm/directc/uvm_seed.vh'.
Back to file '/opt/synopsys/vcs/V-2023.12-SP2-1/etc/uvm/directc/uvm_directc.svh'.
Back to file '/opt/synopsys/vcs/V-2023.12-SP2-1/etc/uvm/uvm_pkg.sv'.
Parsing included file '/opt/synopsys/vcs/V-2023.12-SP2-1/etc/uvm/dpi/uvm_dpi.svh'.
Parsing included file '/opt/synopsys/vcs/V-2023.12-SP2-1/etc/uvm/dpi/uvm_hdl.svh'.
Back to file '/opt/synopsys/vcs/V-2023.12-SP2-1/etc/uvm/dpi/uvm_dpi.svh'.
Parsing included file '/opt/synopsys/vcs/V-2023.12-SP2-1/etc/uvm/dpi/uvm_svcmd_dpi.svh'.
Back to file '/opt/synopsys/vcs/V-2023.12-SP2-1/etc/uvm/dpi/uvm_dpi.svh'.
Parsing included file '/opt/synopsys/vcs/V-2023.12-SP2-1/etc/uvm/dpi/uvm_regex.svh'.
Back to file '/opt/synopsys/vcs/V-2023.12-SP2-1/etc/uvm/dpi/uvm_dpi.svh'.
Back to file '/opt/synopsys/vcs/V-2023.12-SP2-1/etc/uvm/uvm_pkg.sv'.
Parsing included file '/opt/synopsys/vcs/V-2023.12-SP2-1/etc/uvm/base/uvm_base.svh'.
Parsing included file '/opt/synopsys/vcs/V-2023.12-SP2-1/etc/uvm/base/uvm_version.svh'.
Back to file '/opt/synopsys/vcs/V-2023.12-SP2-1/etc/uvm/base/uvm_base.svh'.
Parsing included file '/opt/synopsys/vcs/V-2023.12-SP2-1/etc/uvm/base/uvm_object_globals.svh'.
Back to file '/opt/synopsys/vcs/V-2023.12-SP2-1/etc/uvm/base/uvm_base.svh'.
Parsing included file '/opt/synopsys/vcs/V-2023.12-SP2-1/etc/uvm/base/uvm_misc.svh'.
Back to file '/opt/synopsys/vcs/V-2023.12-SP2-1/etc/uvm/base/uvm_base.svh'.
Parsing included file '/opt/synopsys/vcs/V-2023.12-SP2-1/etc/uvm/base/uvm_object.svh'.
Back to file '/opt/synopsys/vcs/V-2023.12-SP2-1/etc/uvm/base/uvm_base.svh'.
Parsing included file '/opt/synopsys/vcs/V-2023.12-SP2-1/etc/uvm/base/uvm_pool.svh'.
Back to file '/opt/synopsys/vcs/V-2023.12-SP2-1/etc/uvm/base/uvm_base.svh'.
Parsing included file '/opt/synopsys/vcs/V-2023.12-SP2-1/etc/uvm/base/uvm_queue.svh'.
Back to file '/opt/synopsys/vcs/V-2023.12-SP2-1/etc/uvm/base/uvm_base.svh'.
Parsing included file '/opt/synopsys/vcs/V-2023.12-SP2-1/etc/uvm/base/uvm_factory.svh'.
Back to file '/opt/synopsys/vcs/V-2023.12-SP2-1/etc/uvm/base/uvm_base.svh'.
Parsing included file '/opt/synopsys/vcs/V-2023.12-SP2-1/etc/uvm/base/uvm_registry.svh'.
Back to file '/opt/synopsys/vcs/V-2023.12-SP2-1/etc/uvm/base/uvm_base.svh'.
Parsing included file '/opt/synopsys/vcs/V-2023.12-SP2-1/etc/uvm/base/uvm_spell_chkr.svh'.
Back to file '/opt/synopsys/vcs/V-2023.12-SP2-1/etc/uvm/base/uvm_base.svh'.
Parsing included file '/opt/synopsys/vcs/V-2023.12-SP2-1/etc/uvm/base/uvm_resource.svh'.
Back to file '/opt/synopsys/vcs/V-2023.12-SP2-1/etc/uvm/base/uvm_base.svh'.
Parsing included file '/opt/synopsys/vcs/V-2023.12-SP2-1/etc/uvm/deprecated/uvm_resource_converter.svh'.
Back to file '/opt/synopsys/vcs/V-2023.12-SP2-1/etc/uvm/base/uvm_base.svh'.
Parsing included file '/opt/synopsys/vcs/V-2023.12-SP2-1/etc/uvm/base/uvm_resource_specializations.svh'.
Back to file '/opt/synopsys/vcs/V-2023.12-SP2-1/etc/uvm/base/uvm_base.svh'.
Parsing included file '/opt/synopsys/vcs/V-2023.12-SP2-1/etc/uvm/base/uvm_resource_db.svh'.
Back to file '/opt/synopsys/vcs/V-2023.12-SP2-1/etc/uvm/base/uvm_base.svh'.
Parsing included file '/opt/synopsys/vcs/V-2023.12-SP2-1/etc/uvm/base/uvm_config_db.svh'.
Back to file '/opt/synopsys/vcs/V-2023.12-SP2-1/etc/uvm/base/uvm_base.svh'.
Parsing included file '/opt/synopsys/vcs/V-2023.12-SP2-1/etc/uvm/base/uvm_printer.svh'.
Back to file '/opt/synopsys/vcs/V-2023.12-SP2-1/etc/uvm/base/uvm_base.svh'.
Parsing included file '/opt/synopsys/vcs/V-2023.12-SP2-1/etc/uvm/base/uvm_comparer.svh'.
Back to file '/opt/synopsys/vcs/V-2023.12-SP2-1/etc/uvm/base/uvm_base.svh'.
Parsing included file '/opt/synopsys/vcs/V-2023.12-SP2-1/etc/uvm/base/uvm_packer.svh'.
Back to file '/opt/synopsys/vcs/V-2023.12-SP2-1/etc/uvm/base/uvm_base.svh'.
Parsing included file '/opt/synopsys/vcs/V-2023.12-SP2-1/etc/uvm/base/uvm_recorder.svh'.
Back to file '/opt/synopsys/vcs/V-2023.12-SP2-1/etc/uvm/base/uvm_base.svh'.
Parsing included file '/opt/synopsys/vcs/V-2023.12-SP2-1/etc/uvm/base/uvm_event_callback.svh'.
Back to file '/opt/synopsys/vcs/V-2023.12-SP2-1/etc/uvm/base/uvm_base.svh'.
Parsing included file '/opt/synopsys/vcs/V-2023.12-SP2-1/etc/uvm/base/uvm_event.svh'.
Back to file '/opt/synopsys/vcs/V-2023.12-SP2-1/etc/uvm/base/uvm_base.svh'.
Parsing included file '/opt/synopsys/vcs/V-2023.12-SP2-1/etc/uvm/base/uvm_barrier.svh'.
Back to file '/opt/synopsys/vcs/V-2023.12-SP2-1/etc/uvm/base/uvm_base.svh'.
Parsing included file '/opt/synopsys/vcs/V-2023.12-SP2-1/etc/uvm/base/uvm_callback.svh'.
Parsing included file '/opt/synopsys/vcs/V-2023.12-SP2-1/etc/uvm/uvm_macros.svh'.
Back to file '/opt/synopsys/vcs/V-2023.12-SP2-1/etc/uvm/base/uvm_callback.svh'.
Back to file '/opt/synopsys/vcs/V-2023.12-SP2-1/etc/uvm/base/uvm_base.svh'.
Parsing included file '/opt/synopsys/vcs/V-2023.12-SP2-1/etc/uvm/base/uvm_report_catcher.svh'.
Back to file '/opt/synopsys/vcs/V-2023.12-SP2-1/etc/uvm/base/uvm_base.svh'.
Parsing included file '/opt/synopsys/vcs/V-2023.12-SP2-1/etc/uvm/base/uvm_report_server.svh'.
Back to file '/opt/synopsys/vcs/V-2023.12-SP2-1/etc/uvm/base/uvm_base.svh'.
Parsing included file '/opt/synopsys/vcs/V-2023.12-SP2-1/etc/uvm/base/uvm_report_handler.svh'.
Back to file '/opt/synopsys/vcs/V-2023.12-SP2-1/etc/uvm/base/uvm_base.svh'.
Parsing included file '/opt/synopsys/vcs/V-2023.12-SP2-1/etc/uvm/base/uvm_report_object.svh'.
Back to file '/opt/synopsys/vcs/V-2023.12-SP2-1/etc/uvm/base/uvm_base.svh'.
Parsing included file '/opt/synopsys/vcs/V-2023.12-SP2-1/etc/uvm/base/uvm_transaction.svh'.
Back to file '/opt/synopsys/vcs/V-2023.12-SP2-1/etc/uvm/base/uvm_base.svh'.
Parsing included file '/opt/synopsys/vcs/V-2023.12-SP2-1/etc/uvm/base/uvm_phase.svh'.
Back to file '/opt/synopsys/vcs/V-2023.12-SP2-1/etc/uvm/base/uvm_base.svh'.
Parsing included file '/opt/synopsys/vcs/V-2023.12-SP2-1/etc/uvm/base/uvm_domain.svh'.
Back to file '/opt/synopsys/vcs/V-2023.12-SP2-1/etc/uvm/base/uvm_base.svh'.
Parsing included file '/opt/synopsys/vcs/V-2023.12-SP2-1/etc/uvm/base/uvm_bottomup_phase.svh'.
Back to file '/opt/synopsys/vcs/V-2023.12-SP2-1/etc/uvm/base/uvm_base.svh'.
Parsing included file '/opt/synopsys/vcs/V-2023.12-SP2-1/etc/uvm/base/uvm_topdown_phase.svh'.
Back to file '/opt/synopsys/vcs/V-2023.12-SP2-1/etc/uvm/base/uvm_base.svh'.
Parsing included file '/opt/synopsys/vcs/V-2023.12-SP2-1/etc/uvm/base/uvm_task_phase.svh'.
Back to file '/opt/synopsys/vcs/V-2023.12-SP2-1/etc/uvm/base/uvm_base.svh'.
Parsing included file '/opt/synopsys/vcs/V-2023.12-SP2-1/etc/uvm/base/uvm_common_phases.svh'.
Back to file '/opt/synopsys/vcs/V-2023.12-SP2-1/etc/uvm/base/uvm_base.svh'.
Parsing included file '/opt/synopsys/vcs/V-2023.12-SP2-1/etc/uvm/base/uvm_runtime_phases.svh'.
Back to file '/opt/synopsys/vcs/V-2023.12-SP2-1/etc/uvm/base/uvm_base.svh'.
Parsing included file '/opt/synopsys/vcs/V-2023.12-SP2-1/etc/uvm/base/uvm_component.svh'.
Parsing included file '/opt/synopsys/vcs/V-2023.12-SP2-1/etc/uvm/base/uvm_root.svh'.
Back to file '/opt/synopsys/vcs/V-2023.12-SP2-1/etc/uvm/base/uvm_component.svh'.
Back to file '/opt/synopsys/vcs/V-2023.12-SP2-1/etc/uvm/base/uvm_base.svh'.
Parsing included file '/opt/synopsys/vcs/V-2023.12-SP2-1/etc/uvm/base/uvm_objection.svh'.
Back to file '/opt/synopsys/vcs/V-2023.12-SP2-1/etc/uvm/base/uvm_base.svh'.
Parsing included file '/opt/synopsys/vcs/V-2023.12-SP2-1/etc/uvm/base/uvm_heartbeat.svh'.
Back to file '/opt/synopsys/vcs/V-2023.12-SP2-1/etc/uvm/base/uvm_base.svh'.
Parsing included file '/opt/synopsys/vcs/V-2023.12-SP2-1/etc/uvm/base/uvm_globals.svh'.
Back to file '/opt/synopsys/vcs/V-2023.12-SP2-1/etc/uvm/base/uvm_base.svh'.
Parsing included file '/opt/synopsys/vcs/V-2023.12-SP2-1/etc/uvm/base/uvm_cmdline_processor.svh'.
Back to file '/opt/synopsys/vcs/V-2023.12-SP2-1/etc/uvm/base/uvm_base.svh'.
Back to file '/opt/synopsys/vcs/V-2023.12-SP2-1/etc/uvm/uvm_pkg.sv'.
Parsing included file '/opt/synopsys/vcs/V-2023.12-SP2-1/etc/uvm/tlm1/uvm_tlm.svh'.
Parsing included file '/opt/synopsys/vcs/V-2023.12-SP2-1/etc/uvm/tlm1/uvm_tlm_ifs.svh'.
Back to file '/opt/synopsys/vcs/V-2023.12-SP2-1/etc/uvm/tlm1/uvm_tlm.svh'.
Parsing included file '/opt/synopsys/vcs/V-2023.12-SP2-1/etc/uvm/tlm1/uvm_sqr_ifs.svh'.
Back to file '/opt/synopsys/vcs/V-2023.12-SP2-1/etc/uvm/tlm1/uvm_tlm.svh'.
Parsing included file '/opt/synopsys/vcs/V-2023.12-SP2-1/etc/uvm/base/uvm_port_base.svh'.
Back to file '/opt/synopsys/vcs/V-2023.12-SP2-1/etc/uvm/tlm1/uvm_tlm.svh'.
Parsing included file '/opt/synopsys/vcs/V-2023.12-SP2-1/etc/uvm/tlm1/uvm_tlm_imps.svh'.
Back to file '/opt/synopsys/vcs/V-2023.12-SP2-1/etc/uvm/tlm1/uvm_tlm.svh'.
Parsing included file '/opt/synopsys/vcs/V-2023.12-SP2-1/etc/uvm/tlm1/uvm_imps.svh'.
Back to file '/opt/synopsys/vcs/V-2023.12-SP2-1/etc/uvm/tlm1/uvm_tlm.svh'.
Parsing included file '/opt/synopsys/vcs/V-2023.12-SP2-1/etc/uvm/tlm1/uvm_ports.svh'.
Back to file '/opt/synopsys/vcs/V-2023.12-SP2-1/etc/uvm/tlm1/uvm_tlm.svh'.
Parsing included file '/opt/synopsys/vcs/V-2023.12-SP2-1/etc/uvm/tlm1/uvm_exports.svh'.
Back to file '/opt/synopsys/vcs/V-2023.12-SP2-1/etc/uvm/tlm1/uvm_tlm.svh'.
Parsing included file '/opt/synopsys/vcs/V-2023.12-SP2-1/etc/uvm/tlm1/uvm_analysis_port.svh'.
Back to file '/opt/synopsys/vcs/V-2023.12-SP2-1/etc/uvm/tlm1/uvm_tlm.svh'.
Parsing included file '/opt/synopsys/vcs/V-2023.12-SP2-1/etc/uvm/tlm1/uvm_tlm_fifo_base.svh'.
Back to file '/opt/synopsys/vcs/V-2023.12-SP2-1/etc/uvm/tlm1/uvm_tlm.svh'.
Parsing included file '/opt/synopsys/vcs/V-2023.12-SP2-1/etc/uvm/tlm1/uvm_tlm_fifos.svh'.
Back to file '/opt/synopsys/vcs/V-2023.12-SP2-1/etc/uvm/tlm1/uvm_tlm.svh'.
Parsing included file '/opt/synopsys/vcs/V-2023.12-SP2-1/etc/uvm/tlm1/uvm_tlm_req_rsp.svh'.
Back to file '/opt/synopsys/vcs/V-2023.12-SP2-1/etc/uvm/tlm1/uvm_tlm.svh'.
Parsing included file '/opt/synopsys/vcs/V-2023.12-SP2-1/etc/uvm/tlm1/uvm_sqr_connections.svh'.
Back to file '/opt/synopsys/vcs/V-2023.12-SP2-1/etc/uvm/tlm1/uvm_tlm.svh'.
Back to file '/opt/synopsys/vcs/V-2023.12-SP2-1/etc/uvm/uvm_pkg.sv'.
Parsing included file '/opt/synopsys/vcs/V-2023.12-SP2-1/etc/uvm/comps/uvm_comps.svh'.
Parsing included file '/opt/synopsys/vcs/V-2023.12-SP2-1/etc/uvm/comps/uvm_pair.svh'.
Back to file '/opt/synopsys/vcs/V-2023.12-SP2-1/etc/uvm/comps/uvm_comps.svh'.
Parsing included file '/opt/synopsys/vcs/V-2023.12-SP2-1/etc/uvm/comps/uvm_policies.svh'.
Back to file '/opt/synopsys/vcs/V-2023.12-SP2-1/etc/uvm/comps/uvm_comps.svh'.
Parsing included file '/opt/synopsys/vcs/V-2023.12-SP2-1/etc/uvm/comps/uvm_in_order_comparator.svh'.
Back to file '/opt/synopsys/vcs/V-2023.12-SP2-1/etc/uvm/comps/uvm_comps.svh'.
Parsing included file '/opt/synopsys/vcs/V-2023.12-SP2-1/etc/uvm/comps/uvm_algorithmic_comparator.svh'.
Back to file '/opt/synopsys/vcs/V-2023.12-SP2-1/etc/uvm/comps/uvm_comps.svh'.
Parsing included file '/opt/synopsys/vcs/V-2023.12-SP2-1/etc/uvm/comps/uvm_random_stimulus.svh'.
Back to file '/opt/synopsys/vcs/V-2023.12-SP2-1/etc/uvm/comps/uvm_comps.svh'.
Parsing included file '/opt/synopsys/vcs/V-2023.12-SP2-1/etc/uvm/comps/uvm_subscriber.svh'.
Back to file '/opt/synopsys/vcs/V-2023.12-SP2-1/etc/uvm/comps/uvm_comps.svh'.
Parsing included file '/opt/synopsys/vcs/V-2023.12-SP2-1/etc/uvm/comps/uvm_monitor.svh'.
Back to file '/opt/synopsys/vcs/V-2023.12-SP2-1/etc/uvm/comps/uvm_comps.svh'.
Parsing included file '/opt/synopsys/vcs/V-2023.12-SP2-1/etc/uvm/comps/uvm_driver.svh'.
Back to file '/opt/synopsys/vcs/V-2023.12-SP2-1/etc/uvm/comps/uvm_comps.svh'.
Parsing included file '/opt/synopsys/vcs/V-2023.12-SP2-1/etc/uvm/comps/uvm_push_driver.svh'.
Back to file '/opt/synopsys/vcs/V-2023.12-SP2-1/etc/uvm/comps/uvm_comps.svh'.
Parsing included file '/opt/synopsys/vcs/V-2023.12-SP2-1/etc/uvm/comps/uvm_scoreboard.svh'.
Back to file '/opt/synopsys/vcs/V-2023.12-SP2-1/etc/uvm/comps/uvm_comps.svh'.
Parsing included file '/opt/synopsys/vcs/V-2023.12-SP2-1/etc/uvm/comps/uvm_agent.svh'.
Back to file '/opt/synopsys/vcs/V-2023.12-SP2-1/etc/uvm/comps/uvm_comps.svh'.
Parsing included file '/opt/synopsys/vcs/V-2023.12-SP2-1/etc/uvm/comps/uvm_env.svh'.
Back to file '/opt/synopsys/vcs/V-2023.12-SP2-1/etc/uvm/comps/uvm_comps.svh'.
Parsing included file '/opt/synopsys/vcs/V-2023.12-SP2-1/etc/uvm/comps/uvm_test.svh'.
Back to file '/opt/synopsys/vcs/V-2023.12-SP2-1/etc/uvm/comps/uvm_comps.svh'.
Back to file '/opt/synopsys/vcs/V-2023.12-SP2-1/etc/uvm/uvm_pkg.sv'.
Parsing included file '/opt/synopsys/vcs/V-2023.12-SP2-1/etc/uvm/seq/uvm_seq.svh'.
Parsing included file '/opt/synopsys/vcs/V-2023.12-SP2-1/etc/uvm/seq/uvm_sequence_item.svh'.
Back to file '/opt/synopsys/vcs/V-2023.12-SP2-1/etc/uvm/seq/uvm_seq.svh'.
Parsing included file '/opt/synopsys/vcs/V-2023.12-SP2-1/etc/uvm/seq/uvm_sequencer_base.svh'.
Back to file '/opt/synopsys/vcs/V-2023.12-SP2-1/etc/uvm/seq/uvm_seq.svh'.
Parsing included file '/opt/synopsys/vcs/V-2023.12-SP2-1/etc/uvm/seq/uvm_sequencer_analysis_fifo.svh'.
Back to file '/opt/synopsys/vcs/V-2023.12-SP2-1/etc/uvm/seq/uvm_seq.svh'.
Parsing included file '/opt/synopsys/vcs/V-2023.12-SP2-1/etc/uvm/seq/uvm_sequencer_param_base.svh'.
Back to file '/opt/synopsys/vcs/V-2023.12-SP2-1/etc/uvm/seq/uvm_seq.svh'.
Parsing included file '/opt/synopsys/vcs/V-2023.12-SP2-1/etc/uvm/seq/uvm_sequencer.svh'.
Back to file '/opt/synopsys/vcs/V-2023.12-SP2-1/etc/uvm/seq/uvm_seq.svh'.
Parsing included file '/opt/synopsys/vcs/V-2023.12-SP2-1/etc/uvm/seq/uvm_push_sequencer.svh'.
Back to file '/opt/synopsys/vcs/V-2023.12-SP2-1/etc/uvm/seq/uvm_seq.svh'.
Parsing included file '/opt/synopsys/vcs/V-2023.12-SP2-1/etc/uvm/seq/uvm_sequence_base.svh'.
Back to file '/opt/synopsys/vcs/V-2023.12-SP2-1/etc/uvm/seq/uvm_seq.svh'.
Parsing included file '/opt/synopsys/vcs/V-2023.12-SP2-1/etc/uvm/seq/uvm_sequence.svh'.
Back to file '/opt/synopsys/vcs/V-2023.12-SP2-1/etc/uvm/seq/uvm_seq.svh'.
Parsing included file '/opt/synopsys/vcs/V-2023.12-SP2-1/etc/uvm/seq/uvm_sequence_library.svh'.
Back to file '/opt/synopsys/vcs/V-2023.12-SP2-1/etc/uvm/seq/uvm_seq.svh'.
Parsing included file '/opt/synopsys/vcs/V-2023.12-SP2-1/etc/uvm/seq/uvm_sequence_builtin.svh'.
Back to file '/opt/synopsys/vcs/V-2023.12-SP2-1/etc/uvm/seq/uvm_seq.svh'.
Back to file '/opt/synopsys/vcs/V-2023.12-SP2-1/etc/uvm/uvm_pkg.sv'.
Parsing included file '/opt/synopsys/vcs/V-2023.12-SP2-1/etc/uvm/tlm2/uvm_tlm2.svh'.
Parsing included file '/opt/synopsys/vcs/V-2023.12-SP2-1/etc/uvm/tlm2/uvm_tlm2_defines.svh'.
Back to file '/opt/synopsys/vcs/V-2023.12-SP2-1/etc/uvm/tlm2/uvm_tlm2.svh'.
Parsing included file '/opt/synopsys/vcs/V-2023.12-SP2-1/etc/uvm/tlm2/uvm_tlm2_time.svh'.
Back to file '/opt/synopsys/vcs/V-2023.12-SP2-1/etc/uvm/tlm2/uvm_tlm2.svh'.
Parsing included file '/opt/synopsys/vcs/V-2023.12-SP2-1/etc/uvm/tlm2/uvm_tlm2_generic_payload.svh'.
Back to file '/opt/synopsys/vcs/V-2023.12-SP2-1/etc/uvm/tlm2/uvm_tlm2.svh'.
Parsing included file '/opt/synopsys/vcs/V-2023.12-SP2-1/etc/uvm/tlm2/uvm_tlm2_ifs.svh'.
Back to file '/opt/synopsys/vcs/V-2023.12-SP2-1/etc/uvm/tlm2/uvm_tlm2.svh'.
Parsing included file '/opt/synopsys/vcs/V-2023.12-SP2-1/etc/uvm/tlm2/uvm_tlm2_imps.svh'.
Back to file '/opt/synopsys/vcs/V-2023.12-SP2-1/etc/uvm/tlm2/uvm_tlm2.svh'.
Parsing included file '/opt/synopsys/vcs/V-2023.12-SP2-1/etc/uvm/tlm2/uvm_tlm2_ports.svh'.
Back to file '/opt/synopsys/vcs/V-2023.12-SP2-1/etc/uvm/tlm2/uvm_tlm2.svh'.
Parsing included file '/opt/synopsys/vcs/V-2023.12-SP2-1/etc/uvm/tlm2/uvm_tlm2_exports.svh'.
Back to file '/opt/synopsys/vcs/V-2023.12-SP2-1/etc/uvm/tlm2/uvm_tlm2.svh'.
Parsing included file '/opt/synopsys/vcs/V-2023.12-SP2-1/etc/uvm/tlm2/uvm_tlm2_sockets_base.svh'.
Back to file '/opt/synopsys/vcs/V-2023.12-SP2-1/etc/uvm/tlm2/uvm_tlm2.svh'.
Parsing included file '/opt/synopsys/vcs/V-2023.12-SP2-1/etc/uvm/tlm2/uvm_tlm2_sockets.svh'.
Back to file '/opt/synopsys/vcs/V-2023.12-SP2-1/etc/uvm/tlm2/uvm_tlm2.svh'.
Back to file '/opt/synopsys/vcs/V-2023.12-SP2-1/etc/uvm/uvm_pkg.sv'.
Parsing included file '/opt/synopsys/vcs/V-2023.12-SP2-1/etc/uvm/reg/uvm_reg_model.svh'.
Parsing included file '/opt/synopsys/vcs/V-2023.12-SP2-1/etc/uvm/reg/uvm_reg_item.svh'.
Back to file '/opt/synopsys/vcs/V-2023.12-SP2-1/etc/uvm/reg/uvm_reg_model.svh'.
Parsing included file '/opt/synopsys/vcs/V-2023.12-SP2-1/etc/uvm/reg/uvm_reg_adapter.svh'.
Back to file '/opt/synopsys/vcs/V-2023.12-SP2-1/etc/uvm/reg/uvm_reg_model.svh'.
Parsing included file '/opt/synopsys/vcs/V-2023.12-SP2-1/etc/uvm/reg/uvm_reg_predictor.svh'.
Back to file '/opt/synopsys/vcs/V-2023.12-SP2-1/etc/uvm/reg/uvm_reg_model.svh'.
Parsing included file '/opt/synopsys/vcs/V-2023.12-SP2-1/etc/uvm/reg/uvm_reg_sequence.svh'.
Back to file '/opt/synopsys/vcs/V-2023.12-SP2-1/etc/uvm/reg/uvm_reg_model.svh'.
Parsing included file '/opt/synopsys/vcs/V-2023.12-SP2-1/etc/uvm/reg/uvm_reg_cbs.svh'.
Back to file '/opt/synopsys/vcs/V-2023.12-SP2-1/etc/uvm/reg/uvm_reg_model.svh'.
Parsing included file '/opt/synopsys/vcs/V-2023.12-SP2-1/etc/uvm/reg/uvm_reg_backdoor.svh'.
Back to file '/opt/synopsys/vcs/V-2023.12-SP2-1/etc/uvm/reg/uvm_reg_model.svh'.
Parsing included file '/opt/synopsys/vcs/V-2023.12-SP2-1/etc/uvm/reg/uvm_reg_field.svh'.
Back to file '/opt/synopsys/vcs/V-2023.12-SP2-1/etc/uvm/reg/uvm_reg_model.svh'.
Parsing included file '/opt/synopsys/vcs/V-2023.12-SP2-1/etc/uvm/reg/uvm_vreg_field.svh'.
Back to file '/opt/synopsys/vcs/V-2023.12-SP2-1/etc/uvm/reg/uvm_reg_model.svh'.
Parsing included file '/opt/synopsys/vcs/V-2023.12-SP2-1/etc/uvm/reg/uvm_reg.svh'.
Back to file '/opt/synopsys/vcs/V-2023.12-SP2-1/etc/uvm/reg/uvm_reg_model.svh'.
Parsing included file '/opt/synopsys/vcs/V-2023.12-SP2-1/etc/uvm/reg/uvm_reg_indirect.svh'.
Back to file '/opt/synopsys/vcs/V-2023.12-SP2-1/etc/uvm/reg/uvm_reg_model.svh'.
Parsing included file '/opt/synopsys/vcs/V-2023.12-SP2-1/etc/uvm/reg/uvm_reg_fifo.svh'.
Back to file '/opt/synopsys/vcs/V-2023.12-SP2-1/etc/uvm/reg/uvm_reg_model.svh'.
Parsing included file '/opt/synopsys/vcs/V-2023.12-SP2-1/etc/uvm/reg/uvm_reg_file.svh'.
Back to file '/opt/synopsys/vcs/V-2023.12-SP2-1/etc/uvm/reg/uvm_reg_model.svh'.
Parsing included file '/opt/synopsys/vcs/V-2023.12-SP2-1/etc/uvm/reg/uvm_mem_mam.svh'.
Back to file '/opt/synopsys/vcs/V-2023.12-SP2-1/etc/uvm/reg/uvm_reg_model.svh'.
Parsing included file '/opt/synopsys/vcs/V-2023.12-SP2-1/etc/uvm/reg/uvm_vreg.svh'.
Back to file '/opt/synopsys/vcs/V-2023.12-SP2-1/etc/uvm/reg/uvm_reg_model.svh'.
Parsing included file '/opt/synopsys/vcs/V-2023.12-SP2-1/etc/uvm/reg/uvm_mem.svh'.
Back to file '/opt/synopsys/vcs/V-2023.12-SP2-1/etc/uvm/reg/uvm_reg_model.svh'.
Parsing included file '/opt/synopsys/vcs/V-2023.12-SP2-1/etc/uvm/reg/uvm_reg_map.svh'.
Back to file '/opt/synopsys/vcs/V-2023.12-SP2-1/etc/uvm/reg/uvm_reg_model.svh'.
Parsing included file '/opt/synopsys/vcs/V-2023.12-SP2-1/etc/uvm/reg/uvm_reg_block.svh'.
Back to file '/opt/synopsys/vcs/V-2023.12-SP2-1/etc/uvm/reg/uvm_reg_model.svh'.
Parsing included file '/opt/synopsys/vcs/V-2023.12-SP2-1/etc/uvm/reg/sequences/uvm_reg_hw_reset_seq.svh'.
Back to file '/opt/synopsys/vcs/V-2023.12-SP2-1/etc/uvm/reg/uvm_reg_model.svh'.
Parsing included file '/opt/synopsys/vcs/V-2023.12-SP2-1/etc/uvm/reg/sequences/uvm_reg_bit_bash_seq.svh'.
Back to file '/opt/synopsys/vcs/V-2023.12-SP2-1/etc/uvm/reg/uvm_reg_model.svh'.
Parsing included file '/opt/synopsys/vcs/V-2023.12-SP2-1/etc/uvm/reg/sequences/uvm_mem_walk_seq.svh'.
Back to file '/opt/synopsys/vcs/V-2023.12-SP2-1/etc/uvm/reg/uvm_reg_model.svh'.
Parsing included file '/opt/synopsys/vcs/V-2023.12-SP2-1/etc/uvm/reg/sequences/uvm_mem_access_seq.svh'.
Back to file '/opt/synopsys/vcs/V-2023.12-SP2-1/etc/uvm/reg/uvm_reg_model.svh'.
Parsing included file '/opt/synopsys/vcs/V-2023.12-SP2-1/etc/uvm/reg/sequences/uvm_reg_access_seq.svh'.
Back to file '/opt/synopsys/vcs/V-2023.12-SP2-1/etc/uvm/reg/uvm_reg_model.svh'.
Parsing included file '/opt/synopsys/vcs/V-2023.12-SP2-1/etc/uvm/reg/sequences/uvm_reg_mem_shared_access_seq.svh'.
Back to file '/opt/synopsys/vcs/V-2023.12-SP2-1/etc/uvm/reg/uvm_reg_model.svh'.
Parsing included file '/opt/synopsys/vcs/V-2023.12-SP2-1/etc/uvm/reg/sequences/uvm_reg_mem_built_in_seq.svh'.
Back to file '/opt/synopsys/vcs/V-2023.12-SP2-1/etc/uvm/reg/uvm_reg_model.svh'.
Parsing included file '/opt/synopsys/vcs/V-2023.12-SP2-1/etc/uvm/reg/sequences/uvm_reg_mem_hdl_paths_seq.svh'.
Back to file '/opt/synopsys/vcs/V-2023.12-SP2-1/etc/uvm/reg/uvm_reg_model.svh'.
Parsing included file '/opt/synopsys/vcs/V-2023.12-SP2-1/etc/uvm/reg/snps_uvm_reg_bank.svh'.
Back to file '/opt/synopsys/vcs/V-2023.12-SP2-1/etc/uvm/reg/uvm_reg_model.svh'.
Back to file '/opt/synopsys/vcs/V-2023.12-SP2-1/etc/uvm/uvm_pkg.sv'.
Parsing included file '/opt/synopsys/vcs/V-2023.12-SP2-1/etc/uvm/vcs/vcs_uvm_alt.sv'.
Back to file '/opt/synopsys/vcs/V-2023.12-SP2-1/etc/uvm/uvm_pkg.sv'.
Parsing design file '/opt/synopsys/vcs/V-2023.12-SP2-1/etc/uvm/vcs/uvm_custom_install_vcs_recorder.sv'
Parsing included file '/opt/synopsys/vcs/V-2023.12-SP2-1/etc/uvm/vcs/msglog.svh'.
Back to file '/opt/synopsys/vcs/V-2023.12-SP2-1/etc/uvm/vcs/uvm_custom_install_vcs_recorder.sv'.
Parsing included file '/opt/synopsys/vcs/V-2023.12-SP2-1/etc/uvm/vcs/uvm_msglog_report_server.sv'.
Back to file '/opt/synopsys/vcs/V-2023.12-SP2-1/etc/uvm/vcs/uvm_custom_install_vcs_recorder.sv'.
Parsing included file '/opt/synopsys/vcs/V-2023.12-SP2-1/etc/uvm/vcs/uvm_vcs_recorder.svh'.
Back to file '/opt/synopsys/vcs/V-2023.12-SP2-1/etc/uvm/vcs/uvm_custom_install_vcs_recorder.sv'.
Parsing included file '/opt/synopsys/vcs/V-2023.12-SP2-1/etc/uvm/vcs/uvm_vcs_record_interface.sv'.
Back to file '/opt/synopsys/vcs/V-2023.12-SP2-1/etc/uvm/vcs/uvm_custom_install_vcs_recorder.sv'.
Parsing design file '../tb/pkg/sync_fifo_param_pkg.sv'
Parsing design file '../tb/interface/sync_fifo_if.sv'
Parsing design file '../tb/pkg/sync_fifo_pkg.sv'
Parsing included file '/opt/synopsys/vcs/V-2023.12-SP2-1/etc/uvm/uvm_macros.svh'.
Back to file '../tb/pkg/sync_fifo_pkg.sv'.
Parsing included file '../tb/seq/sync_fifo_transaction.sv'.
Back to file '../tb/pkg/sync_fifo_pkg.sv'.
Parsing included file '../tb/seq/sync_fifo_sequence.sv'.
Back to file '../tb/pkg/sync_fifo_pkg.sv'.
Parsing included file '../tb/agent/sync_fifo_sequencer.sv'.
Back to file '../tb/pkg/sync_fifo_pkg.sv'.
Parsing included file '../tb/agent/sync_fifo_driver.sv'.
Back to file '../tb/pkg/sync_fifo_pkg.sv'.
Parsing included file '../tb/agent/sync_fifo_monitor.sv'.
Back to file '../tb/pkg/sync_fifo_pkg.sv'.
Parsing included file '../tb/agent/sync_fifo_agent.sv'.
Back to file '../tb/pkg/sync_fifo_pkg.sv'.
Parsing included file '../tb/env/sync_fifo_scoreboard.sv'.
Back to file '../tb/pkg/sync_fifo_pkg.sv'.
Parsing included file '../tb/env/sync_fifo_env.sv'.
Back to file '../tb/pkg/sync_fifo_pkg.sv'.
Parsing included file '../tb/tests/sync_fifo_test.sv'.
Back to file '../tb/pkg/sync_fifo_pkg.sv'.
Parsing design file '../rtl/sync_fifo.sv'
Parsing design file '../tb/top/tb_top.sv'
Parsing included file '/opt/synopsys/vcs/V-2023.12-SP2-1/etc/uvm/uvm_macros.svh'.
Back to file '../tb/top/tb_top.sv'.
Top Level Modules:
       tb_top
TimeScale is 1 ns / 1 ps
Starting vcs inline pass...

8 modules and 0 UDP read.
recompiling package vcs_paramclassrepository
recompiling package uvm_pkg
recompiling package _vcs_msglog
recompiling package sync_fifo_param_pkg
recompiling module sync_fifo_if
recompiling package sync_fifo_pkg
recompiling module sync_fifo
recompiling module tb_top
All of 8 modules done
make[1]: Entering directory '/home/xz974/UVM_Learning/UVM_Learning/SYNC_FIFO/sim/csrc'
make[1]: Leaving directory '/home/xz974/UVM_Learning/UVM_Learning/SYNC_FIFO/sim/csrc'
make[1]: Entering directory '/home/xz974/UVM_Learning/UVM_Learning/SYNC_FIFO/sim/csrc'
rm -f _cuarc*.so _csrc*.so pre_vcsobj_*.so share_vcsobj_*.so
g++ -w  -pipe -DVCS -DUVM_DPI_DO_TYPE_CHECK -fPIC -O -I/opt/synopsys/vcs/V-2023.12-SP2-1/include     -c /opt/synopsys/vcs/V-2023.12-SP2-1/etc/uvm/dpi/uvm_dpi.cc
if [ -x ../simv ]; then chmod a-x ../simv; fi
g++  -o ../simv      -rdynamic  -Wl,-rpath='$ORIGIN'/simv.daidir -Wl,-rpath=./simv.daidir -Wl,-rpath=/opt/synopsys/vcs/V-2023.12-SP2-1/linux64/lib -L/opt/synopsys/vcs/V-2023.12-SP2-1/linux64/lib  -Wl,-rpath-link=./  /usr/lib64/libnuma.so.1 uvm_dpi.o   objs/amcQw_d.o   _293368_archive_1.so   SIM_l.o      rmapats_mop.o rmapats.o rmar.o rmar_nd.o  rmar_llvm_0_1.o rmar_llvm_0_0.o            -lvirsim -lerrorinf -lsnpsmalloc -lvfs    -lvcsnew -lsimprofile -luclinative /opt/synopsys/vcs/V-2023.12-SP2-1/linux64/lib/vcs_tls.o   -Wl,-whole-archive  -lvcsucli    -Wl,-no-whole-archive       ./../simv.daidir/vc_hdrs.o    /opt/synopsys/vcs/V-2023.12-SP2-1/linux64/lib/vcs_save_restore_new.o -ldl  -lc -lm -lpthread -ldl 
../simv up to date
make[1]: Leaving directory '/home/xz974/UVM_Learning/UVM_Learning/SYNC_FIFO/sim/csrc'
CPU time: 6.282 seconds to compile + .231 seconds to elab + .420 seconds to link
cd sim && ./simv +UVM_TESTNAME=sync_fifo_test -l run.log
Info: [VCS_SAVE_RESTORE_INFO] ASLR (Address Space Layout Randomization) is detected on the machine. To enable $save functionality, ASLR will be switched off and simv re-executed.
Please use '-no_save' simv switch to avoid re-execution or '-suppress=ASLR_DETECTED_INFO' to suppress this message.
Chronologic VCS simulator copyright 1991-2023
Contains Synopsys proprietary information.
Compiler version V-2023.12-SP2-1_Full64; Runtime version V-2023.12-SP2-1_Full64;  May 24 01:27 2026
----------------------------------------------------------------
UVM-1.1d.Synopsys
(C) 2007-2013 Mentor Graphics Corporation
(C) 2007-2013 Cadence Design Systems, Inc.
(C) 2006-2013 Synopsys, Inc.
(C) 2011-2013 Cypress Semiconductor Corp.
----------------------------------------------------------------

  ***********       IMPORTANT RELEASE NOTES         ************

  You are using a version of the UVM library that has been compiled
  with `UVM_NO_DEPRECATED undefined.
  See http://www.eda.org/svdb/view.php?id=3313 for more details.

  You are using a version of the UVM library that has been compiled
  with `UVM_OBJECT_MUST_HAVE_CONSTRUCTOR undefined.
  See http://www.eda.org/svdb/view.php?id=3770 for more details.

      (Specify +UVM_NO_RELNOTES to turn off this notice)

UVM_INFO @ 0: reporter [RNTST] Running test sync_fifo_test...
UVM_INFO ../tb/agent/sync_fifo_monitor.sv(102) @ 45001: uvm_test_top.env.agent.monitor [SYNC_FIFO_MON] Sample item: rd_en=0 rd_data=0x0 empty=1 wr_en=0 wr_data=0x0 full=0
UVM_INFO ../tb/agent/sync_fifo_monitor.sv(102) @ 55001: uvm_test_top.env.agent.monitor [SYNC_FIFO_MON] Sample item: rd_en=0 rd_data=0x0 empty=1 wr_en=0 wr_data=0x0 full=0
UVM_INFO ../tb/agent/sync_fifo_driver.sv(43) @ 60000: uvm_test_top.env.agent.driver [SYNC_FIFO_DRV] Drive item: rd_en=1 wr_en=1 wr_data=0x94
UVM_INFO ../tb/agent/sync_fifo_monitor.sv(102) @ 65001: uvm_test_top.env.agent.monitor [SYNC_FIFO_MON] Sample item: rd_en=1 rd_data=0x0 empty=0 wr_en=1 wr_data=0x94 full=0
UVM_INFO ../tb/env/sync_fifo_scoreboard.sv(37) @ 65001: uvm_test_top.env.scb [FIFO_SCB] Read ignored because model FIFO is empty
UVM_INFO ../tb/agent/sync_fifo_driver.sv(43) @ 70000: uvm_test_top.env.agent.driver [SYNC_FIFO_DRV] Drive item: rd_en=0 wr_en=1 wr_data=0xf0
UVM_INFO ../tb/agent/sync_fifo_monitor.sv(102) @ 75001: uvm_test_top.env.agent.monitor [SYNC_FIFO_MON] Sample item: rd_en=0 rd_data=0x0 empty=0 wr_en=1 wr_data=0xf0 full=0
UVM_INFO ../tb/agent/sync_fifo_driver.sv(43) @ 80000: uvm_test_top.env.agent.driver [SYNC_FIFO_DRV] Drive item: rd_en=0 wr_en=1 wr_data=0x18
UVM_INFO ../tb/agent/sync_fifo_monitor.sv(102) @ 85001: uvm_test_top.env.agent.monitor [SYNC_FIFO_MON] Sample item: rd_en=0 rd_data=0x0 empty=0 wr_en=1 wr_data=0x18 full=0
UVM_INFO ../tb/agent/sync_fifo_driver.sv(43) @ 90000: uvm_test_top.env.agent.driver [SYNC_FIFO_DRV] Drive item: rd_en=1 wr_en=1 wr_data=0xa2
UVM_INFO ../tb/agent/sync_fifo_monitor.sv(102) @ 95001: uvm_test_top.env.agent.monitor [SYNC_FIFO_MON] Sample item: rd_en=1 rd_data=0x94 empty=0 wr_en=1 wr_data=0xa2 full=0
UVM_INFO ../tb/agent/sync_fifo_driver.sv(43) @ 100000: uvm_test_top.env.agent.driver [SYNC_FIFO_DRV] Drive item: rd_en=0 wr_en=1 wr_data=0xbc
UVM_INFO ../tb/agent/sync_fifo_monitor.sv(102) @ 105001: uvm_test_top.env.agent.monitor [SYNC_FIFO_MON] Sample item: rd_en=0 rd_data=0x94 empty=0 wr_en=1 wr_data=0xbc full=0
UVM_INFO ../tb/agent/sync_fifo_driver.sv(43) @ 110000: uvm_test_top.env.agent.driver [SYNC_FIFO_DRV] Drive item: rd_en=1 wr_en=0 wr_data=0x89
UVM_INFO ../tb/agent/sync_fifo_monitor.sv(102) @ 115001: uvm_test_top.env.agent.monitor [SYNC_FIFO_MON] Sample item: rd_en=1 rd_data=0xf0 empty=0 wr_en=0 wr_data=0x89 full=0
UVM_INFO ../tb/agent/sync_fifo_driver.sv(43) @ 120000: uvm_test_top.env.agent.driver [SYNC_FIFO_DRV] Drive item: rd_en=0 wr_en=1 wr_data=0xe1
UVM_INFO ../tb/agent/sync_fifo_monitor.sv(102) @ 125001: uvm_test_top.env.agent.monitor [SYNC_FIFO_MON] Sample item: rd_en=0 rd_data=0xf0 empty=0 wr_en=1 wr_data=0xe1 full=0
UVM_INFO ../tb/agent/sync_fifo_driver.sv(43) @ 130000: uvm_test_top.env.agent.driver [SYNC_FIFO_DRV] Drive item: rd_en=1 wr_en=0 wr_data=0x8f
UVM_INFO ../tb/agent/sync_fifo_monitor.sv(102) @ 135001: uvm_test_top.env.agent.monitor [SYNC_FIFO_MON] Sample item: rd_en=1 rd_data=0x18 empty=0 wr_en=0 wr_data=0x8f full=0
UVM_INFO ../tb/agent/sync_fifo_driver.sv(43) @ 140000: uvm_test_top.env.agent.driver [SYNC_FIFO_DRV] Drive item: rd_en=0 wr_en=0 wr_data=0x3f
UVM_INFO ../tb/agent/sync_fifo_monitor.sv(102) @ 145001: uvm_test_top.env.agent.monitor [SYNC_FIFO_MON] Sample item: rd_en=0 rd_data=0x18 empty=0 wr_en=0 wr_data=0x3f full=0
UVM_INFO ../tb/agent/sync_fifo_driver.sv(43) @ 150000: uvm_test_top.env.agent.driver [SYNC_FIFO_DRV] Drive item: rd_en=1 wr_en=1 wr_data=0xc7
UVM_INFO ../tb/agent/sync_fifo_monitor.sv(102) @ 155001: uvm_test_top.env.agent.monitor [SYNC_FIFO_MON] Sample item: rd_en=1 rd_data=0xa2 empty=0 wr_en=1 wr_data=0xc7 full=0
UVM_INFO ../tb/agent/sync_fifo_driver.sv(43) @ 160000: uvm_test_top.env.agent.driver [SYNC_FIFO_DRV] Drive item: rd_en=0 wr_en=1 wr_data=0x1f
UVM_INFO ../tb/agent/sync_fifo_monitor.sv(102) @ 165001: uvm_test_top.env.agent.monitor [SYNC_FIFO_MON] Sample item: rd_en=0 rd_data=0xa2 empty=0 wr_en=1 wr_data=0x1f full=0
UVM_INFO ../tb/agent/sync_fifo_driver.sv(43) @ 170000: uvm_test_top.env.agent.driver [SYNC_FIFO_DRV] Drive item: rd_en=0 wr_en=0 wr_data=0xc7
UVM_INFO ../tb/agent/sync_fifo_monitor.sv(102) @ 175001: uvm_test_top.env.agent.monitor [SYNC_FIFO_MON] Sample item: rd_en=0 rd_data=0xa2 empty=0 wr_en=0 wr_data=0xc7 full=0
UVM_INFO ../tb/agent/sync_fifo_driver.sv(43) @ 180000: uvm_test_top.env.agent.driver [SYNC_FIFO_DRV] Drive item: rd_en=0 wr_en=0 wr_data=0xa0
UVM_INFO ../tb/agent/sync_fifo_monitor.sv(102) @ 185001: uvm_test_top.env.agent.monitor [SYNC_FIFO_MON] Sample item: rd_en=0 rd_data=0xa2 empty=0 wr_en=0 wr_data=0xa0 full=0
UVM_INFO ../tb/agent/sync_fifo_driver.sv(43) @ 190000: uvm_test_top.env.agent.driver [SYNC_FIFO_DRV] Drive item: rd_en=1 wr_en=0 wr_data=0x67
UVM_INFO ../tb/agent/sync_fifo_monitor.sv(102) @ 195001: uvm_test_top.env.agent.monitor [SYNC_FIFO_MON] Sample item: rd_en=1 rd_data=0xbc empty=0 wr_en=0 wr_data=0x67 full=0
UVM_INFO ../tb/agent/sync_fifo_driver.sv(43) @ 200000: uvm_test_top.env.agent.driver [SYNC_FIFO_DRV] Drive item: rd_en=1 wr_en=1 wr_data=0x78
UVM_INFO ../tb/agent/sync_fifo_monitor.sv(102) @ 205001: uvm_test_top.env.agent.monitor [SYNC_FIFO_MON] Sample item: rd_en=1 rd_data=0xe1 empty=0 wr_en=1 wr_data=0x78 full=0
UVM_INFO ../tb/agent/sync_fifo_driver.sv(43) @ 210000: uvm_test_top.env.agent.driver [SYNC_FIFO_DRV] Drive item: rd_en=0 wr_en=0 wr_data=0x96
UVM_INFO ../tb/agent/sync_fifo_monitor.sv(102) @ 215001: uvm_test_top.env.agent.monitor [SYNC_FIFO_MON] Sample item: rd_en=0 rd_data=0xe1 empty=0 wr_en=0 wr_data=0x96 full=0
UVM_INFO ../tb/agent/sync_fifo_driver.sv(43) @ 220000: uvm_test_top.env.agent.driver [SYNC_FIFO_DRV] Drive item: rd_en=1 wr_en=1 wr_data=0x15
UVM_INFO ../tb/agent/sync_fifo_monitor.sv(102) @ 225001: uvm_test_top.env.agent.monitor [SYNC_FIFO_MON] Sample item: rd_en=1 rd_data=0xc7 empty=0 wr_en=1 wr_data=0x15 full=0
UVM_INFO ../tb/agent/sync_fifo_driver.sv(43) @ 230000: uvm_test_top.env.agent.driver [SYNC_FIFO_DRV] Drive item: rd_en=1 wr_en=0 wr_data=0xc6
UVM_INFO ../tb/agent/sync_fifo_monitor.sv(102) @ 235001: uvm_test_top.env.agent.monitor [SYNC_FIFO_MON] Sample item: rd_en=1 rd_data=0x1f empty=0 wr_en=0 wr_data=0xc6 full=0
UVM_INFO ../tb/agent/sync_fifo_driver.sv(43) @ 240000: uvm_test_top.env.agent.driver [SYNC_FIFO_DRV] Drive item: rd_en=0 wr_en=0 wr_data=0x80
UVM_INFO ../tb/agent/sync_fifo_monitor.sv(102) @ 245001: uvm_test_top.env.agent.monitor [SYNC_FIFO_MON] Sample item: rd_en=0 rd_data=0x1f empty=0 wr_en=0 wr_data=0x80 full=0
UVM_INFO ../tb/agent/sync_fifo_driver.sv(43) @ 250000: uvm_test_top.env.agent.driver [SYNC_FIFO_DRV] Drive item: rd_en=1 wr_en=0 wr_data=0x2e
UVM_INFO ../tb/agent/sync_fifo_monitor.sv(102) @ 255001: uvm_test_top.env.agent.monitor [SYNC_FIFO_MON] Sample item: rd_en=1 rd_data=0x78 empty=0 wr_en=0 wr_data=0x2e full=0
UVM_INFO ../tb/agent/sync_fifo_driver.sv(43) @ 260000: uvm_test_top.env.agent.driver [SYNC_FIFO_DRV] Drive item: rd_en=1 wr_en=0 wr_data=0xf6
UVM_INFO ../tb/agent/sync_fifo_monitor.sv(102) @ 265001: uvm_test_top.env.agent.monitor [SYNC_FIFO_MON] Sample item: rd_en=1 rd_data=0x15 empty=1 wr_en=0 wr_data=0xf6 full=0
UVM_INFO ../tb/agent/sync_fifo_driver.sv(43) @ 270000: uvm_test_top.env.agent.driver [SYNC_FIFO_DRV] Drive item: rd_en=1 wr_en=1 wr_data=0x63
UVM_INFO ../tb/agent/sync_fifo_monitor.sv(102) @ 275001: uvm_test_top.env.agent.monitor [SYNC_FIFO_MON] Sample item: rd_en=1 rd_data=0x15 empty=0 wr_en=1 wr_data=0x63 full=0
UVM_INFO ../tb/env/sync_fifo_scoreboard.sv(37) @ 275001: uvm_test_top.env.scb [FIFO_SCB] Read ignored because model FIFO is empty
UVM_INFO ../tb/agent/sync_fifo_driver.sv(43) @ 280000: uvm_test_top.env.agent.driver [SYNC_FIFO_DRV] Drive item: rd_en=0 wr_en=1 wr_data=0x19
UVM_INFO ../tb/agent/sync_fifo_monitor.sv(102) @ 285001: uvm_test_top.env.agent.monitor [SYNC_FIFO_MON] Sample item: rd_en=0 rd_data=0x15 empty=0 wr_en=1 wr_data=0x19 full=0
UVM_INFO ../tb/agent/sync_fifo_driver.sv(43) @ 290000: uvm_test_top.env.agent.driver [SYNC_FIFO_DRV] Drive item: rd_en=0 wr_en=1 wr_data=0xf3
UVM_INFO ../tb/agent/sync_fifo_monitor.sv(102) @ 295001: uvm_test_top.env.agent.monitor [SYNC_FIFO_MON] Sample item: rd_en=0 rd_data=0x15 empty=0 wr_en=1 wr_data=0xf3 full=0
UVM_INFO ../tb/agent/sync_fifo_driver.sv(43) @ 300000: uvm_test_top.env.agent.driver [SYNC_FIFO_DRV] Drive item: rd_en=1 wr_en=1 wr_data=0xd1
UVM_INFO ../tb/agent/sync_fifo_monitor.sv(102) @ 305001: uvm_test_top.env.agent.monitor [SYNC_FIFO_MON] Sample item: rd_en=1 rd_data=0x63 empty=0 wr_en=1 wr_data=0xd1 full=0
UVM_INFO ../tb/agent/sync_fifo_driver.sv(43) @ 310000: uvm_test_top.env.agent.driver [SYNC_FIFO_DRV] Drive item: rd_en=1 wr_en=1 wr_data=0x2c
UVM_INFO ../tb/agent/sync_fifo_monitor.sv(102) @ 315001: uvm_test_top.env.agent.monitor [SYNC_FIFO_MON] Sample item: rd_en=1 rd_data=0x19 empty=0 wr_en=1 wr_data=0x2c full=0
UVM_INFO ../tb/agent/sync_fifo_driver.sv(43) @ 320000: uvm_test_top.env.agent.driver [SYNC_FIFO_DRV] Drive item: rd_en=0 wr_en=1 wr_data=0xc0
UVM_INFO ../tb/agent/sync_fifo_monitor.sv(102) @ 325001: uvm_test_top.env.agent.monitor [SYNC_FIFO_MON] Sample item: rd_en=0 rd_data=0x19 empty=0 wr_en=1 wr_data=0xc0 full=0
UVM_INFO ../tb/agent/sync_fifo_driver.sv(43) @ 330000: uvm_test_top.env.agent.driver [SYNC_FIFO_DRV] Drive item: rd_en=1 wr_en=1 wr_data=0x77
UVM_INFO ../tb/agent/sync_fifo_monitor.sv(102) @ 335001: uvm_test_top.env.agent.monitor [SYNC_FIFO_MON] Sample item: rd_en=1 rd_data=0xf3 empty=0 wr_en=1 wr_data=0x77 full=0
UVM_INFO ../tb/agent/sync_fifo_driver.sv(43) @ 340000: uvm_test_top.env.agent.driver [SYNC_FIFO_DRV] Drive item: rd_en=0 wr_en=0 wr_data=0x23
UVM_INFO ../tb/agent/sync_fifo_monitor.sv(102) @ 345001: uvm_test_top.env.agent.monitor [SYNC_FIFO_MON] Sample item: rd_en=0 rd_data=0xf3 empty=0 wr_en=0 wr_data=0x23 full=0
UVM_INFO ../tb/agent/sync_fifo_driver.sv(43) @ 350000: uvm_test_top.env.agent.driver [SYNC_FIFO_DRV] Drive item: rd_en=1 wr_en=0 wr_data=0xc4
UVM_INFO ../tb/agent/sync_fifo_monitor.sv(102) @ 355001: uvm_test_top.env.agent.monitor [SYNC_FIFO_MON] Sample item: rd_en=1 rd_data=0xd1 empty=0 wr_en=0 wr_data=0xc4 full=0
UVM_INFO ../tb/agent/sync_fifo_driver.sv(43) @ 360000: uvm_test_top.env.agent.driver [SYNC_FIFO_DRV] Drive item: rd_en=1 wr_en=1 wr_data=0x8
UVM_INFO ../tb/agent/sync_fifo_monitor.sv(102) @ 365001: uvm_test_top.env.agent.monitor [SYNC_FIFO_MON] Sample item: rd_en=1 rd_data=0x2c empty=0 wr_en=1 wr_data=0x8 full=0
UVM_INFO ../tb/agent/sync_fifo_driver.sv(43) @ 370000: uvm_test_top.env.agent.driver [SYNC_FIFO_DRV] Drive item: rd_en=0 wr_en=1 wr_data=0x5c
UVM_INFO ../tb/agent/sync_fifo_monitor.sv(102) @ 375001: uvm_test_top.env.agent.monitor [SYNC_FIFO_MON] Sample item: rd_en=0 rd_data=0x2c empty=0 wr_en=1 wr_data=0x5c full=0
UVM_INFO ../tb/agent/sync_fifo_driver.sv(43) @ 380000: uvm_test_top.env.agent.driver [SYNC_FIFO_DRV] Drive item: rd_en=1 wr_en=1 wr_data=0x1c
UVM_INFO ../tb/agent/sync_fifo_monitor.sv(102) @ 385001: uvm_test_top.env.agent.monitor [SYNC_FIFO_MON] Sample item: rd_en=1 rd_data=0xc0 empty=0 wr_en=1 wr_data=0x1c full=0
UVM_INFO ../tb/agent/sync_fifo_driver.sv(43) @ 390000: uvm_test_top.env.agent.driver [SYNC_FIFO_DRV] Drive item: rd_en=0 wr_en=0 wr_data=0xb
UVM_INFO ../tb/agent/sync_fifo_monitor.sv(102) @ 395001: uvm_test_top.env.agent.monitor [SYNC_FIFO_MON] Sample item: rd_en=0 rd_data=0xc0 empty=0 wr_en=0 wr_data=0xb full=0
UVM_INFO ../tb/agent/sync_fifo_driver.sv(43) @ 400000: uvm_test_top.env.agent.driver [SYNC_FIFO_DRV] Drive item: rd_en=1 wr_en=0 wr_data=0x74
UVM_INFO ../tb/agent/sync_fifo_monitor.sv(102) @ 405001: uvm_test_top.env.agent.monitor [SYNC_FIFO_MON] Sample item: rd_en=1 rd_data=0x77 empty=0 wr_en=0 wr_data=0x74 full=0
UVM_INFO ../tb/agent/sync_fifo_driver.sv(43) @ 410000: uvm_test_top.env.agent.driver [SYNC_FIFO_DRV] Drive item: rd_en=1 wr_en=1 wr_data=0xec
UVM_INFO ../tb/agent/sync_fifo_monitor.sv(102) @ 415001: uvm_test_top.env.agent.monitor [SYNC_FIFO_MON] Sample item: rd_en=1 rd_data=0x8 empty=0 wr_en=1 wr_data=0xec full=0
UVM_INFO ../tb/agent/sync_fifo_driver.sv(43) @ 420000: uvm_test_top.env.agent.driver [SYNC_FIFO_DRV] Drive item: rd_en=0 wr_en=0 wr_data=0x64
UVM_INFO ../tb/agent/sync_fifo_monitor.sv(102) @ 425001: uvm_test_top.env.agent.monitor [SYNC_FIFO_MON] Sample item: rd_en=0 rd_data=0x8 empty=0 wr_en=0 wr_data=0x64 full=0
UVM_INFO ../tb/agent/sync_fifo_driver.sv(43) @ 430000: uvm_test_top.env.agent.driver [SYNC_FIFO_DRV] Drive item: rd_en=0 wr_en=0 wr_data=0x3b
UVM_INFO ../tb/agent/sync_fifo_monitor.sv(102) @ 435001: uvm_test_top.env.agent.monitor [SYNC_FIFO_MON] Sample item: rd_en=0 rd_data=0x8 empty=0 wr_en=0 wr_data=0x3b full=0
UVM_INFO ../tb/agent/sync_fifo_driver.sv(43) @ 440000: uvm_test_top.env.agent.driver [SYNC_FIFO_DRV] Drive item: rd_en=1 wr_en=0 wr_data=0xd4
UVM_INFO ../tb/agent/sync_fifo_monitor.sv(102) @ 445001: uvm_test_top.env.agent.monitor [SYNC_FIFO_MON] Sample item: rd_en=1 rd_data=0x5c empty=0 wr_en=0 wr_data=0xd4 full=0
UVM_INFO ../tb/agent/sync_fifo_driver.sv(43) @ 450000: uvm_test_top.env.agent.driver [SYNC_FIFO_DRV] Drive item: rd_en=1 wr_en=0 wr_data=0x4
UVM_INFO ../tb/agent/sync_fifo_monitor.sv(102) @ 455001: uvm_test_top.env.agent.monitor [SYNC_FIFO_MON] Sample item: rd_en=1 rd_data=0x1c empty=0 wr_en=0 wr_data=0x4 full=0
UVM_INFO ../tb/agent/sync_fifo_driver.sv(43) @ 460000: uvm_test_top.env.agent.driver [SYNC_FIFO_DRV] Drive item: rd_en=0 wr_en=1 wr_data=0xc9
UVM_INFO ../tb/agent/sync_fifo_monitor.sv(102) @ 465001: uvm_test_top.env.agent.monitor [SYNC_FIFO_MON] Sample item: rd_en=0 rd_data=0x1c empty=0 wr_en=1 wr_data=0xc9 full=0
UVM_INFO ../tb/agent/sync_fifo_driver.sv(43) @ 470000: uvm_test_top.env.agent.driver [SYNC_FIFO_DRV] Drive item: rd_en=0 wr_en=1 wr_data=0x4
UVM_INFO ../tb/agent/sync_fifo_monitor.sv(102) @ 475001: uvm_test_top.env.agent.monitor [SYNC_FIFO_MON] Sample item: rd_en=0 rd_data=0x1c empty=0 wr_en=1 wr_data=0x4 full=0
UVM_INFO ../tb/agent/sync_fifo_driver.sv(43) @ 480000: uvm_test_top.env.agent.driver [SYNC_FIFO_DRV] Drive item: rd_en=1 wr_en=0 wr_data=0x23
UVM_INFO ../tb/agent/sync_fifo_monitor.sv(102) @ 485001: uvm_test_top.env.agent.monitor [SYNC_FIFO_MON] Sample item: rd_en=1 rd_data=0xec empty=0 wr_en=0 wr_data=0x23 full=0
UVM_INFO ../tb/agent/sync_fifo_driver.sv(43) @ 490000: uvm_test_top.env.agent.driver [SYNC_FIFO_DRV] Drive item: rd_en=1 wr_en=1 wr_data=0xdc
UVM_INFO ../tb/agent/sync_fifo_monitor.sv(102) @ 495001: uvm_test_top.env.agent.monitor [SYNC_FIFO_MON] Sample item: rd_en=1 rd_data=0xc9 empty=0 wr_en=1 wr_data=0xdc full=0
UVM_INFO ../tb/agent/sync_fifo_driver.sv(43) @ 500000: uvm_test_top.env.agent.driver [SYNC_FIFO_DRV] Drive item: rd_en=0 wr_en=0 wr_data=0xe2
UVM_INFO ../tb/agent/sync_fifo_monitor.sv(102) @ 505001: uvm_test_top.env.agent.monitor [SYNC_FIFO_MON] Sample item: rd_en=0 rd_data=0xc9 empty=0 wr_en=0 wr_data=0xe2 full=0
UVM_INFO ../tb/agent/sync_fifo_driver.sv(43) @ 510000: uvm_test_top.env.agent.driver [SYNC_FIFO_DRV] Drive item: rd_en=1 wr_en=1 wr_data=0x95
UVM_INFO ../tb/agent/sync_fifo_monitor.sv(102) @ 515001: uvm_test_top.env.agent.monitor [SYNC_FIFO_MON] Sample item: rd_en=1 rd_data=0x4 empty=0 wr_en=1 wr_data=0x95 full=0
UVM_INFO ../tb/agent/sync_fifo_driver.sv(43) @ 520000: uvm_test_top.env.agent.driver [SYNC_FIFO_DRV] Drive item: rd_en=0 wr_en=0 wr_data=0x19
UVM_INFO ../tb/agent/sync_fifo_monitor.sv(102) @ 525001: uvm_test_top.env.agent.monitor [SYNC_FIFO_MON] Sample item: rd_en=0 rd_data=0x4 empty=0 wr_en=0 wr_data=0x19 full=0
UVM_INFO ../tb/agent/sync_fifo_driver.sv(43) @ 530000: uvm_test_top.env.agent.driver [SYNC_FIFO_DRV] Drive item: rd_en=0 wr_en=1 wr_data=0x18
UVM_INFO ../tb/agent/sync_fifo_monitor.sv(102) @ 535001: uvm_test_top.env.agent.monitor [SYNC_FIFO_MON] Sample item: rd_en=0 rd_data=0x4 empty=0 wr_en=1 wr_data=0x18 full=0
UVM_INFO ../tb/agent/sync_fifo_driver.sv(43) @ 540000: uvm_test_top.env.agent.driver [SYNC_FIFO_DRV] Drive item: rd_en=0 wr_en=0 wr_data=0xd8
UVM_INFO ../tb/agent/sync_fifo_monitor.sv(102) @ 545001: uvm_test_top.env.agent.monitor [SYNC_FIFO_MON] Sample item: rd_en=0 rd_data=0x4 empty=0 wr_en=0 wr_data=0xd8 full=0
UVM_INFO ../tb/agent/sync_fifo_driver.sv(43) @ 550000: uvm_test_top.env.agent.driver [SYNC_FIFO_DRV] Drive item: rd_en=0 wr_en=0 wr_data=0xf0
UVM_INFO ../tb/agent/sync_fifo_monitor.sv(102) @ 555001: uvm_test_top.env.agent.monitor [SYNC_FIFO_MON] Sample item: rd_en=0 rd_data=0x4 empty=0 wr_en=0 wr_data=0xf0 full=0
UVM_INFO ../tb/agent/sync_fifo_driver.sv(43) @ 560000: uvm_test_top.env.agent.driver [SYNC_FIFO_DRV] Drive item: rd_en=1 wr_en=0 wr_data=0x9
UVM_INFO ../tb/agent/sync_fifo_monitor.sv(102) @ 565001: uvm_test_top.env.agent.monitor [SYNC_FIFO_MON] Sample item: rd_en=1 rd_data=0xdc empty=0 wr_en=0 wr_data=0x9 full=0
UVM_INFO ../tb/agent/sync_fifo_driver.sv(43) @ 570000: uvm_test_top.env.agent.driver [SYNC_FIFO_DRV] Drive item: rd_en=1 wr_en=0 wr_data=0x9f
UVM_INFO ../tb/agent/sync_fifo_monitor.sv(102) @ 575001: uvm_test_top.env.agent.monitor [SYNC_FIFO_MON] Sample item: rd_en=1 rd_data=0x95 empty=0 wr_en=0 wr_data=0x9f full=0
UVM_INFO ../tb/agent/sync_fifo_driver.sv(43) @ 580000: uvm_test_top.env.agent.driver [SYNC_FIFO_DRV] Drive item: rd_en=1 wr_en=1 wr_data=0x38
UVM_INFO ../tb/agent/sync_fifo_monitor.sv(102) @ 585001: uvm_test_top.env.agent.monitor [SYNC_FIFO_MON] Sample item: rd_en=1 rd_data=0x18 empty=0 wr_en=1 wr_data=0x38 full=0
UVM_INFO ../tb/agent/sync_fifo_driver.sv(43) @ 590000: uvm_test_top.env.agent.driver [SYNC_FIFO_DRV] Drive item: rd_en=0 wr_en=1 wr_data=0x17
UVM_INFO ../tb/agent/sync_fifo_monitor.sv(102) @ 595001: uvm_test_top.env.agent.monitor [SYNC_FIFO_MON] Sample item: rd_en=0 rd_data=0x18 empty=0 wr_en=1 wr_data=0x17 full=0
UVM_INFO ../tb/agent/sync_fifo_driver.sv(43) @ 600000: uvm_test_top.env.agent.driver [SYNC_FIFO_DRV] Drive item: rd_en=0 wr_en=1 wr_data=0x7f
UVM_INFO ../tb/agent/sync_fifo_monitor.sv(102) @ 605001: uvm_test_top.env.agent.monitor [SYNC_FIFO_MON] Sample item: rd_en=0 rd_data=0x18 empty=0 wr_en=1 wr_data=0x7f full=0
UVM_INFO ../tb/agent/sync_fifo_driver.sv(43) @ 610000: uvm_test_top.env.agent.driver [SYNC_FIFO_DRV] Drive item: rd_en=0 wr_en=1 wr_data=0x39
UVM_INFO ../tb/agent/sync_fifo_monitor.sv(102) @ 615001: uvm_test_top.env.agent.monitor [SYNC_FIFO_MON] Sample item: rd_en=0 rd_data=0x18 empty=0 wr_en=1 wr_data=0x39 full=0
UVM_INFO ../tb/agent/sync_fifo_driver.sv(43) @ 620000: uvm_test_top.env.agent.driver [SYNC_FIFO_DRV] Drive item: rd_en=1 wr_en=0 wr_data=0xd6
UVM_INFO ../tb/agent/sync_fifo_monitor.sv(102) @ 625001: uvm_test_top.env.agent.monitor [SYNC_FIFO_MON] Sample item: rd_en=1 rd_data=0x38 empty=0 wr_en=0 wr_data=0xd6 full=0
UVM_INFO ../tb/agent/sync_fifo_driver.sv(43) @ 630000: uvm_test_top.env.agent.driver [SYNC_FIFO_DRV] Drive item: rd_en=1 wr_en=0 wr_data=0x1f
UVM_INFO ../tb/agent/sync_fifo_monitor.sv(102) @ 635001: uvm_test_top.env.agent.monitor [SYNC_FIFO_MON] Sample item: rd_en=1 rd_data=0x17 empty=0 wr_en=0 wr_data=0x1f full=0
UVM_INFO ../tb/agent/sync_fifo_driver.sv(43) @ 640000: uvm_test_top.env.agent.driver [SYNC_FIFO_DRV] Drive item: rd_en=1 wr_en=0 wr_data=0x5f
UVM_INFO ../tb/agent/sync_fifo_monitor.sv(102) @ 645001: uvm_test_top.env.agent.monitor [SYNC_FIFO_MON] Sample item: rd_en=1 rd_data=0x7f empty=0 wr_en=0 wr_data=0x5f full=0
UVM_INFO ../tb/agent/sync_fifo_driver.sv(43) @ 650000: uvm_test_top.env.agent.driver [SYNC_FIFO_DRV] Drive item: rd_en=1 wr_en=0 wr_data=0x16
UVM_INFO ../tb/agent/sync_fifo_monitor.sv(102) @ 655001: uvm_test_top.env.agent.monitor [SYNC_FIFO_MON] Sample item: rd_en=1 rd_data=0x39 empty=1 wr_en=0 wr_data=0x16 full=0
UVM_INFO ../tb/agent/sync_fifo_driver.sv(43) @ 660000: uvm_test_top.env.agent.driver [SYNC_FIFO_DRV] Drive item: rd_en=0 wr_en=1 wr_data=0x31
UVM_INFO ../tb/agent/sync_fifo_monitor.sv(102) @ 665001: uvm_test_top.env.agent.monitor [SYNC_FIFO_MON] Sample item: rd_en=0 rd_data=0x39 empty=0 wr_en=1 wr_data=0x31 full=0
UVM_INFO ../tb/agent/sync_fifo_driver.sv(43) @ 670000: uvm_test_top.env.agent.driver [SYNC_FIFO_DRV] Drive item: rd_en=1 wr_en=1 wr_data=0x8a
UVM_INFO ../tb/agent/sync_fifo_monitor.sv(102) @ 675001: uvm_test_top.env.agent.monitor [SYNC_FIFO_MON] Sample item: rd_en=1 rd_data=0x31 empty=0 wr_en=1 wr_data=0x8a full=0
UVM_INFO ../tb/agent/sync_fifo_driver.sv(43) @ 680000: uvm_test_top.env.agent.driver [SYNC_FIFO_DRV] Drive item: rd_en=1 wr_en=1 wr_data=0x13
UVM_INFO ../tb/agent/sync_fifo_monitor.sv(102) @ 685001: uvm_test_top.env.agent.monitor [SYNC_FIFO_MON] Sample item: rd_en=1 rd_data=0x8a empty=0 wr_en=1 wr_data=0x13 full=0
UVM_INFO ../tb/agent/sync_fifo_driver.sv(43) @ 690000: uvm_test_top.env.agent.driver [SYNC_FIFO_DRV] Drive item: rd_en=1 wr_en=0 wr_data=0xf1
UVM_INFO ../tb/agent/sync_fifo_monitor.sv(102) @ 695001: uvm_test_top.env.agent.monitor [SYNC_FIFO_MON] Sample item: rd_en=1 rd_data=0x13 empty=1 wr_en=0 wr_data=0xf1 full=0
UVM_INFO ../tb/agent/sync_fifo_driver.sv(43) @ 700000: uvm_test_top.env.agent.driver [SYNC_FIFO_DRV] Drive item: rd_en=1 wr_en=1 wr_data=0xa3
UVM_INFO ../tb/agent/sync_fifo_monitor.sv(102) @ 705001: uvm_test_top.env.agent.monitor [SYNC_FIFO_MON] Sample item: rd_en=1 rd_data=0x13 empty=0 wr_en=1 wr_data=0xa3 full=0
UVM_INFO ../tb/env/sync_fifo_scoreboard.sv(37) @ 705001: uvm_test_top.env.scb [FIFO_SCB] Read ignored because model FIFO is empty
UVM_INFO ../tb/agent/sync_fifo_driver.sv(43) @ 710000: uvm_test_top.env.agent.driver [SYNC_FIFO_DRV] Drive item: rd_en=1 wr_en=0 wr_data=0x6f
UVM_INFO ../tb/agent/sync_fifo_monitor.sv(102) @ 715001: uvm_test_top.env.agent.monitor [SYNC_FIFO_MON] Sample item: rd_en=1 rd_data=0xa3 empty=1 wr_en=0 wr_data=0x6f full=0
UVM_INFO ../tb/agent/sync_fifo_driver.sv(43) @ 720000: uvm_test_top.env.agent.driver [SYNC_FIFO_DRV] Drive item: rd_en=1 wr_en=1 wr_data=0x60
UVM_INFO ../tb/agent/sync_fifo_monitor.sv(102) @ 725001: uvm_test_top.env.agent.monitor [SYNC_FIFO_MON] Sample item: rd_en=1 rd_data=0xa3 empty=0 wr_en=1 wr_data=0x60 full=0
UVM_INFO ../tb/env/sync_fifo_scoreboard.sv(37) @ 725001: uvm_test_top.env.scb [FIFO_SCB] Read ignored because model FIFO is empty
UVM_INFO ../tb/agent/sync_fifo_driver.sv(43) @ 730000: uvm_test_top.env.agent.driver [SYNC_FIFO_DRV] Drive item: rd_en=0 wr_en=1 wr_data=0x16
UVM_INFO ../tb/agent/sync_fifo_monitor.sv(102) @ 735001: uvm_test_top.env.agent.monitor [SYNC_FIFO_MON] Sample item: rd_en=0 rd_data=0xa3 empty=0 wr_en=1 wr_data=0x16 full=0
UVM_INFO ../tb/agent/sync_fifo_driver.sv(43) @ 740000: uvm_test_top.env.agent.driver [SYNC_FIFO_DRV] Drive item: rd_en=1 wr_en=0 wr_data=0x88
UVM_INFO ../tb/agent/sync_fifo_monitor.sv(102) @ 745001: uvm_test_top.env.agent.monitor [SYNC_FIFO_MON] Sample item: rd_en=1 rd_data=0x60 empty=0 wr_en=0 wr_data=0x88 full=0
UVM_INFO ../tb/agent/sync_fifo_driver.sv(43) @ 750000: uvm_test_top.env.agent.driver [SYNC_FIFO_DRV] Drive item: rd_en=0 wr_en=1 wr_data=0x79
UVM_INFO ../tb/agent/sync_fifo_monitor.sv(102) @ 755001: uvm_test_top.env.agent.monitor [SYNC_FIFO_MON] Sample item: rd_en=0 rd_data=0x60 empty=0 wr_en=1 wr_data=0x79 full=0
UVM_INFO ../tb/agent/sync_fifo_driver.sv(43) @ 760000: uvm_test_top.env.agent.driver [SYNC_FIFO_DRV] Drive item: rd_en=1 wr_en=1 wr_data=0xa7
UVM_INFO ../tb/agent/sync_fifo_monitor.sv(102) @ 765001: uvm_test_top.env.agent.monitor [SYNC_FIFO_MON] Sample item: rd_en=1 rd_data=0x16 empty=0 wr_en=1 wr_data=0xa7 full=0
UVM_INFO ../tb/agent/sync_fifo_driver.sv(43) @ 770000: uvm_test_top.env.agent.driver [SYNC_FIFO_DRV] Drive item: rd_en=1 wr_en=1 wr_data=0xc7
UVM_INFO ../tb/agent/sync_fifo_monitor.sv(102) @ 775001: uvm_test_top.env.agent.monitor [SYNC_FIFO_MON] Sample item: rd_en=1 rd_data=0x79 empty=0 wr_en=1 wr_data=0xc7 full=0
UVM_INFO ../tb/agent/sync_fifo_driver.sv(43) @ 780000: uvm_test_top.env.agent.driver [SYNC_FIFO_DRV] Drive item: rd_en=1 wr_en=0 wr_data=0x6
UVM_INFO ../tb/agent/sync_fifo_monitor.sv(102) @ 785001: uvm_test_top.env.agent.monitor [SYNC_FIFO_MON] Sample item: rd_en=1 rd_data=0xa7 empty=0 wr_en=0 wr_data=0x6 full=0
UVM_INFO ../tb/agent/sync_fifo_driver.sv(43) @ 790000: uvm_test_top.env.agent.driver [SYNC_FIFO_DRV] Drive item: rd_en=0 wr_en=1 wr_data=0xee
UVM_INFO ../tb/agent/sync_fifo_monitor.sv(102) @ 795001: uvm_test_top.env.agent.monitor [SYNC_FIFO_MON] Sample item: rd_en=0 rd_data=0xa7 empty=0 wr_en=1 wr_data=0xee full=0
UVM_INFO ../tb/agent/sync_fifo_driver.sv(43) @ 800000: uvm_test_top.env.agent.driver [SYNC_FIFO_DRV] Drive item: rd_en=1 wr_en=1 wr_data=0x5e
UVM_INFO ../tb/agent/sync_fifo_monitor.sv(102) @ 805001: uvm_test_top.env.agent.monitor [SYNC_FIFO_MON] Sample item: rd_en=1 rd_data=0xc7 empty=0 wr_en=1 wr_data=0x5e full=0
UVM_INFO ../tb/agent/sync_fifo_driver.sv(43) @ 810000: uvm_test_top.env.agent.driver [SYNC_FIFO_DRV] Drive item: rd_en=1 wr_en=0 wr_data=0xac
UVM_INFO ../tb/agent/sync_fifo_monitor.sv(102) @ 815001: uvm_test_top.env.agent.monitor [SYNC_FIFO_MON] Sample item: rd_en=1 rd_data=0xee empty=0 wr_en=0 wr_data=0xac full=0
UVM_INFO ../tb/agent/sync_fifo_driver.sv(43) @ 820000: uvm_test_top.env.agent.driver [SYNC_FIFO_DRV] Drive item: rd_en=0 wr_en=1 wr_data=0x29
UVM_INFO ../tb/agent/sync_fifo_monitor.sv(102) @ 825001: uvm_test_top.env.agent.monitor [SYNC_FIFO_MON] Sample item: rd_en=0 rd_data=0xee empty=0 wr_en=1 wr_data=0x29 full=0
UVM_INFO ../tb/agent/sync_fifo_driver.sv(43) @ 830000: uvm_test_top.env.agent.driver [SYNC_FIFO_DRV] Drive item: rd_en=0 wr_en=0 wr_data=0x83
UVM_INFO ../tb/agent/sync_fifo_monitor.sv(102) @ 835001: uvm_test_top.env.agent.monitor [SYNC_FIFO_MON] Sample item: rd_en=0 rd_data=0xee empty=0 wr_en=0 wr_data=0x83 full=0
UVM_INFO ../tb/agent/sync_fifo_driver.sv(43) @ 840000: uvm_test_top.env.agent.driver [SYNC_FIFO_DRV] Drive item: rd_en=1 wr_en=1 wr_data=0x54
UVM_INFO ../tb/agent/sync_fifo_monitor.sv(102) @ 845001: uvm_test_top.env.agent.monitor [SYNC_FIFO_MON] Sample item: rd_en=1 rd_data=0x5e empty=0 wr_en=1 wr_data=0x54 full=0
UVM_INFO ../tb/agent/sync_fifo_driver.sv(43) @ 850000: uvm_test_top.env.agent.driver [SYNC_FIFO_DRV] Drive item: rd_en=0 wr_en=0 wr_data=0xb3
UVM_INFO ../tb/agent/sync_fifo_monitor.sv(102) @ 855001: uvm_test_top.env.agent.monitor [SYNC_FIFO_MON] Sample item: rd_en=0 rd_data=0x5e empty=0 wr_en=0 wr_data=0xb3 full=0
UVM_INFO ../tb/agent/sync_fifo_driver.sv(43) @ 860000: uvm_test_top.env.agent.driver [SYNC_FIFO_DRV] Drive item: rd_en=1 wr_en=0 wr_data=0xf9
UVM_INFO ../tb/agent/sync_fifo_monitor.sv(102) @ 865001: uvm_test_top.env.agent.monitor [SYNC_FIFO_MON] Sample item: rd_en=1 rd_data=0x29 empty=0 wr_en=0 wr_data=0xf9 full=0
UVM_INFO ../tb/agent/sync_fifo_driver.sv(43) @ 870000: uvm_test_top.env.agent.driver [SYNC_FIFO_DRV] Drive item: rd_en=0 wr_en=0 wr_data=0x46
UVM_INFO ../tb/agent/sync_fifo_monitor.sv(102) @ 875001: uvm_test_top.env.agent.monitor [SYNC_FIFO_MON] Sample item: rd_en=0 rd_data=0x29 empty=0 wr_en=0 wr_data=0x46 full=0
UVM_INFO ../tb/agent/sync_fifo_driver.sv(43) @ 880000: uvm_test_top.env.agent.driver [SYNC_FIFO_DRV] Drive item: rd_en=0 wr_en=1 wr_data=0x6d
UVM_INFO ../tb/agent/sync_fifo_monitor.sv(102) @ 885001: uvm_test_top.env.agent.monitor [SYNC_FIFO_MON] Sample item: rd_en=0 rd_data=0x29 empty=0 wr_en=1 wr_data=0x6d full=0
UVM_INFO ../tb/agent/sync_fifo_driver.sv(43) @ 890000: uvm_test_top.env.agent.driver [SYNC_FIFO_DRV] Drive item: rd_en=0 wr_en=0 wr_data=0x2e
UVM_INFO ../tb/agent/sync_fifo_monitor.sv(102) @ 895001: uvm_test_top.env.agent.monitor [SYNC_FIFO_MON] Sample item: rd_en=0 rd_data=0x29 empty=0 wr_en=0 wr_data=0x2e full=0
UVM_INFO ../tb/agent/sync_fifo_driver.sv(43) @ 900000: uvm_test_top.env.agent.driver [SYNC_FIFO_DRV] Drive item: rd_en=0 wr_en=1 wr_data=0x48
UVM_INFO ../tb/agent/sync_fifo_monitor.sv(102) @ 905001: uvm_test_top.env.agent.monitor [SYNC_FIFO_MON] Sample item: rd_en=0 rd_data=0x29 empty=0 wr_en=1 wr_data=0x48 full=0
UVM_INFO ../tb/agent/sync_fifo_driver.sv(43) @ 910000: uvm_test_top.env.agent.driver [SYNC_FIFO_DRV] Drive item: rd_en=1 wr_en=0 wr_data=0xe8
UVM_INFO ../tb/agent/sync_fifo_monitor.sv(102) @ 915001: uvm_test_top.env.agent.monitor [SYNC_FIFO_MON] Sample item: rd_en=1 rd_data=0x54 empty=0 wr_en=0 wr_data=0xe8 full=0
UVM_INFO ../tb/agent/sync_fifo_driver.sv(43) @ 920000: uvm_test_top.env.agent.driver [SYNC_FIFO_DRV] Drive item: rd_en=1 wr_en=1 wr_data=0x51
UVM_INFO ../tb/agent/sync_fifo_monitor.sv(102) @ 925001: uvm_test_top.env.agent.monitor [SYNC_FIFO_MON] Sample item: rd_en=1 rd_data=0x6d empty=0 wr_en=1 wr_data=0x51 full=0
UVM_INFO ../tb/agent/sync_fifo_driver.sv(43) @ 930000: uvm_test_top.env.agent.driver [SYNC_FIFO_DRV] Drive item: rd_en=1 wr_en=0 wr_data=0x82
UVM_INFO ../tb/agent/sync_fifo_monitor.sv(102) @ 935001: uvm_test_top.env.agent.monitor [SYNC_FIFO_MON] Sample item: rd_en=1 rd_data=0x48 empty=0 wr_en=0 wr_data=0x82 full=0
UVM_INFO ../tb/agent/sync_fifo_driver.sv(43) @ 940000: uvm_test_top.env.agent.driver [SYNC_FIFO_DRV] Drive item: rd_en=1 wr_en=0 wr_data=0xb1
UVM_INFO ../tb/agent/sync_fifo_monitor.sv(102) @ 945001: uvm_test_top.env.agent.monitor [SYNC_FIFO_MON] Sample item: rd_en=1 rd_data=0x51 empty=1 wr_en=0 wr_data=0xb1 full=0
UVM_INFO ../tb/agent/sync_fifo_driver.sv(43) @ 950000: uvm_test_top.env.agent.driver [SYNC_FIFO_DRV] Drive item: rd_en=0 wr_en=1 wr_data=0x32
UVM_INFO ../tb/agent/sync_fifo_monitor.sv(102) @ 955001: uvm_test_top.env.agent.monitor [SYNC_FIFO_MON] Sample item: rd_en=0 rd_data=0x51 empty=0 wr_en=1 wr_data=0x32 full=0
UVM_INFO ../tb/agent/sync_fifo_driver.sv(43) @ 960000: uvm_test_top.env.agent.driver [SYNC_FIFO_DRV] Drive item: rd_en=0 wr_en=0 wr_data=0x39
UVM_INFO ../tb/agent/sync_fifo_monitor.sv(102) @ 965001: uvm_test_top.env.agent.monitor [SYNC_FIFO_MON] Sample item: rd_en=0 rd_data=0x51 empty=0 wr_en=0 wr_data=0x39 full=0
UVM_INFO ../tb/agent/sync_fifo_driver.sv(43) @ 970000: uvm_test_top.env.agent.driver [SYNC_FIFO_DRV] Drive item: rd_en=0 wr_en=0 wr_data=0xdd
UVM_INFO ../tb/agent/sync_fifo_monitor.sv(102) @ 975001: uvm_test_top.env.agent.monitor [SYNC_FIFO_MON] Sample item: rd_en=0 rd_data=0x51 empty=0 wr_en=0 wr_data=0xdd full=0
UVM_INFO ../tb/agent/sync_fifo_driver.sv(43) @ 980000: uvm_test_top.env.agent.driver [SYNC_FIFO_DRV] Drive item: rd_en=0 wr_en=1 wr_data=0xe1
UVM_INFO ../tb/agent/sync_fifo_monitor.sv(102) @ 985001: uvm_test_top.env.agent.monitor [SYNC_FIFO_MON] Sample item: rd_en=0 rd_data=0x51 empty=0 wr_en=1 wr_data=0xe1 full=0
UVM_INFO ../tb/agent/sync_fifo_driver.sv(43) @ 990000: uvm_test_top.env.agent.driver [SYNC_FIFO_DRV] Drive item: rd_en=0 wr_en=1 wr_data=0xe3
UVM_INFO ../tb/agent/sync_fifo_monitor.sv(102) @ 995001: uvm_test_top.env.agent.monitor [SYNC_FIFO_MON] Sample item: rd_en=0 rd_data=0x51 empty=0 wr_en=1 wr_data=0xe3 full=0
UVM_INFO ../tb/agent/sync_fifo_driver.sv(43) @ 1000000: uvm_test_top.env.agent.driver [SYNC_FIFO_DRV] Drive item: rd_en=0 wr_en=1 wr_data=0xed
UVM_INFO ../tb/agent/sync_fifo_monitor.sv(102) @ 1005001: uvm_test_top.env.agent.monitor [SYNC_FIFO_MON] Sample item: rd_en=0 rd_data=0x51 empty=0 wr_en=1 wr_data=0xed full=0
UVM_INFO ../tb/agent/sync_fifo_driver.sv(43) @ 1010000: uvm_test_top.env.agent.driver [SYNC_FIFO_DRV] Drive item: rd_en=0 wr_en=1 wr_data=0x6d
UVM_INFO ../tb/agent/sync_fifo_monitor.sv(102) @ 1015001: uvm_test_top.env.agent.monitor [SYNC_FIFO_MON] Sample item: rd_en=0 rd_data=0x51 empty=0 wr_en=1 wr_data=0x6d full=0
UVM_INFO ../tb/agent/sync_fifo_driver.sv(43) @ 1020000: uvm_test_top.env.agent.driver [SYNC_FIFO_DRV] Drive item: rd_en=0 wr_en=1 wr_data=0x99
UVM_INFO ../tb/agent/sync_fifo_monitor.sv(102) @ 1025001: uvm_test_top.env.agent.monitor [SYNC_FIFO_MON] Sample item: rd_en=0 rd_data=0x51 empty=0 wr_en=1 wr_data=0x99 full=0
UVM_INFO ../tb/agent/sync_fifo_driver.sv(43) @ 1030000: uvm_test_top.env.agent.driver [SYNC_FIFO_DRV] Drive item: rd_en=1 wr_en=1 wr_data=0x6d
UVM_INFO ../tb/agent/sync_fifo_monitor.sv(102) @ 1035001: uvm_test_top.env.agent.monitor [SYNC_FIFO_MON] Sample item: rd_en=1 rd_data=0x32 empty=0 wr_en=1 wr_data=0x6d full=0
UVM_INFO ../tb/agent/sync_fifo_driver.sv(43) @ 1040000: uvm_test_top.env.agent.driver [SYNC_FIFO_DRV] Drive item: rd_en=0 wr_en=1 wr_data=0x7f
UVM_INFO ../tb/agent/sync_fifo_monitor.sv(102) @ 1045001: uvm_test_top.env.agent.monitor [SYNC_FIFO_MON] Sample item: rd_en=0 rd_data=0x32 empty=0 wr_en=1 wr_data=0x7f full=0
UVM_INFO ../tb/agent/sync_fifo_driver.sv(43) @ 1050000: uvm_test_top.env.agent.driver [SYNC_FIFO_DRV] Drive item: rd_en=0 wr_en=1 wr_data=0x70
UVM_INFO ../tb/agent/sync_fifo_monitor.sv(102) @ 1055001: uvm_test_top.env.agent.monitor [SYNC_FIFO_MON] Sample item: rd_en=0 rd_data=0x32 empty=0 wr_en=1 wr_data=0x70 full=0
UVM_INFO ../tb/agent/sync_fifo_driver.sv(43) @ 1060000: uvm_test_top.env.agent.driver [SYNC_FIFO_DRV] Drive item: rd_en=0 wr_en=1 wr_data=0x24
UVM_INFO ../tb/agent/sync_fifo_monitor.sv(102) @ 1065001: uvm_test_top.env.agent.monitor [SYNC_FIFO_MON] Sample item: rd_en=0 rd_data=0x32 empty=0 wr_en=1 wr_data=0x24 full=0
UVM_INFO ../tb/agent/sync_fifo_driver.sv(43) @ 1070000: uvm_test_top.env.agent.driver [SYNC_FIFO_DRV] Drive item: rd_en=0 wr_en=1 wr_data=0xaf
UVM_INFO ../tb/agent/sync_fifo_monitor.sv(102) @ 1075001: uvm_test_top.env.agent.monitor [SYNC_FIFO_MON] Sample item: rd_en=0 rd_data=0x32 empty=0 wr_en=1 wr_data=0xaf full=0
UVM_INFO ../tb/agent/sync_fifo_driver.sv(43) @ 1080000: uvm_test_top.env.agent.driver [SYNC_FIFO_DRV] Drive item: rd_en=0 wr_en=1 wr_data=0xf5
UVM_INFO ../tb/agent/sync_fifo_monitor.sv(102) @ 1085001: uvm_test_top.env.agent.monitor [SYNC_FIFO_MON] Sample item: rd_en=0 rd_data=0x32 empty=0 wr_en=1 wr_data=0xf5 full=0
UVM_INFO ../tb/agent/sync_fifo_driver.sv(43) @ 1090000: uvm_test_top.env.agent.driver [SYNC_FIFO_DRV] Drive item: rd_en=0 wr_en=1 wr_data=0xce
UVM_INFO ../tb/agent/sync_fifo_monitor.sv(102) @ 1095001: uvm_test_top.env.agent.monitor [SYNC_FIFO_MON] Sample item: rd_en=0 rd_data=0x32 empty=0 wr_en=1 wr_data=0xce full=0
UVM_INFO ../tb/agent/sync_fifo_driver.sv(43) @ 1100000: uvm_test_top.env.agent.driver [SYNC_FIFO_DRV] Drive item: rd_en=0 wr_en=1 wr_data=0x68
UVM_INFO ../tb/agent/sync_fifo_monitor.sv(102) @ 1105001: uvm_test_top.env.agent.monitor [SYNC_FIFO_MON] Sample item: rd_en=0 rd_data=0x32 empty=0 wr_en=1 wr_data=0x68 full=0
UVM_INFO ../tb/agent/sync_fifo_driver.sv(43) @ 1110000: uvm_test_top.env.agent.driver [SYNC_FIFO_DRV] Drive item: rd_en=0 wr_en=1 wr_data=0x71
UVM_INFO ../tb/agent/sync_fifo_monitor.sv(102) @ 1115001: uvm_test_top.env.agent.monitor [SYNC_FIFO_MON] Sample item: rd_en=0 rd_data=0x32 empty=0 wr_en=1 wr_data=0x71 full=0
UVM_INFO ../tb/agent/sync_fifo_driver.sv(43) @ 1120000: uvm_test_top.env.agent.driver [SYNC_FIFO_DRV] Drive item: rd_en=0 wr_en=1 wr_data=0x9c
UVM_INFO ../tb/agent/sync_fifo_monitor.sv(102) @ 1125001: uvm_test_top.env.agent.monitor [SYNC_FIFO_MON] Sample item: rd_en=0 rd_data=0x32 empty=0 wr_en=1 wr_data=0x9c full=0
UVM_INFO ../tb/agent/sync_fifo_driver.sv(43) @ 1130000: uvm_test_top.env.agent.driver [SYNC_FIFO_DRV] Drive item: rd_en=0 wr_en=1 wr_data=0x40
UVM_INFO ../tb/agent/sync_fifo_monitor.sv(102) @ 1135001: uvm_test_top.env.agent.monitor [SYNC_FIFO_MON] Sample item: rd_en=0 rd_data=0x32 empty=0 wr_en=1 wr_data=0x40 full=1
UVM_INFO ../tb/agent/sync_fifo_driver.sv(43) @ 1140000: uvm_test_top.env.agent.driver [SYNC_FIFO_DRV] Drive item: rd_en=0 wr_en=1 wr_data=0xc6
UVM_INFO ../tb/agent/sync_fifo_monitor.sv(102) @ 1145001: uvm_test_top.env.agent.monitor [SYNC_FIFO_MON] Sample item: rd_en=0 rd_data=0x32 empty=0 wr_en=1 wr_data=0xc6 full=1
UVM_INFO ../tb/env/sync_fifo_scoreboard.sv(61) @ 1145001: uvm_test_top.env.scb [FIFO_SCB] Write ignored because model FIFO is full
UVM_INFO ../tb/agent/sync_fifo_driver.sv(43) @ 1150000: uvm_test_top.env.agent.driver [SYNC_FIFO_DRV] Drive item: rd_en=0 wr_en=1 wr_data=0x55
UVM_INFO ../tb/agent/sync_fifo_monitor.sv(102) @ 1155001: uvm_test_top.env.agent.monitor [SYNC_FIFO_MON] Sample item: rd_en=0 rd_data=0x32 empty=0 wr_en=1 wr_data=0x55 full=1
UVM_INFO ../tb/env/sync_fifo_scoreboard.sv(61) @ 1155001: uvm_test_top.env.scb [FIFO_SCB] Write ignored because model FIFO is full
UVM_INFO ../tb/agent/sync_fifo_driver.sv(43) @ 1160000: uvm_test_top.env.agent.driver [SYNC_FIFO_DRV] Drive item: rd_en=0 wr_en=1 wr_data=0xf0
UVM_INFO ../tb/agent/sync_fifo_monitor.sv(102) @ 1165001: uvm_test_top.env.agent.monitor [SYNC_FIFO_MON] Sample item: rd_en=0 rd_data=0x32 empty=0 wr_en=1 wr_data=0xf0 full=1
UVM_INFO ../tb/env/sync_fifo_scoreboard.sv(61) @ 1165001: uvm_test_top.env.scb [FIFO_SCB] Write ignored because model FIFO is full
UVM_INFO ../tb/agent/sync_fifo_driver.sv(43) @ 1170000: uvm_test_top.env.agent.driver [SYNC_FIFO_DRV] Drive item: rd_en=0 wr_en=1 wr_data=0x45
UVM_INFO ../tb/agent/sync_fifo_monitor.sv(102) @ 1175001: uvm_test_top.env.agent.monitor [SYNC_FIFO_MON] Sample item: rd_en=0 rd_data=0x32 empty=0 wr_en=1 wr_data=0x45 full=1
UVM_INFO ../tb/env/sync_fifo_scoreboard.sv(61) @ 1175001: uvm_test_top.env.scb [FIFO_SCB] Write ignored because model FIFO is full
UVM_INFO ../tb/agent/sync_fifo_driver.sv(43) @ 1180000: uvm_test_top.env.agent.driver [SYNC_FIFO_DRV] Drive item: rd_en=0 wr_en=1 wr_data=0xba
UVM_INFO ../tb/agent/sync_fifo_monitor.sv(102) @ 1185001: uvm_test_top.env.agent.monitor [SYNC_FIFO_MON] Sample item: rd_en=0 rd_data=0x32 empty=0 wr_en=1 wr_data=0xba full=1
UVM_INFO ../tb/env/sync_fifo_scoreboard.sv(61) @ 1185001: uvm_test_top.env.scb [FIFO_SCB] Write ignored because model FIFO is full
UVM_INFO ../tb/agent/sync_fifo_driver.sv(43) @ 1190000: uvm_test_top.env.agent.driver [SYNC_FIFO_DRV] Drive item: rd_en=0 wr_en=1 wr_data=0xa7
UVM_INFO ../tb/agent/sync_fifo_monitor.sv(102) @ 1195001: uvm_test_top.env.agent.monitor [SYNC_FIFO_MON] Sample item: rd_en=0 rd_data=0x32 empty=0 wr_en=1 wr_data=0xa7 full=1
UVM_INFO ../tb/env/sync_fifo_scoreboard.sv(61) @ 1195001: uvm_test_top.env.scb [FIFO_SCB] Write ignored because model FIFO is full
UVM_INFO ../tb/agent/sync_fifo_driver.sv(43) @ 1200000: uvm_test_top.env.agent.driver [SYNC_FIFO_DRV] Drive item: rd_en=0 wr_en=1 wr_data=0xf1
UVM_INFO ../tb/agent/sync_fifo_monitor.sv(102) @ 1205001: uvm_test_top.env.agent.monitor [SYNC_FIFO_MON] Sample item: rd_en=0 rd_data=0x32 empty=0 wr_en=1 wr_data=0xf1 full=1
UVM_INFO ../tb/env/sync_fifo_scoreboard.sv(61) @ 1205001: uvm_test_top.env.scb [FIFO_SCB] Write ignored because model FIFO is full
UVM_INFO ../tb/agent/sync_fifo_driver.sv(43) @ 1210000: uvm_test_top.env.agent.driver [SYNC_FIFO_DRV] Drive item: rd_en=0 wr_en=1 wr_data=0x33
UVM_INFO ../tb/agent/sync_fifo_monitor.sv(102) @ 1215001: uvm_test_top.env.agent.monitor [SYNC_FIFO_MON] Sample item: rd_en=0 rd_data=0x32 empty=0 wr_en=1 wr_data=0x33 full=1
UVM_INFO ../tb/env/sync_fifo_scoreboard.sv(61) @ 1215001: uvm_test_top.env.scb [FIFO_SCB] Write ignored because model FIFO is full
UVM_INFO ../tb/agent/sync_fifo_driver.sv(43) @ 1220000: uvm_test_top.env.agent.driver [SYNC_FIFO_DRV] Drive item: rd_en=0 wr_en=0 wr_data=0x0
UVM_INFO ../tb/agent/sync_fifo_monitor.sv(102) @ 1225001: uvm_test_top.env.agent.monitor [SYNC_FIFO_MON] Sample item: rd_en=0 rd_data=0x32 empty=0 wr_en=0 wr_data=0x0 full=1
UVM_INFO ../tb/agent/sync_fifo_driver.sv(43) @ 1230000: uvm_test_top.env.agent.driver [SYNC_FIFO_DRV] Drive item: rd_en=1 wr_en=0 wr_data=0x0
UVM_INFO ../tb/agent/sync_fifo_monitor.sv(102) @ 1235001: uvm_test_top.env.agent.monitor [SYNC_FIFO_MON] Sample item: rd_en=1 rd_data=0xe1 empty=0 wr_en=0 wr_data=0x0 full=0
UVM_INFO ../tb/agent/sync_fifo_driver.sv(43) @ 1240000: uvm_test_top.env.agent.driver [SYNC_FIFO_DRV] Drive item: rd_en=0 wr_en=1 wr_data=0xe3
UVM_INFO ../tb/agent/sync_fifo_monitor.sv(102) @ 1245001: uvm_test_top.env.agent.monitor [SYNC_FIFO_MON] Sample item: rd_en=0 rd_data=0xe1 empty=0 wr_en=1 wr_data=0xe3 full=1
UVM_INFO ../tb/agent/sync_fifo_driver.sv(43) @ 1250000: uvm_test_top.env.agent.driver [SYNC_FIFO_DRV] Drive item: rd_en=1 wr_en=1 wr_data=0x12
UVM_INFO ../tb/agent/sync_fifo_monitor.sv(102) @ 1255001: uvm_test_top.env.agent.monitor [SYNC_FIFO_MON] Sample item: rd_en=1 rd_data=0xe3 empty=0 wr_en=1 wr_data=0x12 full=1
UVM_INFO ../tb/agent/sync_fifo_driver.sv(43) @ 1260000: uvm_test_top.env.agent.driver [SYNC_FIFO_DRV] Drive item: rd_en=1 wr_en=0 wr_data=0x0
UVM_INFO ../tb/agent/sync_fifo_monitor.sv(102) @ 1265001: uvm_test_top.env.agent.monitor [SYNC_FIFO_MON] Sample item: rd_en=1 rd_data=0xed empty=0 wr_en=0 wr_data=0x0 full=0
UVM_INFO ../tb/agent/sync_fifo_driver.sv(43) @ 1270000: uvm_test_top.env.agent.driver [SYNC_FIFO_DRV] Drive item: rd_en=1 wr_en=0 wr_data=0x0
UVM_INFO ../tb/agent/sync_fifo_monitor.sv(102) @ 1275001: uvm_test_top.env.agent.monitor [SYNC_FIFO_MON] Sample item: rd_en=1 rd_data=0x6d empty=0 wr_en=0 wr_data=0x0 full=0
UVM_INFO ../tb/agent/sync_fifo_driver.sv(43) @ 1280000: uvm_test_top.env.agent.driver [SYNC_FIFO_DRV] Drive item: rd_en=1 wr_en=0 wr_data=0x0
UVM_INFO ../tb/agent/sync_fifo_monitor.sv(102) @ 1285001: uvm_test_top.env.agent.monitor [SYNC_FIFO_MON] Sample item: rd_en=1 rd_data=0x99 empty=0 wr_en=0 wr_data=0x0 full=0
UVM_INFO ../tb/agent/sync_fifo_driver.sv(43) @ 1290000: uvm_test_top.env.agent.driver [SYNC_FIFO_DRV] Drive item: rd_en=1 wr_en=0 wr_data=0x0
UVM_INFO ../tb/agent/sync_fifo_monitor.sv(102) @ 1295001: uvm_test_top.env.agent.monitor [SYNC_FIFO_MON] Sample item: rd_en=1 rd_data=0x6d empty=0 wr_en=0 wr_data=0x0 full=0
UVM_INFO ../tb/agent/sync_fifo_driver.sv(43) @ 1300000: uvm_test_top.env.agent.driver [SYNC_FIFO_DRV] Drive item: rd_en=1 wr_en=0 wr_data=0x0
UVM_INFO ../tb/agent/sync_fifo_monitor.sv(102) @ 1305001: uvm_test_top.env.agent.monitor [SYNC_FIFO_MON] Sample item: rd_en=1 rd_data=0x7f empty=0 wr_en=0 wr_data=0x0 full=0
UVM_INFO ../tb/agent/sync_fifo_driver.sv(43) @ 1310000: uvm_test_top.env.agent.driver [SYNC_FIFO_DRV] Drive item: rd_en=1 wr_en=0 wr_data=0x0
UVM_INFO ../tb/agent/sync_fifo_monitor.sv(102) @ 1315001: uvm_test_top.env.agent.monitor [SYNC_FIFO_MON] Sample item: rd_en=1 rd_data=0x70 empty=0 wr_en=0 wr_data=0x0 full=0
UVM_INFO ../tb/agent/sync_fifo_driver.sv(43) @ 1320000: uvm_test_top.env.agent.driver [SYNC_FIFO_DRV] Drive item: rd_en=1 wr_en=0 wr_data=0x0
UVM_INFO ../tb/agent/sync_fifo_monitor.sv(102) @ 1325001: uvm_test_top.env.agent.monitor [SYNC_FIFO_MON] Sample item: rd_en=1 rd_data=0x24 empty=0 wr_en=0 wr_data=0x0 full=0
UVM_INFO ../tb/agent/sync_fifo_driver.sv(43) @ 1330000: uvm_test_top.env.agent.driver [SYNC_FIFO_DRV] Drive item: rd_en=1 wr_en=0 wr_data=0x0
UVM_INFO ../tb/agent/sync_fifo_monitor.sv(102) @ 1335001: uvm_test_top.env.agent.monitor [SYNC_FIFO_MON] Sample item: rd_en=1 rd_data=0xaf empty=0 wr_en=0 wr_data=0x0 full=0
UVM_INFO ../tb/agent/sync_fifo_driver.sv(43) @ 1340000: uvm_test_top.env.agent.driver [SYNC_FIFO_DRV] Drive item: rd_en=1 wr_en=0 wr_data=0x0
UVM_INFO ../tb/agent/sync_fifo_monitor.sv(102) @ 1345001: uvm_test_top.env.agent.monitor [SYNC_FIFO_MON] Sample item: rd_en=1 rd_data=0xf5 empty=0 wr_en=0 wr_data=0x0 full=0
UVM_INFO ../tb/agent/sync_fifo_driver.sv(43) @ 1350000: uvm_test_top.env.agent.driver [SYNC_FIFO_DRV] Drive item: rd_en=1 wr_en=0 wr_data=0x0
UVM_INFO ../tb/agent/sync_fifo_monitor.sv(102) @ 1355001: uvm_test_top.env.agent.monitor [SYNC_FIFO_MON] Sample item: rd_en=1 rd_data=0xce empty=0 wr_en=0 wr_data=0x0 full=0
UVM_INFO ../tb/agent/sync_fifo_driver.sv(43) @ 1360000: uvm_test_top.env.agent.driver [SYNC_FIFO_DRV] Drive item: rd_en=1 wr_en=0 wr_data=0x0
UVM_INFO ../tb/agent/sync_fifo_monitor.sv(102) @ 1365001: uvm_test_top.env.agent.monitor [SYNC_FIFO_MON] Sample item: rd_en=1 rd_data=0x68 empty=0 wr_en=0 wr_data=0x0 full=0
UVM_INFO ../tb/agent/sync_fifo_driver.sv(43) @ 1370000: uvm_test_top.env.agent.driver [SYNC_FIFO_DRV] Drive item: rd_en=1 wr_en=0 wr_data=0x0
UVM_INFO ../tb/agent/sync_fifo_monitor.sv(102) @ 1375001: uvm_test_top.env.agent.monitor [SYNC_FIFO_MON] Sample item: rd_en=1 rd_data=0x71 empty=0 wr_en=0 wr_data=0x0 full=0
UVM_INFO ../tb/agent/sync_fifo_driver.sv(43) @ 1380000: uvm_test_top.env.agent.driver [SYNC_FIFO_DRV] Drive item: rd_en=1 wr_en=0 wr_data=0x0
UVM_INFO ../tb/agent/sync_fifo_monitor.sv(102) @ 1385001: uvm_test_top.env.agent.monitor [SYNC_FIFO_MON] Sample item: rd_en=1 rd_data=0x9c empty=0 wr_en=0 wr_data=0x0 full=0
UVM_INFO ../tb/agent/sync_fifo_driver.sv(43) @ 1390000: uvm_test_top.env.agent.driver [SYNC_FIFO_DRV] Drive item: rd_en=1 wr_en=0 wr_data=0x0
UVM_INFO ../tb/agent/sync_fifo_monitor.sv(102) @ 1395001: uvm_test_top.env.agent.monitor [SYNC_FIFO_MON] Sample item: rd_en=1 rd_data=0x40 empty=0 wr_en=0 wr_data=0x0 full=0
UVM_INFO ../tb/agent/sync_fifo_driver.sv(43) @ 1400000: uvm_test_top.env.agent.driver [SYNC_FIFO_DRV] Drive item: rd_en=1 wr_en=0 wr_data=0x0
UVM_INFO ../tb/agent/sync_fifo_monitor.sv(102) @ 1405001: uvm_test_top.env.agent.monitor [SYNC_FIFO_MON] Sample item: rd_en=1 rd_data=0xe3 empty=0 wr_en=0 wr_data=0x0 full=0
UVM_INFO ../tb/agent/sync_fifo_driver.sv(43) @ 1410000: uvm_test_top.env.agent.driver [SYNC_FIFO_DRV] Drive item: rd_en=1 wr_en=0 wr_data=0x0
UVM_INFO ../tb/agent/sync_fifo_monitor.sv(102) @ 1415001: uvm_test_top.env.agent.monitor [SYNC_FIFO_MON] Sample item: rd_en=1 rd_data=0x12 empty=1 wr_en=0 wr_data=0x0 full=0
UVM_INFO ../tb/agent/sync_fifo_driver.sv(43) @ 1420000: uvm_test_top.env.agent.driver [SYNC_FIFO_DRV] Drive item: rd_en=1 wr_en=0 wr_data=0x0
UVM_INFO ../tb/agent/sync_fifo_monitor.sv(102) @ 1425001: uvm_test_top.env.agent.monitor [SYNC_FIFO_MON] Sample item: rd_en=1 rd_data=0x12 empty=1 wr_en=0 wr_data=0x0 full=0
UVM_INFO ../tb/env/sync_fifo_scoreboard.sv(37) @ 1425001: uvm_test_top.env.scb [FIFO_SCB] Read ignored because model FIFO is empty
UVM_INFO ../tb/agent/sync_fifo_driver.sv(43) @ 1430000: uvm_test_top.env.agent.driver [SYNC_FIFO_DRV] Drive item: rd_en=1 wr_en=1 wr_data=0xd9
UVM_INFO ../tb/agent/sync_fifo_monitor.sv(102) @ 1435001: uvm_test_top.env.agent.monitor [SYNC_FIFO_MON] Sample item: rd_en=1 rd_data=0x12 empty=0 wr_en=1 wr_data=0xd9 full=0
UVM_INFO ../tb/env/sync_fifo_scoreboard.sv(37) @ 1435001: uvm_test_top.env.scb [FIFO_SCB] Read ignored because model FIFO is empty
UVM_INFO ../tb/agent/sync_fifo_monitor.sv(102) @ 1445001: uvm_test_top.env.agent.monitor [SYNC_FIFO_MON] Sample item: rd_en=1 rd_data=0xd9 empty=0 wr_en=1 wr_data=0xd9 full=0
UVM_INFO ../tb/agent/sync_fifo_monitor.sv(102) @ 1455001: uvm_test_top.env.agent.monitor [SYNC_FIFO_MON] Sample item: rd_en=1 rd_data=0xd9 empty=0 wr_en=1 wr_data=0xd9 full=0
UVM_INFO ../tb/agent/sync_fifo_monitor.sv(102) @ 1465001: uvm_test_top.env.agent.monitor [SYNC_FIFO_MON] Sample item: rd_en=1 rd_data=0xd9 empty=0 wr_en=1 wr_data=0xd9 full=0
UVM_INFO /opt/synopsys/vcs/V-2023.12-SP2-1/etc/uvm/base/uvm_objection.svh(1274) @ 1475000: reporter [TEST_DONE] 'run' phase is ready to proceed to the 'extract' phase
UVM_INFO ../tb/agent/sync_fifo_monitor.sv(116) @ 1475000: uvm_test_top.env.agent.monitor [SYNC_FIFO_COV] SYNC_FIFO functional coverage = 100.00%

--- UVM Report Summary ---

** Report counts by severity
UVM_INFO :  298
UVM_WARNING :    0
UVM_ERROR :    0
UVM_FATAL :    0
** Report counts by id
[FIFO_SCB]    14
[RNTST]     1
[SYNC_FIFO_COV]     1
[SYNC_FIFO_DRV]   138
[SYNC_FIFO_MON]   143
[TEST_DONE]     1
$finish called from file "/opt/synopsys/vcs/V-2023.12-SP2-1/etc/uvm/base/uvm_root.svh", line 437.
$finish at simulation time              1475000
           V C S   S i m u l a t i o n   R e p o r t 
Time: 1475000 ps
CPU Time:      0.240 seconds;       Data structure size:   0.5Mb
Sun May 24 01:27:55 2026
